Archive member included because of file (symbol)

c:/program files (x86)/atmel/studio/7.0/toolchain/arm/arm-gnu-toolchain/bin/../lib/gcc/arm-none-eabi/4.9.3/armv7-m\libgcc.a(_arm_addsubdf3.o)
                              src/task_regulate.o (__aeabi_dadd)
c:/program files (x86)/atmel/studio/7.0/toolchain/arm/arm-gnu-toolchain/bin/../lib/gcc/arm-none-eabi/4.9.3/armv7-m\libgcc.a(_arm_muldivdf3.o)
                              src/task_regulate.o (__aeabi_dmul)
c:/program files (x86)/atmel/studio/7.0/toolchain/arm/arm-gnu-toolchain/bin/../lib/gcc/arm-none-eabi/4.9.3/armv7-m\libgcc.a(_arm_truncdfsf2.o)
                              src/task_regulate.o (__aeabi_d2f)
c:/program files (x86)/atmel/studio/7.0/toolchain/arm/arm-gnu-toolchain/bin/../lib/gcc/arm-none-eabi/4.9.3/armv7-m\libgcc.a(_arm_addsubsf3.o)
                              src/task_regulate.o (__aeabi_ui2f)
c:/program files (x86)/atmel/studio/7.0/toolchain/arm/arm-gnu-toolchain/bin/../lib/gcc/arm-none-eabi/4.9.3/armv7-m\libgcc.a(_arm_fixunssfsi.o)
                              src/task_regulate.o (__aeabi_f2uiz)
c:/program files (x86)/atmel/studio/7.0/toolchain/arm/arm-gnu-toolchain/bin/../lib/gcc/arm-none-eabi/4.9.3/../../../../arm-none-eabi/lib/armv7-m\libc.a(lib_a-exit.o)
                              c:/program files (x86)/atmel/studio/7.0/toolchain/arm/arm-gnu-toolchain/bin/../lib/gcc/arm-none-eabi/4.9.3/../../../../arm-none-eabi/lib/armv7-m/crt0.o (exit)
c:/program files (x86)/atmel/studio/7.0/toolchain/arm/arm-gnu-toolchain/bin/../lib/gcc/arm-none-eabi/4.9.3/../../../../arm-none-eabi/lib/armv7-m\libc.a(lib_a-impure.o)
                              c:/program files (x86)/atmel/studio/7.0/toolchain/arm/arm-gnu-toolchain/bin/../lib/gcc/arm-none-eabi/4.9.3/../../../../arm-none-eabi/lib/armv7-m\libc.a(lib_a-exit.o) (_global_impure_ptr)
c:/program files (x86)/atmel/studio/7.0/toolchain/arm/arm-gnu-toolchain/bin/../lib/gcc/arm-none-eabi/4.9.3/../../../../arm-none-eabi/lib/armv7-m\libc.a(lib_a-init.o)
                              c:/program files (x86)/atmel/studio/7.0/toolchain/arm/arm-gnu-toolchain/bin/../lib/gcc/arm-none-eabi/4.9.3/../../../../arm-none-eabi/lib/armv7-m/crt0.o (__libc_init_array)
c:/program files (x86)/atmel/studio/7.0/toolchain/arm/arm-gnu-toolchain/bin/../lib/gcc/arm-none-eabi/4.9.3/../../../../arm-none-eabi/lib/armv7-m\libc.a(lib_a-iprintf.o)
                              src/ASF/sam/drivers/adc/adc.o (iprintf)
c:/program files (x86)/atmel/studio/7.0/toolchain/arm/arm-gnu-toolchain/bin/../lib/gcc/arm-none-eabi/4.9.3/../../../../arm-none-eabi/lib/armv7-m\libc.a(lib_a-memcpy.o)
                              src/ASF/thirdparty/freertos/freertos-7.3.0/source/queue.o (memcpy)
c:/program files (x86)/atmel/studio/7.0/toolchain/arm/arm-gnu-toolchain/bin/../lib/gcc/arm-none-eabi/4.9.3/../../../../arm-none-eabi/lib/armv7-m\libc.a(lib_a-memset.o)
                              c:/program files (x86)/atmel/studio/7.0/toolchain/arm/arm-gnu-toolchain/bin/../lib/gcc/arm-none-eabi/4.9.3/../../../../arm-none-eabi/lib/armv7-m/crt0.o (memset)
c:/program files (x86)/atmel/studio/7.0/toolchain/arm/arm-gnu-toolchain/bin/../lib/gcc/arm-none-eabi/4.9.3/../../../../arm-none-eabi/lib/armv7-m\libc.a(lib_a-puts.o)
                              src/ASF/sam/drivers/adc/adc.o (puts)
c:/program files (x86)/atmel/studio/7.0/toolchain/arm/arm-gnu-toolchain/bin/../lib/gcc/arm-none-eabi/4.9.3/../../../../arm-none-eabi/lib/armv7-m\libc.a(lib_a-sprintf.o)
                              src/ASF/thirdparty/freertos/freertos-7.3.0/source/tasks.o (sprintf)
c:/program files (x86)/atmel/studio/7.0/toolchain/arm/arm-gnu-toolchain/bin/../lib/gcc/arm-none-eabi/4.9.3/../../../../arm-none-eabi/lib/armv7-m\libc.a(lib_a-strcat.o)
                              src/ASF/thirdparty/freertos/freertos-7.3.0/source/tasks.o (strcat)
c:/program files (x86)/atmel/studio/7.0/toolchain/arm/arm-gnu-toolchain/bin/../lib/gcc/arm-none-eabi/4.9.3/../../../../arm-none-eabi/lib/armv7-m\libc.a(lib_a-strcpy.o)
                              c:/program files (x86)/atmel/studio/7.0/toolchain/arm/arm-gnu-toolchain/bin/../lib/gcc/arm-none-eabi/4.9.3/../../../../arm-none-eabi/lib/armv7-m\libc.a(lib_a-strcat.o) (strcpy)
c:/program files (x86)/atmel/studio/7.0/toolchain/arm/arm-gnu-toolchain/bin/../lib/gcc/arm-none-eabi/4.9.3/../../../../arm-none-eabi/lib/armv7-m\libc.a(lib_a-strlen.o)
                              src/ASF/thirdparty/freertos/freertos-7.3.0/source/FreeRTOS_CLI.o (strlen)
c:/program files (x86)/atmel/studio/7.0/toolchain/arm/arm-gnu-toolchain/bin/../lib/gcc/arm-none-eabi/4.9.3/../../../../arm-none-eabi/lib/armv7-m\libc.a(lib_a-strncmp.o)
                              src/ASF/thirdparty/freertos/freertos-7.3.0/source/FreeRTOS_CLI.o (strncmp)
c:/program files (x86)/atmel/studio/7.0/toolchain/arm/arm-gnu-toolchain/bin/../lib/gcc/arm-none-eabi/4.9.3/../../../../arm-none-eabi/lib/armv7-m\libc.a(lib_a-strncpy.o)
[...]
Memory Configuration

Name             Origin             Length             Attributes
rom              0x00080000         0x00080000         xr
sram0            0x20000000         0x00010000         xrw
sram1            0x20080000         0x00008000         xrw
ram              0x20070000         0x00018000         xrw
*default*        0x00000000         0xffffffff

Linker script and memory map

LOAD c:/program files (x86)/atmel/studio/7.0/toolchain/arm/arm-gnu-toolchain/bin/../lib/gcc/arm-none-eabi/4.9.3/armv7-m/crti.o
LOAD c:/program files (x86)/atmel/studio/7.0/toolchain/arm/arm-gnu-toolchain/bin/../lib/gcc/arm-none-eabi/4.9.3/armv7-m/crtbegin.o
LOAD c:/program files (x86)/atmel/studio/7.0/toolchain/arm/arm-gnu-toolchain/bin/../lib/gcc/arm-none-eabi/4.9.3/../../../../arm-none-eabi/lib/armv7-m/crt0.o
LOAD src/adc_func.o
LOAD src/ASF/common/utils/stdio/read.o
LOAD src/ASF/sam/drivers/usart/usart.o
LOAD src/ASF/common/utils/stdio/write.o
LOAD src/ASF/common/services/serial/usart_serial.o
LOAD src/ASF/common/services/delay/sam/cycle_counter.o
LOAD src/ASF/sam/drivers/adc/adc.o
LOAD src/ASF/sam/drivers/dacc/dacc.o
LOAD src/ASF/sam/drivers/tc/tc.o
LOAD src/ASF/sam/drivers/pwm/pwm.o
LOAD src/io_uart.o
LOAD src/main.o
LOAD src/motorshield.o
LOAD src/pwm_func.o
LOAD src/task_com.o
LOAD src/task_regulate.o
LOAD src/ASF/sam/drivers/adc/adc_sam3u.o
LOAD src/ASF/sam/drivers/uart/uart.o
LOAD src/ASF/thirdparty/freertos/freertos-7.3.0/source/FreeRTOS_CLI.o
LOAD src/ASF/thirdparty/freertos/freertos-7.3.0/source/list.o
LOAD src/ASF/thirdparty/freertos/freertos-7.3.0/source/portable/gcc/sam/port.o
LOAD src/ASF/thirdparty/freertos/freertos-7.3.0/source/portable/memmang/heap_4.o
LOAD src/ASF/thirdparty/freertos/freertos-7.3.0/source/queue.o
LOAD src/ASF/thirdparty/freertos/freertos-7.3.0/source/tasks.o
LOAD src/ASF/thirdparty/freertos/freertos-7.3.0/source/timers.o
LOAD src/ASF/common/services/clock/sam3x/sysclk.o
LOAD src/ASF/common/utils/interrupt/interrupt_sam_nvic.o
LOAD src/ASF/sam/boards/arduino_due_x/init.o
LOAD src/ASF/sam/drivers/pio/pio.o
LOAD src/ASF/sam/drivers/pio/pio_handler.o
LOAD src/ASF/sam/drivers/pmc/pmc.o
LOAD src/ASF/sam/drivers/pmc/sleep.o
LOAD src/ASF/sam/utils/cmsis/sam3x/source/templates/exceptions.o
LOAD src/ASF/sam/utils/cmsis/sam3x/source/templates/gcc/startup_sam3x.o
LOAD src/ASF/sam/utils/cmsis/sam3x/source/templates/system_sam3x.o
LOAD src/ASF/sam/utils/syscalls/gcc/syscalls.o
START GROUP
LOAD ../src/ASF/thirdparty/CMSIS/Lib/GCC\libarm_cortexM3l_math.a
LOAD c:/program files (x86)/atmel/studio/7.0/toolchain/arm/arm-gnu-toolchain/bin/../lib/gcc/arm-none-eabi/4.9.3/../../../../arm-none-eabi/lib/armv7-m\libm.a
END GROUP
START GROUP
LOAD c:/program files (x86)/atmel/studio/7.0/toolchain/arm/arm-gnu-toolchain/bin/../lib/gcc/arm-none-eabi/4.9.3/armv7-m\libgcc.a
LOAD c:/program files (x86)/atmel/studio/7.0/toolchain/arm/arm-gnu-toolchain/bin/../lib/gcc/arm-none-eabi/4.9.3/../../../../arm-none-eabi/lib/armv7-m\libc.a
END GROUP
LOAD c:/program files (x86)/atmel/studio/7.0/toolchain/arm/arm-gnu-toolchain/bin/../lib/gcc/arm-none-eabi/4.9.3/armv7-m/crtend.o
LOAD c:/program files (x86)/atmel/studio/7.0/toolchain/arm/arm-gnu-toolchain/bin/../lib/gcc/arm-none-eabi/4.9.3/armv7-m/crtn.o
                0x00002000                __stack_size__ = DEFINED (__stack_size__)?__stack_size__:0x2000
                0x20087ffc                __ram_end__ = ((ORIGIN (ram) + 0x18000) - 0x4)

.text           0x00080000     0x3288
                0x00080000                . = ALIGN (0x4)
                0x00080000                _sfixed = .
 *(.vectors .vectors.*)
 .vectors       0x00080000       0xf4 src/ASF/sam/utils/cmsis/sam3x/source/templates/gcc/startup_sam3x.o
                0x00080000                exception_table
 *(.text .text.* .gnu.linkonce.t.*)
 .text          0x000800f4       0x5c c:/program files (x86)/atmel/studio/7.0/toolchain/arm/arm-gnu-toolchain/bin/../lib/gcc/arm-none-eabi/4.9.3/armv7-m/crtbegin.o
 .text.adc_config
                0x00080150       0x64 src/adc_func.o
                0x00080150                adc_config
 .text.adc_init
                0x000801b4       0x34 src/ASF/sam/drivers/adc/adc.o
                0x000801b4                adc_init
 .text.adc_set_resolution
                0x000801e8       0x10 src/ASF/sam/drivers/adc/adc.o
                0x000801e8                adc_set_resolution
 .text.adc_configure_trigger
                0x000801f8       0x10 src/ASF/sam/drivers/adc/adc.o
                0x000801f8                adc_configure_trigger
 .text.adc_configure_timing
                0x00080208       0x20 src/ASF/sam/drivers/adc/adc.o
                0x00080208                adc_configure_timing
 .text.adc_start
                0x00080228        0x8 src/ASF/sam/drivers/adc/adc.o
                0x00080228                adc_start
 .text.adc_enable_channel
                0x00080230        0x8 src/ASF/sam/drivers/adc/adc.o
                0x00080230                adc_enable_channel
 .text.adc_get_latest_value
                0x00080238        0x4 src/ASF/sam/drivers/adc/adc.o
                0x00080238                adc_get_latest_value
 .text.adc_get_status
                0x0008023c        0x4 src/ASF/sam/drivers/adc/adc.o
                0x0008023c                adc_get_status
 .text.pwm_clocks_generate
                0x00080240       0x54 src/ASF/sam/drivers/pwm/pwm.o
 .text.pwm_init
                0x00080294       0x4c src/ASF/sam/drivers/pwm/pwm.o
                0x00080294                pwm_init
 .text.pwm_channel_init
                0x000802e0      0x108 src/ASF/sam/drivers/pwm/pwm.o
                0x000802e0                pwm_channel_init
 .text.pwm_channel_update_duty
                0x000803e8       0x24 src/ASF/sam/drivers/pwm/pwm.o
                0x000803e8                pwm_channel_update_duty
 .text.pwm_channel_enable
                0x0008040c        0x8 src/ASF/sam/drivers/pwm/pwm.o
                0x0008040c                pwm_channel_enable
 .text.uart_config
                0x00080414       0x3c src/io_uart.o
                0x00080414                uart_config
 .text.uart_transmitter_ready
                0x00080450       0x10 src/io_uart.o
                0x00080450                uart_transmitter_ready
 .text.uart_receiver_ready
                0x00080460       0x10 src/io_uart.o
                0x00080460                uart_receiver_ready
 .text.uart_send_char
                0x00080470        0xc src/io_uart.o
                0x00080470                uart_send_char
 .text.uart_receive_char
                0x0008047c        0xc src/io_uart.o
                0x0008047c                uart_receive_char
 .text.main     0x00080488       0xa0 src/main.o
                0x00080488                main
 .text.motorshield_init
                0x00080528       0x30 src/motorshield.o
                0x00080528                motorshield_init
 .text.pwm_set_duty_cycle
                0x00080558       0x1c src/pwm_func.o
                0x00080558                pwm_set_duty_cycle
 .text.pwm_config
                0x00080574       0x88 src/pwm_func.o
                0x00080574                pwm_config
 .text.task_com
                0x000805fc       0xa8 src/task_com.o
                0x000805fc                task_com
 .text.task_regulate
                0x000806a4       0xdc src/task_regulate.o
                0x000806a4                task_regulate
 .text.vListInitialise
                0x00080780       0x18 src/ASF/thirdparty/freertos/freertos-7.3.0/source/list.o
                0x00080780                vListInitialise
 .text.vListInitialiseItem
                0x00080798        0x8 src/ASF/thirdparty/freertos/freertos-7.3.0/source/list.o
                0x00080798                vListInitialiseItem
 .text.vListInsertEnd
                0x000807a0       0x1c src/ASF/thirdparty/freertos/freertos-7.3.0/source/list.o
                0x000807a0                vListInsertEnd
 .text.vListInsert
                0x000807bc       0x44 src/ASF/thirdparty/freertos/freertos-7.3.0/source/list.o
                0x000807bc                vListInsert
 .text.uxListRemove
                0x00080800       0x28 src/ASF/thirdparty/freertos/freertos-7.3.0/source/list.o
                0x00080800                uxListRemove
 .text.prvPortStartFirstTask
                0x00080828       0x14 src/ASF/thirdparty/freertos/freertos-7.3.0/source/portable/gcc/sam/port.o
 .text.pxPortInitialiseStack
                0x0008083c       0x1c src/ASF/thirdparty/freertos/freertos-7.3.0/source/portable/gcc/sam/port.o
                0x0008083c                pxPortInitialiseStack
 .text.SVC_Handler
                0x00080858       0x20 src/ASF/thirdparty/freertos/freertos-7.3.0/source/portable/gcc/sam/port.o
                0x00080858                SVC_Handler
 .text.vPortYieldFromISR
                0x00080878       0x10 src/ASF/thirdparty/freertos/freertos-7.3.0/source/portable/gcc/sam/port.o
                0x00080878                vPortYieldFromISR
 .text.ulPortSetInterruptMask
                0x00080888       0x10 src/ASF/thirdparty/freertos/freertos-7.3.0/source/portable/gcc/sam/port.o
                0x00080888                ulPortSetInterruptMask
 .text.vPortEnterCritical
                0x00080898       0x18 src/ASF/thirdparty/freertos/freertos-7.3.0/source/portable/gcc/sam/port.o
                0x00080898                vPortEnterCritical
 .text.vPortClearInterruptMask
                0x000808b0        0x8 src/ASF/thirdparty/freertos/freertos-7.3.0/source/portable/gcc/sam/port.o
                0x000808b0                vPortClearInterruptMask
 .text.vPortExitCritical
                0x000808b8       0x1c src/ASF/thirdparty/freertos/freertos-7.3.0/source/portable/gcc/sam/port.o
                0x000808b8                vPortExitCritical
 .text.PendSV_Handler
                0x000808d4       0x3c src/ASF/thirdparty/freertos/freertos-7.3.0/source/portable/gcc/sam/port.o
                0x000808d4                PendSV_Handler
 .text.SysTick_Handler
                0x00080910       0x2c src/ASF/thirdparty/freertos/freertos-7.3.0/source/portable/gcc/sam/port.o
                0x00080910                SysTick_Handler
 .text.vPortSetupTimerInterrupt
                0x0008093c       0x18 src/ASF/thirdparty/freertos/freertos-7.3.0/source/portable/gcc/sam/port.o
                0x0008093c                vPortSetupTimerInterrupt
 .text.xPortStartScheduler
                0x00080954       0x38 src/ASF/thirdparty/freertos/freertos-7.3.0/source/portable/gcc/sam/port.o
                0x00080954                xPortStartScheduler
 .text.prvInsertBlockIntoFreeList
                0x0008098c       0x58 src/ASF/thirdparty/freertos/freertos-7.3.0/source/portable/memmang/heap_4.o
 .text.pvPortMalloc
                0x000809e4       0xc8 src/ASF/thirdparty/freertos/freertos-7.3.0/source/portable/memmang/heap_4.o
                0x000809e4                pvPortMalloc
 .text.vPortFree
                0x00080aac       0x38 src/ASF/thirdparty/freertos/freertos-7.3.0/source/portable/memmang/heap_4.o
                0x00080aac                vPortFree
 .text.prvCopyDataToQueue
                0x00080ae4       0x64 src/ASF/thirdparty/freertos/freertos-7.3.0/source/queue.o
 .text.prvCopyDataFromQueue
                0x00080b48       0x28 src/ASF/thirdparty/freertos/freertos-7.3.0/source/queue.o
 .text.prvUnlockQueue
                0x00080b70       0x90 src/ASF/thirdparty/freertos/freertos-7.3.0/source/queue.o
 .text.xQueueGenericReset
                0x00080c00       0x7c src/ASF/thirdparty/freertos/freertos-7.3.0/source/queue.o
                0x00080c00                xQueueGenericReset
 .text.xQueueGenericCreate
                0x00080c7c       0x58 src/ASF/thirdparty/freertos/freertos-7.3.0/source/queue.o
                0x00080c7c                xQueueGenericCreate
 .text.xQueueGenericSend
                0x00080cd4      0x128 src/ASF/thirdparty/freertos/freertos-7.3.0/source/queue.o
                0x00080cd4                xQueueGenericSend
 .text.xQueueGenericSendFromISR
                0x00080dfc       0x90 src/ASF/thirdparty/freertos/freertos-7.3.0/source/queue.o
                0x00080dfc                xQueueGenericSendFromISR
 .text.xQueueGenericReceive
                0x00080e8c      0x164 src/ASF/thirdparty/freertos/freertos-7.3.0/source/queue.o
                0x00080e8c                xQueueGenericReceive
 .text.vQueueWaitForMessageRestricted
                0x00080ff0       0x4c src/ASF/thirdparty/freertos/freertos-7.3.0/source/queue.o
                0x00080ff0                vQueueWaitForMessageRestricted
 .text.prvAddCurrentTaskToDelayedList
                0x0008103c       0x5c src/ASF/thirdparty/freertos/freertos-7.3.0/source/tasks.o
 .text.xTaskGenericCreate
                0x00081098      0x204 src/ASF/thirdparty/freertos/freertos-7.3.0/source/tasks.o
                0x00081098                xTaskGenericCreate
 .text.vTaskStartScheduler
                0x0008129c       0x6c src/ASF/thirdparty/freertos/freertos-7.3.0/source/tasks.o
                0x0008129c                vTaskStartScheduler
 .text.vTaskSuspendAll
                0x00081308       0x10 src/ASF/thirdparty/freertos/freertos-7.3.0/source/tasks.o
                0x00081308                vTaskSuspendAll
 .text.xTaskGetTickCount
                0x00081318       0x20 src/ASF/thirdparty/freertos/freertos-7.3.0/source/tasks.o
                0x00081318                xTaskGetTickCount
 .text.vTaskIncrementTick
                0x00081338      0x12c src/ASF/thirdparty/freertos/freertos-7.3.0/source/tasks.o
                0x00081338                vTaskIncrementTick
 .text.xTaskResumeAll
                0x00081464      0x104 src/ASF/thirdparty/freertos/freertos-7.3.0/source/tasks.o
                0x00081464                xTaskResumeAll
 .text.vTaskDelayUntil
                0x00081568       0x98 src/ASF/thirdparty/freertos/freertos-7.3.0/source/tasks.o
                0x00081568                vTaskDelayUntil
 .text.prvIdleTask
                0x00081600       0x84 src/ASF/thirdparty/freertos/freertos-7.3.0/source/tasks.o
 .text.vTaskSwitchContext
                0x00081684       0xa4 src/ASF/thirdparty/freertos/freertos-7.3.0/source/tasks.o
                0x00081684                vTaskSwitchContext
 .text.vTaskPlaceOnEventList
                0x00081728       0x64 src/ASF/thirdparty/freertos/freertos-7.3.0/source/tasks.o
                0x00081728                vTaskPlaceOnEventList
 .text.vTaskPlaceOnEventListRestricted
                0x0008178c       0x48 src/ASF/thirdparty/freertos/freertos-7.3.0/source/tasks.o
                0x0008178c                vTaskPlaceOnEventListRestricted
 .text.xTaskRemoveFromEventList
                0x000817d4       0x84 src/ASF/thirdparty/freertos/freertos-7.3.0/source/tasks.o
                0x000817d4                xTaskRemoveFromEventList
 .text.vTaskSetTimeOutState
                0x00081858       0x28 src/ASF/thirdparty/freertos/freertos-7.3.0/source/tasks.o
                0x00081858                vTaskSetTimeOutState
 .text.xTaskCheckForTimeOut
                0x00081880       0x8c src/ASF/thirdparty/freertos/freertos-7.3.0/source/tasks.o
                0x00081880                xTaskCheckForTimeOut
 .text.vTaskMissedYield
                0x0008190c        0xc src/ASF/thirdparty/freertos/freertos-7.3.0/source/tasks.o
                0x0008190c                vTaskMissedYield
 .text.xTaskGetCurrentTaskHandle
                0x00081918        0xc src/ASF/thirdparty/freertos/freertos-7.3.0/source/tasks.o
                0x00081918                xTaskGetCurrentTaskHandle
 .text.xTaskGetSchedulerState
                0x00081924       0x20 src/ASF/thirdparty/freertos/freertos-7.3.0/source/tasks.o
                0x00081924                xTaskGetSchedulerState
 .text.vTaskPriorityInherit
                0x00081944       0x80 src/ASF/thirdparty/freertos/freertos-7.3.0/source/tasks.o
                0x00081944                vTaskPriorityInherit
 .text.vTaskPriorityDisinherit
                0x000819c4       0x50 src/ASF/thirdparty/freertos/freertos-7.3.0/source/tasks.o
                0x000819c4                vTaskPriorityDisinherit
 .text.prvInsertTimerInActiveList
                0x00081a14       0x50 src/ASF/thirdparty/freertos/freertos-7.3.0/source/timers.o
 .text.prvCheckForValidListAndQueue
                0x00081a64       0x5c src/ASF/thirdparty/freertos/freertos-7.3.0/source/timers.o
 .text.xTimerCreateTimerTask
                0x00081ac0       0x4c src/ASF/thirdparty/freertos/freertos-7.3.0/source/timers.o
                0x00081ac0                xTimerCreateTimerTask
 .text.xTimerGenericCommand
                0x00081b0c       0x58 src/ASF/thirdparty/freertos/freertos-7.3.0/source/timers.o
                0x00081b0c                xTimerGenericCommand
 .text.prvSampleTimeNow
                0x00081b64       0xb8 src/ASF/thirdparty/freertos/freertos-7.3.0/source/timers.o
 .text.prvTimerTask
                0x00081c1c      0x180 src/ASF/thirdparty/freertos/freertos-7.3.0/source/timers.o
 .text.sysclk_init
                0x00081d9c       0x64 src/ASF/common/services/clock/sam3x/sysclk.o
                0x00081d9c                sysclk_init
 .text.board_init
                0x00081e00       0x70 src/ASF/sam/boards/arduino_due_x/init.o
                0x00081e00                board_init
 .text.pio_set_peripheral
                0x00081e70       0x40 src/ASF/sam/drivers/pio/pio.o
                0x00081e70                pio_set_peripheral
 .text.pio_set_input
                0x00081eb0       0x34 src/ASF/sam/drivers/pio/pio.o
                0x00081eb0                pio_set_input
 .text.pio_set_output
                0x00081ee4       0x28 src/ASF/sam/drivers/pio/pio.o
                0x00081ee4                pio_set_output
 .text.pio_get_interrupt_status
                0x00081f0c        0x4 src/ASF/sam/drivers/pio/pio.o
                0x00081f0c                pio_get_interrupt_status
 .text.pio_get_interrupt_mask
                0x00081f10        0x4 src/ASF/sam/drivers/pio/pio.o
                0x00081f10                pio_get_interrupt_mask
 .text.pio_configure_pin
                0x00081f14       0xd4 src/ASF/sam/drivers/pio/pio.o
                0x00081f14                pio_configure_pin
 .text.pio_configure_pin_group
                0x00081fe8       0xa0 src/ASF/sam/drivers/pio/pio.o
                0x00081fe8                pio_configure_pin_group
 .text.pio_handler_process
                0x00082088       0x50 src/ASF/sam/drivers/pio/pio_handler.o
                0x00082088                pio_handler_process
 .text.PIOA_Handler
                0x000820d8       0x14 src/ASF/sam/drivers/pio/pio_handler.o
                0x000820d8                PIOA_Handler
 .text.PIOB_Handler
                0x000820ec       0x14 src/ASF/sam/drivers/pio/pio_handler.o
                0x000820ec                PIOB_Handler
 .text.PIOC_Handler
                0x00082100       0x14 src/ASF/sam/drivers/pio/pio_handler.o
                0x00082100                PIOC_Handler
 .text.PIOD_Handler
                0x00082114       0x14 src/ASF/sam/drivers/pio/pio_handler.o
                0x00082114                PIOD_Handler
 .text.pmc_switch_mck_to_pllack
                0x00082128       0x68 src/ASF/sam/drivers/pmc/pmc.o
                0x00082128                pmc_switch_mck_to_pllack
 .text.pmc_switch_mainck_to_xtal
                0x00082190       0x54 src/ASF/sam/drivers/pmc/pmc.o
                0x00082190                pmc_switch_mainck_to_xtal
 .text.pmc_osc_is_ready_mainck
                0x000821e4       0x10 src/ASF/sam/drivers/pmc/pmc.o
                0x000821e4                pmc_osc_is_ready_mainck
 .text.pmc_disable_pllack
                0x000821f4       0x10 src/ASF/sam/drivers/pmc/pmc.o
                0x000821f4                pmc_disable_pllack
 .text.pmc_is_locked_pllack
                0x00082204       0x10 src/ASF/sam/drivers/pmc/pmc.o
                0x00082204                pmc_is_locked_pllack
 .text.pmc_enable_periph_clk
                0x00082214       0x54 src/ASF/sam/drivers/pmc/pmc.o
                0x00082214                pmc_enable_periph_clk
 .text.Dummy_Handler
                0x00082268        0x4 src/ASF/sam/utils/cmsis/sam3x/source/templates/exceptions.o
                0x00082268                DACC_Handler
                0x00082268                DebugMon_Handler
                0x00082268                DMAC_Handler
                0x00082268                TRNG_Handler
                0x00082268                HardFault_Handler
                0x00082268                TC2_Handler
                0x00082268                USART3_Handler
                0x00082268                TWI1_Handler
                0x00082268                NMI_Handler
                0x00082268                TC7_Handler
                0x00082268                ADC_Handler
                0x00082268                SMC_Handler
                0x00082268                USART0_Handler
                0x00082268                RTT_Handler
                0x00082268                EFC1_Handler
                0x00082268                RTC_Handler
                0x00082268                UsageFault_Handler
                0x00082268                TC6_Handler
                0x00082268                WDT_Handler
                0x00082268                CAN0_Handler
                0x00082268                TC4_Handler
                0x00082268                TC1_Handler
                0x00082268                HSMCI_Handler
                0x00082268                TC3_Handler
                0x00082268                Dummy_Handler
                0x00082268                TWI0_Handler
                0x00082268                USART1_Handler
                0x00082268                SSC_Handler
                0x00082268                EFC0_Handler
                0x00082268                PMC_Handler
                0x00082268                PWM_Handler
                0x00082268                CAN1_Handler
                0x00082268                MemManage_Handler
                0x00082268                SUPC_Handler
                0x00082268                TC8_Handler
                0x00082268                USART2_Handler
                0x00082268                EMAC_Handler
                0x00082268                UART_Handler
                0x00082268                BusFault_Handler
                0x00082268                RSTC_Handler
                0x00082268                TC0_Handler
                0x00082268                TC5_Handler
                0x00082268                UOTGHS_Handler
                0x00082268                SPI0_Handler
 .text.Reset_Handler
                0x0008226c       0xb0 src/ASF/sam/utils/cmsis/sam3x/source/templates/gcc/startup_sam3x.o
                0x0008226c                Reset_Handler
 .text.SystemCoreClockUpdate
                0x0008231c      0x11c src/ASF/sam/utils/cmsis/sam3x/source/templates/system_sam3x.o
                0x0008231c                SystemCoreClockUpdate
 .text          0x00082438      0x370 c:/program files (x86)/atmel/studio/7.0/toolchain/arm/arm-gnu-toolchain/bin/../lib/gcc/arm-none-eabi/4.9.3/armv7-m\libgcc.a(_arm_addsubdf3.o)
                0x00082438                __aeabi_drsub
                0x00082440                __aeabi_dsub
                0x00082440                __subdf3
                0x00082444                __aeabi_dadd
                0x00082444                __adddf3
                0x000826bc                __floatunsidf
                0x000826bc                __aeabi_ui2d
                0x000826dc                __floatsidf
                0x000826dc                __aeabi_i2d
                0x00082700                __aeabi_f2d
                0x00082700                __extendsfdf2
                0x0008273c                __floatundidf
                0x0008273c                __aeabi_ul2d
                0x0008274c                __floatdidf
                0x0008274c                __aeabi_l2d
 .text          0x000827a8      0x424 c:/program files (x86)/atmel/studio/7.0/toolchain/arm/arm-gnu-toolchain/bin/../lib/gcc/arm-none-eabi/4.9.3/armv7-m\libgcc.a(_arm_muldivdf3.o)
                0x000827a8                __aeabi_dmul
                0x000827a8                __muldf3
                0x000829fc                __divdf3
                0x000829fc                __aeabi_ddiv
 .text          0x00082bcc       0xa0 c:/program files (x86)/atmel/studio/7.0/toolchain/arm/arm-gnu-toolchain/bin/../lib/gcc/arm-none-eabi/4.9.3/armv7-m\libgcc.a(_arm_truncdfsf2.o)
                0x00082bcc                __truncdfsf2
                0x00082bcc                __aeabi_d2f
 .text          0x00082c6c      0x21c c:/program files (x86)/atmel/studio/7.0/toolchain/arm/arm-gnu-toolchain/bin/../lib/gcc/arm-none-eabi/4.9.3/armv7-m\libgcc.a(_arm_addsubsf3.o)
                0x00082c6c                __aeabi_frsub
                0x00082c74                __subsf3
                0x00082c74                __aeabi_fsub
                0x00082c78                __aeabi_fadd
                0x00082c78                __addsf3
                0x00082dd8                __aeabi_ui2f
                0x00082dd8                __floatunsisf
                0x00082de0                __aeabi_i2f
                0x00082de0                __floatsisf
                0x00082dfc                __aeabi_ul2f
                0x00082dfc                __floatundisf
                0x00082e0c                __aeabi_l2f
                0x00082e0c                __floatdisf
 .text          0x00082e88       0x40 c:/program files (x86)/atmel/studio/7.0/toolchain/arm/arm-gnu-toolchain/bin/../lib/gcc/arm-none-eabi/4.9.3/armv7-m\libgcc.a(_arm_fixunssfsi.o)
                0x00082e88                __fixunssfsi
                0x00082e88                __aeabi_f2uiz
 .text.__libc_init_array
                0x00082ec8       0x50 c:/program files (x86)/atmel/studio/7.0/toolchain/arm/arm-gnu-toolchain/bin/../lib/gcc/arm-none-eabi/4.9.3/../../../../arm-none-eabi/lib/armv7-m\libc.a(lib_a-init.o)
                0x00082ec8                __libc_init_array
 .text          0x00082f18       0xec c:/program files (x86)/atmel/studio/7.0/toolchain/arm/arm-gnu-toolchain/bin/../lib/gcc/arm-none-eabi/4.9.3/../../../../arm-none-eabi/lib/armv7-m\libc.a(lib_a-memcpy.o)
                0x00082f18                memcpy
 .text.memset   0x00083004       0x9c c:/program files (x86)/atmel/studio/7.0/toolchain/arm/arm-gnu-toolchain/bin/../lib/gcc/arm-none-eabi/4.9.3/../../../../arm-none-eabi/lib/armv7-m\libc.a(lib_a-memset.o)
                0x00083004                memset
 .text.strncpy  0x000830a0       0x68 c:/program files (x86)/atmel/studio/7.0/toolchain/arm/arm-gnu-toolchain/bin/../lib/gcc/arm-none-eabi/4.9.3/../../../../arm-none-eabi/lib/armv7-m\libc.a(lib_a-strncpy.o)
                0x000830a0                strncpy
 .text.startup.register_fini
                0x00083108       0x14 c:/program files (x86)/atmel/studio/7.0/toolchain/arm/arm-gnu-toolchain/bin/../lib/gcc/arm-none-eabi/4.9.3/../../../../arm-none-eabi/lib/armv7-m\libc.a(lib_a-__call_atexit.o)
 .text.atexit   0x0008311c        0xc c:/program files (x86)/atmel/studio/7.0/toolchain/arm/arm-gnu-toolchain/bin/../lib/gcc/arm-none-eabi/4.9.3/../../../../arm-none-eabi/lib/armv7-m\libc.a(lib_a-atexit.o)
                0x0008311c                atexit
 .text.__libc_fini_array
                0x00083128       0x2c c:/program files (x86)/atmel/studio/7.0/toolchain/arm/arm-gnu-toolchain/bin/../lib/gcc/arm-none-eabi/4.9.3/../../../../arm-none-eabi/lib/armv7-m\libc.a(lib_a-fini.o)
                0x00083128                __libc_fini_array
 .text.__register_exitproc
                0x00083154       0xa4 c:/program files (x86)/atmel/studio/7.0/toolchain/arm/arm-gnu-toolchain/bin/../lib/gcc/arm-none-eabi/4.9.3/../../../../arm-none-eabi/lib/armv7-m\libc.a(lib_a-__atexit.o)
                0x00083154                __register_exitproc
 *(.glue_7t)
 .glue_7t       0x00000000        0x0 linker stubs
 *(.glue_7)
 .glue_7        0x00000000        0x0 linker stubs
 *(.rodata .rodata* .gnu.linkonce.r.*)
 .rodata        0x000831f8       0x2c src/ASF/sam/drivers/pwm/pwm.o
 .rodata.str1.4
                0x00083224        0xd src/main.o
 *fill*         0x00083231        0x3 
 .rodata.str1.4
                0x00083234       0x1f src/ASF/thirdparty/freertos/freertos-7.3.0/source/tasks.o
 *fill*         0x00083253        0x1 
 .rodata.str1.4
                0x00083254        0x8 src/ASF/thirdparty/freertos/freertos-7.3.0/source/timers.o
 .rodata.str1.4
                0x0008325c        0x4 c:/program files (x86)/atmel/studio/7.0/toolchain/arm/arm-gnu-toolchain/bin/../lib/gcc/arm-none-eabi/4.9.3/../../../../arm-none-eabi/lib/armv7-m\libc.a(lib_a-impure.o)
                                  0x2 (size before relaxing)
 .rodata._global_impure_ptr
                0x00083260        0x4 c:/program files (x86)/atmel/studio/7.0/toolchain/arm/arm-gnu-toolchain/bin/../lib/gcc/arm-none-eabi/4.9.3/../../../../arm-none-eabi/lib/armv7-m\libc.a(lib_a-impure.o)
                0x00083260                _global_impure_ptr
 *(.ARM.extab* .gnu.linkonce.armextab.*)
                0x00083264                . = ALIGN (0x4)
 *(.init)
 .init          0x00083264        0x4 c:/program files (x86)/atmel/studio/7.0/toolchain/arm/arm-gnu-toolchain/bin/../lib/gcc/arm-none-eabi/4.9.3/armv7-m/crti.o
                0x00083264                _init
 .init          0x00083268        0x8 c:/program files (x86)/atmel/studio/7.0/toolchain/arm/arm-gnu-toolchain/bin/../lib/gcc/arm-none-eabi/4.9.3/armv7-m/crtn.o
                0x00083270                . = ALIGN (0x4)
                0x00083270                __preinit_array_start = .
 *(.preinit_array)
                0x00083270                __preinit_array_end = .
                0x00083270                . = ALIGN (0x4)
                0x00083270                __init_array_start = .
 *(SORT(.init_array.*))
 .init_array.00000
                0x00083270        0x4 c:/program files (x86)/atmel/studio/7.0/toolchain/arm/arm-gnu-toolchain/bin/../lib/gcc/arm-none-eabi/4.9.3/../../../../arm-none-eabi/lib/armv7-m\libc.a(lib_a-__call_atexit.o)
 *(.init_array)
 .init_array    0x00083274        0x4 c:/program files (x86)/atmel/studio/7.0/toolchain/arm/arm-gnu-toolchain/bin/../lib/gcc/arm-none-eabi/4.9.3/armv7-m/crtbegin.o
                0x00083278                __init_array_end = .
                0x00083278                . = ALIGN (0x4)
 *crtbegin.o(.ctors)
 *(EXCLUDE_FILE(*crtend.o) .ctors)
 *(SORT(.ctors.*))
 *crtend.o(.ctors)
                0x00083278                . = ALIGN (0x4)
 *(.fini)
 .fini          0x00083278        0x4 c:/program files (x86)/atmel/studio/7.0/toolchain/arm/arm-gnu-toolchain/bin/../lib/gcc/arm-none-eabi/4.9.3/armv7-m/crti.o
                0x00083278                _fini
 .fini          0x0008327c        0x8 c:/program files (x86)/atmel/studio/7.0/toolchain/arm/arm-gnu-toolchain/bin/../lib/gcc/arm-none-eabi/4.9.3/armv7-m/crtn.o
                0x00083284                . = ALIGN (0x4)
                0x00083284                __fini_array_start = .
 *(.fini_array)
 .fini_array    0x00083284        0x4 c:/program files (x86)/atmel/studio/7.0/toolchain/arm/arm-gnu-toolchain/bin/../lib/gcc/arm-none-eabi/4.9.3/armv7-m/crtbegin.o
 *(SORT(.fini_array.*))
                0x00083288                __fini_array_end = .
 *crtbegin.o(.dtors)
 *(EXCLUDE_FILE(*crtend.o) .dtors)
 *(SORT(.dtors.*))
 *crtend.o(.dtors)
                0x00083288                . = ALIGN (0x4)
                0x00083288                _efixed = .
                0x00083288                PROVIDE (__exidx_start, .)

.vfp11_veneer   0x00083288        0x0
 .vfp11_veneer  0x00000000        0x0 linker stubs

.v4_bx          0x00083288        0x0
 .v4_bx         0x00000000        0x0 linker stubs

.iplt           0x00083288        0x0
 .iplt          0x00000000        0x0 c:/program files (x86)/atmel/studio/7.0/toolchain/arm/arm-gnu-toolchain/bin/../lib/gcc/arm-none-eabi/4.9.3/armv7-m/crtbegin.o

.eh_frame       0x00083288        0x0
 .eh_frame      0x00083288        0x0 c:/program files (x86)/atmel/studio/7.0/toolchain/arm/arm-gnu-toolchain/bin/../lib/gcc/arm-none-eabi/4.9.3/armv7-m/crtbegin.o

.rel.dyn        0x00083288        0x0
 .rel.iplt      0x00000000        0x0 c:/program files (x86)/atmel/studio/7.0/toolchain/arm/arm-gnu-toolchain/bin/../lib/gcc/arm-none-eabi/4.9.3/armv7-m/crtbegin.o

.jcr            0x00083288        0x0
 .jcr           0x00083288        0x0 c:/program files (x86)/atmel/studio/7.0/toolchain/arm/arm-gnu-toolchain/bin/../lib/gcc/arm-none-eabi/4.9.3/armv7-m/crtbegin.o

.igot.plt       0x00083288        0x0
 .igot.plt      0x00000000        0x0 c:/program files (x86)/atmel/studio/7.0/toolchain/arm/arm-gnu-toolchain/bin/../lib/gcc/arm-none-eabi/4.9.3/armv7-m/crtbegin.o

.ARM.exidx
 *(.ARM.exidx* .gnu.linkonce.armexidx.*)
                0x00083288                PROVIDE (__exidx_end, .)
                0x00083288                . = ALIGN (0x4)
                0x00083288                _etext = .

.relocate       0x20070000      0x568 load address 0x00083288
                0x20070000                . = ALIGN (0x4)
                0x20070000                _srelocate = .
 *(.ramfunc .ramfunc.*)
 .ramfunc       0x20070000      0x12c src/ASF/sam/utils/cmsis/sam3x/source/templates/system_sam3x.o
                0x20070000                SystemInit
                0x200700a4                system_init_flash
 *(.data .data.*)
 .data.p_str.8973
                0x2007012c        0x4 src/task_com.o
 .data.uxCriticalNesting
                0x20070130        0x4 src/ASF/thirdparty/freertos/freertos-7.3.0/source/portable/gcc/sam/port.o
 .data.xFreeBytesRemaining
                0x20070134        0x4 src/ASF/thirdparty/freertos/freertos-7.3.0/source/portable/memmang/heap_4.o
 .data.xNextTaskUnblockTime
                0x20070138        0x2 src/ASF/thirdparty/freertos/freertos-7.3.0/source/tasks.o
 *fill*         0x2007013a        0x2 
 .data.SystemCoreClock
                0x2007013c        0x4 src/ASF/sam/utils/cmsis/sam3x/source/templates/system_sam3x.o
                0x2007013c                SystemCoreClock
 .data.impure_data
                0x20070140      0x428 c:/program files (x86)/atmel/studio/7.0/toolchain/arm/arm-gnu-toolchain/bin/../lib/gcc/arm-none-eabi/4.9.3/../../../../arm-none-eabi/lib/armv7-m\libc.a(lib_a-impure.o)
                0x20070568                . = ALIGN (0x4)
                0x20070568                _erelocate = .

.bss            0x20070568     0x8288 load address 0x000837f0
                0x20070568                . = ALIGN (0x4)
                0x20070568                _sbss = .
                0x20070568                _szero = .
 *(.bss .bss.*)
 .bss           0x20070568       0x1c c:/program files (x86)/atmel/studio/7.0/toolchain/arm/arm-gnu-toolchain/bin/../lib/gcc/arm-none-eabi/4.9.3/armv7-m/crtbegin.o
 .bss.pwm_instance
                0x20070584       0x28 src/pwm_func.o
 .bss.str.8972  0x200705ac       0x14 src/task_com.o
 .bss.flag1.8971
                0x200705c0        0x4 src/task_com.o
 .bss.xbuff.8975
                0x200705c4       0x10 src/task_regulate.o
 *fill*         0x200705d4        0x4 
 .bss.xHeap     0x200705d8     0x8000 src/ASF/thirdparty/freertos/freertos-7.3.0/source/portable/memmang/heap_4.o
 .bss.pxEnd     0x200785d8        0x4 src/ASF/thirdparty/freertos/freertos-7.3.0/source/portable/memmang/heap_4.o
 .bss.xStart    0x200785dc        0x8 src/ASF/thirdparty/freertos/freertos-7.3.0/source/portable/memmang/heap_4.o
 .bss.uxMissedTicks
                0x200785e4        0x4 src/ASF/thirdparty/freertos/freertos-7.3.0/source/tasks.o
 .bss.xSuspendedTaskList
                0x200785e8       0x14 src/ASF/thirdparty/freertos/freertos-7.3.0/source/tasks.o
 .bss.pxDelayedTaskList
                0x200785fc        0x4 src/ASF/thirdparty/freertos/freertos-7.3.0/source/tasks.o
 .bss.xSchedulerRunning
                0x20078600        0x4 src/ASF/thirdparty/freertos/freertos-7.3.0/source/tasks.o
 .bss.uxTasksDeleted
                0x20078604        0x4 src/ASF/thirdparty/freertos/freertos-7.3.0/source/tasks.o
 .bss.xDelayedTaskList1
                0x20078608       0x14 src/ASF/thirdparty/freertos/freertos-7.3.0/source/tasks.o
 .bss.xDelayedTaskList2
                0x2007861c       0x14 src/ASF/thirdparty/freertos/freertos-7.3.0/source/tasks.o
 .bss.uxTopReadyPriority
                0x20078630        0x4 src/ASF/thirdparty/freertos/freertos-7.3.0/source/tasks.o
 .bss.pxReadyTasksLists
                0x20078634       0xc8 src/ASF/thirdparty/freertos/freertos-7.3.0/source/tasks.o
 .bss.xTasksWaitingTermination
                0x200786fc       0x14 src/ASF/thirdparty/freertos/freertos-7.3.0/source/tasks.o
 .bss.xNumOfOverflows
                0x20078710        0x4 src/ASF/thirdparty/freertos/freertos-7.3.0/source/tasks.o
 .bss.pxCurrentTCB
                0x20078714        0x4 src/ASF/thirdparty/freertos/freertos-7.3.0/source/tasks.o
                0x20078714                pxCurrentTCB
 .bss.xPendingReadyList
                0x20078718       0x14 src/ASF/thirdparty/freertos/freertos-7.3.0/source/tasks.o
 .bss.uxSchedulerSuspended
                0x2007872c        0x4 src/ASF/thirdparty/freertos/freertos-7.3.0/source/tasks.o
 .bss.xTickCount
                0x20078730        0x2 src/ASF/thirdparty/freertos/freertos-7.3.0/source/tasks.o
 *fill*         0x20078732        0x2 
 .bss.pxOverflowDelayedTaskList
                0x20078734        0x4 src/ASF/thirdparty/freertos/freertos-7.3.0/source/tasks.o
 .bss.uxTaskNumber
                0x20078738        0x4 src/ASF/thirdparty/freertos/freertos-7.3.0/source/tasks.o
 .bss.uxCurrentNumberOfTasks
                0x2007873c        0x4 src/ASF/thirdparty/freertos/freertos-7.3.0/source/tasks.o
 .bss.xMissedYield
                0x20078740        0x4 src/ASF/thirdparty/freertos/freertos-7.3.0/source/tasks.o
 .bss.uxTopUsedPriority
                0x20078744        0x4 src/ASF/thirdparty/freertos/freertos-7.3.0/source/tasks.o
 .bss.pxCurrentTimerList
                0x20078748        0x4 src/ASF/thirdparty/freertos/freertos-7.3.0/source/timers.o
 .bss.xActiveTimerList1
                0x2007874c       0x14 src/ASF/thirdparty/freertos/freertos-7.3.0/source/timers.o
 .bss.xActiveTimerList2
                0x20078760       0x14 src/ASF/thirdparty/freertos/freertos-7.3.0/source/timers.o
 .bss.xLastTime.4499
                0x20078774        0x2 src/ASF/thirdparty/freertos/freertos-7.3.0/source/timers.o
 *fill*         0x20078776        0x2 
 .bss.xTimerQueue
                0x20078778        0x4 src/ASF/thirdparty/freertos/freertos-7.3.0/source/timers.o
 .bss.pxOverflowTimerList
                0x2007877c        0x4 src/ASF/thirdparty/freertos/freertos-7.3.0/source/timers.o
 .bss.gs_interrupt_sources
                0x20078780       0x70 src/ASF/sam/drivers/pio/pio_handler.o
 *(COMMON)
                0x200787f0                . = ALIGN (0x4)
                0x200787f0                _ebss = .
                0x200787f0                _ezero = .

.stack          0x200787f0     0x2000 load address 0x0008ba78
                0x200787f0                . = ALIGN (0x8)
                0x200787f0                _sstack = .
                0x2007a7f0                . = (. + __stack_size__)
 *fill*         0x200787f0     0x2000 
                0x2007a7f0                . = ALIGN (0x8)
                0x2007a7f0                _estack = .
                0x2007a7f0                . = ALIGN (0x4)
                0x2007a7f0                _end = .
OUTPUT(examinationsprojekt.elf elf32-littlearm)

.ARM.attributes
                0x00000000       0x29
 .ARM.attributes
                0x00000000       0x1d c:/program files (x86)/atmel/studio/7.0/toolchain/arm/arm-gnu-toolchain/bin/../lib/gcc/arm-none-eabi/4.9.3/armv7-m/crti.o
 .ARM.attributes
                0x0000001d       0x2d c:/program files (x86)/atmel/studio/7.0/toolchain/arm/arm-gnu-toolchain/bin/../lib/gcc/arm-none-eabi/4.9.3/armv7-m/crtbegin.o
 .ARM.attributes
                0x0000004a       0x33 src/adc_func.o
 .ARM.attributes
                0x0000007d       0x33 src/ASF/sam/drivers/adc/adc.o
 .ARM.attributes
                0x000000b0       0x33 src/ASF/sam/drivers/pwm/pwm.o
 .ARM.attributes
                0x000000e3       0x33 src/io_uart.o
 .ARM.attributes
                0x00000116       0x33 src/main.o
 .ARM.attributes
                0x00000149       0x33 src/motorshield.o
 .ARM.attributes
                0x0000017c       0x33 src/pwm_func.o
 .ARM.attributes
                0x000001af       0x33 src/task_com.o
 .ARM.attributes
                0x000001e2       0x33 src/task_regulate.o
 .ARM.attributes
                0x00000215       0x33 src/ASF/thirdparty/freertos/freertos-7.3.0/source/list.o
 .ARM.attributes
                0x00000248       0x33 src/ASF/thirdparty/freertos/freertos-7.3.0/source/portable/gcc/sam/port.o
 .ARM.attributes
                0x0000027b       0x33 src/ASF/thirdparty/freertos/freertos-7.3.0/source/portable/memmang/heap_4.o
 .ARM.attributes
                0x000002ae       0x33 src/ASF/thirdparty/freertos/freertos-7.3.0/source/queue.o
 .ARM.attributes
                0x000002e1       0x33 src/ASF/thirdparty/freertos/freertos-7.3.0/source/tasks.o
 .ARM.attributes
                0x00000314       0x33 src/ASF/thirdparty/freertos/freertos-7.3.0/source/timers.o
 .ARM.attributes
                0x00000347       0x33 src/ASF/common/services/clock/sam3x/sysclk.o
 .ARM.attributes
                0x0000037a       0x33 src/ASF/sam/boards/arduino_due_x/init.o
 .ARM.attributes
                0x000003ad       0x33 src/ASF/sam/drivers/pio/pio.o
 .ARM.attributes
                0x000003e0       0x33 src/ASF/sam/drivers/pio/pio_handler.o
 .ARM.attributes
                0x00000413       0x33 src/ASF/sam/drivers/pmc/pmc.o
 .ARM.attributes
                0x00000446       0x33 src/ASF/sam/utils/cmsis/sam3x/source/templates/exceptions.o
 .ARM.attributes
                0x00000479       0x33 src/ASF/sam/utils/cmsis/sam3x/source/templates/gcc/startup_sam3x.o
 .ARM.attributes
                0x000004ac       0x33 src/ASF/sam/utils/cmsis/sam3x/source/templates/system_sam3x.o
 .ARM.attributes
                0x000004df       0x1d c:/program files (x86)/atmel/studio/7.0/toolchain/arm/arm-gnu-toolchain/bin/../lib/gcc/arm-none-eabi/4.9.3/armv7-m\libgcc.a(_arm_addsubdf3.o)
 .ARM.attributes
                0x000004fc       0x1d c:/program files (x86)/atmel/studio/7.0/toolchain/arm/arm-gnu-toolchain/bin/../lib/gcc/arm-none-eabi/4.9.3/armv7-m\libgcc.a(_arm_muldivdf3.o)
 .ARM.attributes
                0x00000519       0x1d c:/program files (x86)/atmel/studio/7.0/toolchain/arm/arm-gnu-toolchain/bin/../lib/gcc/arm-none-eabi/4.9.3/armv7-m\libgcc.a(_arm_truncdfsf2.o)
 .ARM.attributes
                0x00000536       0x1d c:/program files (x86)/atmel/studio/7.0/toolchain/arm/arm-gnu-toolchain/bin/../lib/gcc/arm-none-eabi/4.9.3/armv7-m\libgcc.a(_arm_addsubsf3.o)
 .ARM.attributes
                0x00000553       0x1d c:/program files (x86)/atmel/studio/7.0/toolchain/arm/arm-gnu-toolchain/bin/../lib/gcc/arm-none-eabi/4.9.3/armv7-m\libgcc.a(_arm_fixunssfsi.o)
 .ARM.attributes
                0x00000570       0x2d c:/program files (x86)/atmel/studio/7.0/toolchain/arm/arm-gnu-toolchain/bin/../lib/gcc/arm-none-eabi/4.9.3/../../../../arm-none-eabi/lib/armv7-m\libc.a(lib_a-impure.o)
 .ARM.attributes
                0x0000059d       0x2d c:/program files (x86)/atmel/studio/7.0/toolchain/arm/arm-gnu-toolchain/bin/../lib/gcc/arm-none-eabi/4.9.3/../../../../arm-none-eabi/lib/armv7-m\libc.a(lib_a-init.o)
 .ARM.attributes
                0x000005ca       0x1b c:/program files (x86)/atmel/studio/7.0/toolchain/arm/arm-gnu-toolchain/bin/../lib/gcc/arm-none-eabi/4.9.3/../../../../arm-none-eabi/lib/armv7-m\libc.a(lib_a-memcpy.o)
 .ARM.attributes
                0x000005e5       0x2d c:/program files (x86)/atmel/studio/7.0/toolchain/arm/arm-gnu-toolchain/bin/../lib/gcc/arm-none-eabi/4.9.3/../../../../arm-none-eabi/lib/armv7-m\libc.a(lib_a-memset.o)
 .ARM.attributes
                0x00000612       0x2d c:/program files (x86)/atmel/studio/7.0/toolchain/arm/arm-gnu-toolchain/bin/../lib/gcc/arm-none-eabi/4.9.3/../../../../arm-none-eabi/lib/armv7-m\libc.a(lib_a-strncpy.o)
 .ARM.attributes
                0x0000063f       0x2d c:/program files (x86)/atmel/studio/7.0/toolchain/arm/arm-gnu-toolchain/bin/../lib/gcc/arm-none-eabi/4.9.3/../../../../arm-none-eabi/lib/armv7-m\libc.a(lib_a-__call_atexit.o)
 .ARM.attributes
                0x0000066c       0x2d c:/program files (x86)/atmel/studio/7.0/toolchain/arm/arm-gnu-toolchain/bin/../lib/gcc/arm-none-eabi/4.9.3/../../../../arm-none-eabi/lib/armv7-m\libc.a(lib_a-atexit.o)
 .ARM.attributes
                0x00000699       0x2d c:/program files (x86)/atmel/studio/7.0/toolchain/arm/arm-gnu-toolchain/bin/../lib/gcc/arm-none-eabi/4.9.3/../../../../arm-none-eabi/lib/armv7-m\libc.a(lib_a-fini.o)
 .ARM.attributes
                0x000006c6       0x2d c:/program files (x86)/atmel/studio/7.0/toolchain/arm/arm-gnu-toolchain/bin/../lib/gcc/arm-none-eabi/4.9.3/../../../../arm-none-eabi/lib/armv7-m\libc.a(lib_a-__atexit.o)
 .ARM.attributes
                0x000006f3       0x1d c:/program files (x86)/atmel/studio/7.0/toolchain/arm/arm-gnu-toolchain/bin/../lib/gcc/arm-none-eabi/4.9.3/armv7-m/crtn.o

.comment        0x00000000       0x5b
 .comment       0x00000000       0x5b src/adc_func.o
                                 0x5c (size before relaxing)
 .comment       0x00000000       0x5c src/ASF/sam/drivers/adc/adc.o
 .comment       0x00000000       0x5c src/ASF/sam/drivers/pwm/pwm.o
 .comment       0x00000000       0x5c src/io_uart.o
 .comment       0x00000000       0x5c src/main.o
 .comment       0x00000000       0x5c src/motorshield.o
 .comment       0x00000000       0x5c src/pwm_func.o
 .comment       0x00000000       0x5c src/task_com.o
 .comment       0x00000000       0x5c src/task_regulate.o
 .comment       0x00000000       0x5c src/ASF/thirdparty/freertos/freertos-7.3.0/source/list.o
 .comment       0x00000000       0x5c src/ASF/thirdparty/freertos/freertos-7.3.0/source/portable/gcc/sam/port.o
 .comment       0x00000000       0x5c src/ASF/thirdparty/freertos/freertos-7.3.0/source/portable/memmang/heap_4.o
 .comment       0x00000000       0x5c src/ASF/thirdparty/freertos/freertos-7.3.0/source/queue.o
 .comment       0x00000000       0x5c src/ASF/thirdparty/freertos/freertos-7.3.0/source/tasks.o
 .comment       0x00000000       0x5c src/ASF/thirdparty/freertos/freertos-7.3.0/source/timers.o
 .comment       0x00000000       0x5c src/ASF/common/services/clock/sam3x/sysclk.o
 .comment       0x00000000       0x5c src/ASF/sam/boards/arduino_due_x/init.o
 .comment       0x00000000       0x5c src/ASF/sam/drivers/pio/pio.o
 .comment       0x00000000       0x5c src/ASF/sam/drivers/pio/pio_handler.o
 .comment       0x00000000       0x5c src/ASF/sam/drivers/pmc/pmc.o
 .comment       0x00000000       0x5c src/ASF/sam/utils/cmsis/sam3x/source/templates/exceptions.o
 .comment       0x00000000       0x5c src/ASF/sam/utils/cmsis/sam3x/source/templates/gcc/startup_sam3x.o
 .comment       0x00000000       0x5c src/ASF/sam/utils/cmsis/sam3x/source/templates/system_sam3x.o

.debug_info     0x00000000    0x11aed
 .debug_info    0x00000000      0xec4 src/adc_func.o
 .debug_info    0x00000ec4     0x118c src/ASF/sam/drivers/adc/adc.o
 .debug_info    0x00002050     0x1564 src/ASF/sam/drivers/pwm/pwm.o
 .debug_info    0x000035b4     0x1100 src/io_uart.o
 .debug_info    0x000046b4      0xbfe src/main.o
 .debug_info    0x000052b2     0x1156 src/motorshield.o
 .debug_info    0x00006408     0x16e7 src/pwm_func.o
 .debug_info    0x00007aef      0xb24 src/task_com.o
 .debug_info    0x00008613      0xe54 src/task_regulate.o
 .debug_info    0x00009467      0x2b7 src/ASF/thirdparty/freertos/freertos-7.3.0/source/list.o
 .debug_info    0x0000971e      0x3a0 src/ASF/thirdparty/freertos/freertos-7.3.0/source/portable/gcc/sam/port.o
 .debug_info    0x00009abe      0x38d src/ASF/thirdparty/freertos/freertos-7.3.0/source/portable/memmang/heap_4.o
 .debug_info    0x00009e4b      0xea8 src/ASF/thirdparty/freertos/freertos-7.3.0/source/queue.o
 .debug_info    0x0000acf3     0x17f7 src/ASF/thirdparty/freertos/freertos-7.3.0/source/tasks.o
 .debug_info    0x0000c4ea      0xb44 src/ASF/thirdparty/freertos/freertos-7.3.0/source/timers.o
 .debug_info    0x0000d02e      0x796 src/ASF/common/services/clock/sam3x/sysclk.o
 .debug_info    0x0000d7c4      0x728 src/ASF/sam/boards/arduino_due_x/init.o
 .debug_info    0x0000deec     0x1391 src/ASF/sam/drivers/pio/pio.o
 .debug_info    0x0000f27d      0xe51 src/ASF/sam/drivers/pio/pio_handler.o
 .debug_info    0x000100ce     0x1078 src/ASF/sam/drivers/pmc/pmc.o
 .debug_info    0x00011146      0x124 src/ASF/sam/utils/cmsis/sam3x/source/templates/exceptions.o
 .debug_info    0x0001126a      0x3bd src/ASF/sam/utils/cmsis/sam3x/source/templates/gcc/startup_sam3x.o
 .debug_info    0x00011627      0x4c6 src/ASF/sam/utils/cmsis/sam3x/source/templates/system_sam3x.o

.debug_abbrev   0x00000000     0x2f2d
 .debug_abbrev  0x00000000      0x233 src/adc_func.o
 .debug_abbrev  0x00000233      0x235 src/ASF/sam/drivers/adc/adc.o
 .debug_abbrev  0x00000468      0x240 src/ASF/sam/drivers/pwm/pwm.o
 .debug_abbrev  0x000006a8      0x2ae src/io_uart.o
 .debug_abbrev  0x00000956      0x234 src/main.o
 .debug_abbrev  0x00000b8a      0x274 src/motorshield.o
 .debug_abbrev  0x00000dfe      0x269 src/pwm_func.o
 .debug_abbrev  0x00001067      0x1ed src/task_com.o
 .debug_abbrev  0x00001254      0x22d src/task_regulate.o
 .debug_abbrev  0x00001481       0xfb src/ASF/thirdparty/freertos/freertos-7.3.0/source/list.o
 .debug_abbrev  0x0000157c      0x246 src/ASF/thirdparty/freertos/freertos-7.3.0/source/portable/gcc/sam/port.o
 .debug_abbrev  0x000017c2      0x220 src/ASF/thirdparty/freertos/freertos-7.3.0/source/portable/memmang/heap_4.o
 .debug_abbrev  0x000019e2      0x231 src/ASF/thirdparty/freertos/freertos-7.3.0/source/queue.o
 .debug_abbrev  0x00001c13      0x2d8 src/ASF/thirdparty/freertos/freertos-7.3.0/source/tasks.o
 .debug_abbrev  0x00001eeb      0x261 src/ASF/thirdparty/freertos/freertos-7.3.0/source/timers.o
 .debug_abbrev  0x0000214c      0x227 src/ASF/common/services/clock/sam3x/sysclk.o
 .debug_abbrev  0x00002373      0x16d src/ASF/sam/boards/arduino_due_x/init.o
 .debug_abbrev  0x000024e0      0x2d5 src/ASF/sam/drivers/pio/pio.o
 .debug_abbrev  0x000027b5      0x257 src/ASF/sam/drivers/pio/pio_handler.o
 .debug_abbrev  0x00002a0c      0x268 src/ASF/sam/drivers/pmc/pmc.o
 .debug_abbrev  0x00002c74       0x8c src/ASF/sam/utils/cmsis/sam3x/source/templates/exceptions.o
 .debug_abbrev  0x00002d00      0x118 src/ASF/sam/utils/cmsis/sam3x/source/templates/gcc/startup_sam3x.o
 .debug_abbrev  0x00002e18      0x115 src/ASF/sam/utils/cmsis/sam3x/source/templates/system_sam3x.o

.debug_loc      0x00000000     0x6c3e
 .debug_loc     0x00000000       0x20 src/adc_func.o
 .debug_loc     0x00000020      0x966 src/ASF/sam/drivers/adc/adc.o
 .debug_loc     0x00000986      0xc09 src/ASF/sam/drivers/pwm/pwm.o
 .debug_loc     0x0000158f       0x44 src/io_uart.o
 .debug_loc     0x000015d3       0x38 src/main.o
 .debug_loc     0x0000160b       0x84 src/pwm_func.o
 .debug_loc     0x0000168f       0x4d src/task_com.o
 .debug_loc     0x000016dc      0x108 src/task_regulate.o
 .debug_loc     0x000017e4       0x91 src/ASF/thirdparty/freertos/freertos-7.3.0/source/list.o
 .debug_loc     0x00001875      0x100 src/ASF/thirdparty/freertos/freertos-7.3.0/source/portable/gcc/sam/port.o
 .debug_loc     0x00001975      0x370 src/ASF/thirdparty/freertos/freertos-7.3.0/source/portable/memmang/heap_4.o
 .debug_loc     0x00001ce5     0x1203 src/ASF/thirdparty/freertos/freertos-7.3.0/source/queue.o
 .debug_loc     0x00002ee8     0x14f7 src/ASF/thirdparty/freertos/freertos-7.3.0/source/tasks.o
 .debug_loc     0x000043df      0x955 src/ASF/thirdparty/freertos/freertos-7.3.0/source/timers.o
 .debug_loc     0x00004d34      0x12d src/ASF/common/services/clock/sam3x/sysclk.o
 .debug_loc     0x00004e61       0x20 src/ASF/sam/boards/arduino_due_x/init.o
 .debug_loc     0x00004e81      0xb20 src/ASF/sam/drivers/pio/pio.o
 .debug_loc     0x000059a1      0x573 src/ASF/sam/drivers/pio/pio_handler.o
 .debug_loc     0x00005f14      0xccc src/ASF/sam/drivers/pmc/pmc.o
 .debug_loc     0x00006be0       0x5e src/ASF/sam/utils/cmsis/sam3x/source/templates/gcc/startup_sam3x.o

.debug_aranges  0x00000000      0xba0
 .debug_aranges
                0x00000000       0x20 src/adc_func.o
 .debug_aranges
                0x00000020      0x178 src/ASF/sam/drivers/adc/adc.o
 .debug_aranges
                0x00000198      0x158 src/ASF/sam/drivers/pwm/pwm.o
 .debug_aranges
                0x000002f0       0x40 src/io_uart.o
 .debug_aranges
                0x00000330       0x20 src/main.o
 .debug_aranges
                0x00000350       0x20 src/motorshield.o
 .debug_aranges
                0x00000370       0x28 src/pwm_func.o
 .debug_aranges
                0x00000398       0x20 src/task_com.o
 .debug_aranges
                0x000003b8       0x20 src/task_regulate.o
 .debug_aranges
                0x000003d8       0x40 src/ASF/thirdparty/freertos/freertos-7.3.0/source/list.o
 .debug_aranges
                0x00000418       0x80 src/ASF/thirdparty/freertos/freertos-7.3.0/source/portable/gcc/sam/port.o
 .debug_aranges
                0x00000498       0x40 src/ASF/thirdparty/freertos/freertos-7.3.0/source/portable/memmang/heap_4.o
 .debug_aranges
                0x000004d8       0xc8 src/ASF/thirdparty/freertos/freertos-7.3.0/source/queue.o
 .debug_aranges
                0x000005a0      0x130 src/ASF/thirdparty/freertos/freertos-7.3.0/source/tasks.o
 .debug_aranges
                0x000006d0       0x60 src/ASF/thirdparty/freertos/freertos-7.3.0/source/timers.o
 .debug_aranges
                0x00000730       0x40 src/ASF/common/services/clock/sam3x/sysclk.o
 .debug_aranges
                0x00000770       0x20 src/ASF/sam/boards/arduino_due_x/init.o
 .debug_aranges
                0x00000790      0x148 src/ASF/sam/drivers/pio/pio.o
 .debug_aranges
                0x000008d8       0x58 src/ASF/sam/drivers/pio/pio_handler.o
 .debug_aranges
                0x00000930      0x200 src/ASF/sam/drivers/pmc/pmc.o
 .debug_aranges
                0x00000b30       0x20 src/ASF/sam/utils/cmsis/sam3x/source/templates/exceptions.o
 .debug_aranges
                0x00000b50       0x20 src/ASF/sam/utils/cmsis/sam3x/source/templates/gcc/startup_sam3x.o
 .debug_aranges
                0x00000b70       0x30 src/ASF/sam/utils/cmsis/sam3x/source/templates/system_sam3x.o

.debug_ranges   0x00000000      0xab8
 .debug_ranges  0x00000000       0x10 src/adc_func.o
 .debug_ranges  0x00000010      0x168 src/ASF/sam/drivers/adc/adc.o
 .debug_ranges  0x00000178      0x148 src/ASF/sam/drivers/pwm/pwm.o
 .debug_ranges  0x000002c0       0x30 src/io_uart.o
 .debug_ranges  0x000002f0       0x10 src/main.o
 .debug_ranges  0x00000300       0x10 src/motorshield.o
 .debug_ranges  0x00000310       0x18 src/pwm_func.o
 .debug_ranges  0x00000328       0x10 src/task_com.o
 .debug_ranges  0x00000338       0x10 src/task_regulate.o
 .debug_ranges  0x00000348       0x30 src/ASF/thirdparty/freertos/freertos-7.3.0/source/list.o
 .debug_ranges  0x00000378       0x70 src/ASF/thirdparty/freertos/freertos-7.3.0/source/portable/gcc/sam/port.o
 .debug_ranges  0x000003e8       0x30 src/ASF/thirdparty/freertos/freertos-7.3.0/source/portable/memmang/heap_4.o
 .debug_ranges  0x00000418       0xb8 src/ASF/thirdparty/freertos/freertos-7.3.0/source/queue.o
 .debug_ranges  0x000004d0      0x150 src/ASF/thirdparty/freertos/freertos-7.3.0/source/tasks.o
 .debug_ranges  0x00000620       0xa8 src/ASF/thirdparty/freertos/freertos-7.3.0/source/timers.o
 .debug_ranges  0x000006c8       0x30 src/ASF/common/services/clock/sam3x/sysclk.o
 .debug_ranges  0x000006f8       0x10 src/ASF/sam/boards/arduino_due_x/init.o
 .debug_ranges  0x00000708      0x138 src/ASF/sam/drivers/pio/pio.o
 .debug_ranges  0x00000840       0x48 src/ASF/sam/drivers/pio/pio_handler.o
 .debug_ranges  0x00000888      0x1f0 src/ASF/sam/drivers/pmc/pmc.o
 .debug_ranges  0x00000a78       0x10 src/ASF/sam/utils/cmsis/sam3x/source/templates/exceptions.o
 .debug_ranges  0x00000a88       0x10 src/ASF/sam/utils/cmsis/sam3x/source/templates/gcc/startup_sam3x.o
 .debug_ranges  0x00000a98       0x20 src/ASF/sam/utils/cmsis/sam3x/source/templates/system_sam3x.o

.debug_macro    0x00000000    0x1a2d7
 .debug_macro   0x00000000      0x715 src/adc_func.o
 .debug_macro   0x00000715      0x898 src/adc_func.o
 .debug_macro   0x00000fad      0x166 src/adc_func.o
 .debug_macro   0x00001113      0x621 src/adc_func.o
 .debug_macro   0x00001734       0x76 src/adc_func.o
 .debug_macro   0x000017aa       0x16 src/adc_func.o
 .debug_macro   0x000017c0      0x6e4 src/adc_func.o
 .debug_macro   0x00001ea4       0x22 src/adc_func.o
 .debug_macro   0x00001ec6       0x44 src/adc_func.o
 .debug_macro   0x00001f0a       0x58 src/adc_func.o
 .debug_macro   0x00001f62       0x22 src/adc_func.o
 .debug_macro   0x00001f84      0x1df src/adc_func.o
 .debug_macro   0x00002163       0x20 src/adc_func.o
 .debug_macro   0x00002183       0x3a src/adc_func.o
 .debug_macro   0x000021bd       0x2d src/adc_func.o
 .debug_macro   0x000021ea      0xbb1 src/adc_func.o
 .debug_macro   0x00002d9b      0xab6 src/adc_func.o
 .debug_macro   0x00003851      0x569 src/adc_func.o
 .debug_macro   0x00003dba      0x2b5 src/adc_func.o
 .debug_macro   0x0000406f      0x31a src/adc_func.o
 .debug_macro   0x00004389      0x74f src/adc_func.o
 .debug_macro   0x00004ad8       0x82 src/adc_func.o
 .debug_macro   0x00004b5a      0x57b src/adc_func.o
 .debug_macro   0x000050d5       0x1c src/adc_func.o
 .debug_macro   0x000050f1      0x6b7 src/adc_func.o
 .debug_macro   0x000057a8      0x52d src/adc_func.o
 .debug_macro   0x00005cd5       0xbe src/adc_func.o
 .debug_macro   0x00005d93     0x2342 src/adc_func.o
 .debug_macro   0x000080d5      0x85d src/adc_func.o
 .debug_macro   0x00008932      0xdc9 src/adc_func.o
 .debug_macro   0x000096fb       0x7c src/adc_func.o
 .debug_macro   0x00009777      0x263 src/adc_func.o
 .debug_macro   0x000099da       0x58 src/adc_func.o
 .debug_macro   0x00009a32      0x9a7 src/adc_func.o
 .debug_macro   0x0000a3d9      0x248 src/adc_func.o
 .debug_macro   0x0000a621      0x4df src/adc_func.o
 .debug_macro   0x0000ab00      0x6b3 src/adc_func.o
 .debug_macro   0x0000b1b3      0x59f src/adc_func.o
 .debug_macro   0x0000b752       0x46 src/adc_func.o
 .debug_macro   0x0000b798      0x34d src/adc_func.o
 .debug_macro   0x0000bae5      0x28c src/adc_func.o
 .debug_macro   0x0000bd71     0x14d7 src/adc_func.o
 .debug_macro   0x0000d248      0x7ba src/adc_func.o
 .debug_macro   0x0000da02       0x76 src/adc_func.o
 .debug_macro   0x0000da78       0x82 src/adc_func.o
 .debug_macro   0x0000dafa       0x76 src/adc_func.o
 .debug_macro   0x0000db70       0x4c src/adc_func.o
 .debug_macro   0x0000dbbc      0x105 src/adc_func.o
 .debug_macro   0x0000dcc1      0x105 src/adc_func.o
 .debug_macro   0x0000ddc6      0x105 src/adc_func.o
 .debug_macro   0x0000decb       0x88 src/adc_func.o
 .debug_macro   0x0000df53       0x88 src/adc_func.o
 .debug_macro   0x0000dfdb      0x3b4 src/adc_func.o
 .debug_macro   0x0000e38f       0xb8 src/adc_func.o
 .debug_macro   0x0000e447       0xb8 src/adc_func.o
 .debug_macro   0x0000e4ff       0xb8 src/adc_func.o
 .debug_macro   0x0000e5b7       0xb8 src/adc_func.o
 .debug_macro   0x0000e66f      0x2b8 src/adc_func.o
 .debug_macro   0x0000e927      0x125 src/adc_func.o
 .debug_macro   0x0000ea4c      0x225 src/adc_func.o
 .debug_macro   0x0000ec71      0x225 src/adc_func.o
 .debug_macro   0x0000ee96       0x2e src/adc_func.o
 .debug_macro   0x0000eec4       0xac src/adc_func.o
 .debug_macro   0x0000ef70      0x14d src/adc_func.o
 .debug_macro   0x0000f0bd       0x7c src/adc_func.o
 .debug_macro   0x0000f139      0x205 src/adc_func.o
 .debug_macro   0x0000f33e       0x64 src/adc_func.o
 .debug_macro   0x0000f3a2       0xa6 src/adc_func.o
 .debug_macro   0x0000f448       0x7c src/adc_func.o
 .debug_macro   0x0000f4c4       0x16 src/adc_func.o
 .debug_macro   0x0000f4da       0x22 src/adc_func.o
 .debug_macro   0x0000f4fc       0x22 src/adc_func.o
 .debug_macro   0x0000f51e      0x115 src/adc_func.o
 .debug_macro   0x0000f633      0x115 src/adc_func.o
 .debug_macro   0x0000f748      0x115 src/adc_func.o
 .debug_macro   0x0000f85d      0x115 src/adc_func.o
 .debug_macro   0x0000f972       0x1c src/adc_func.o
 .debug_macro   0x0000f98e       0x2e src/adc_func.o
 .debug_macro   0x0000f9bc       0x22 src/adc_func.o
 .debug_macro   0x0000f9de       0x1c src/adc_func.o
 .debug_macro   0x0000f9fa       0x58 src/adc_func.o
 .debug_macro   0x0000fa52       0x10 src/adc_func.o
 .debug_macro   0x0000fa62      0x273 src/adc_func.o
 .debug_macro   0x0000fcd5      0xd43 src/adc_func.o
 .debug_macro   0x00010a18      0x131 src/adc_func.o
 .debug_macro   0x00010b49       0x58 src/adc_func.o
 .debug_macro   0x00010ba1       0x35 src/adc_func.o
 .debug_macro   0x00010bd6       0x9c src/adc_func.o
 .debug_macro   0x00010c72       0x16 src/adc_func.o
 .debug_macro   0x00010c88       0x35 src/adc_func.o
 .debug_macro   0x00010cbd      0x29d src/adc_func.o
 .debug_macro   0x00010f5a       0x10 src/adc_func.o
 .debug_macro   0x00010f6a       0x52 src/adc_func.o
 .debug_macro   0x00010fbc       0x16 src/adc_func.o
 .debug_macro   0x00010fd2       0x43 src/adc_func.o
 .debug_macro   0x00011015      0x180 src/adc_func.o
 .debug_macro   0x00011195       0x10 src/adc_func.o
 .debug_macro   0x000111a5       0x22 src/adc_func.o
 .debug_macro   0x000111c7       0xbe src/adc_func.o
 .debug_macro   0x00011285       0x16 src/adc_func.o
 .debug_macro   0x0001129b      0x197 src/adc_func.o
 .debug_macro   0x00011432       0x22 src/adc_func.o
 .debug_macro   0x00011454       0x16 src/adc_func.o
 .debug_macro   0x0001146a       0x16 src/adc_func.o
 .debug_macro   0x00011480       0x29 src/adc_func.o
 .debug_macro   0x000114a9       0x6e src/adc_func.o
 .debug_macro   0x00011517       0x45 src/adc_func.o
 .debug_macro   0x0001155c      0x3ca src/adc_func.o
 .debug_macro   0x00011926       0x1c src/adc_func.o
 .debug_macro   0x00011942       0x16 src/adc_func.o
 .debug_macro   0x00011958       0x34 src/adc_func.o
 .debug_macro   0x0001198c      0x279 src/adc_func.o
 .debug_macro   0x00011c05      0x790 src/adc_func.o
 .debug_macro   0x00012395       0x5e src/adc_func.o
 .debug_macro   0x000123f3       0x64 src/adc_func.o
 .debug_macro   0x00012457       0x5f src/adc_func.o
 .debug_macro   0x000124b6       0x90 src/adc_func.o
 .debug_macro   0x00012546       0x28 src/adc_func.o
 .debug_macro   0x0001256e       0x23 src/adc_func.o
 .debug_macro   0x00012591       0x46 src/adc_func.o
 .debug_macro   0x000125d7      0x100 src/adc_func.o
 .debug_macro   0x000126d7       0x99 src/adc_func.o
 .debug_macro   0x00012770       0x12 src/adc_func.o
 .debug_macro   0x00012782       0x1f src/adc_func.o
 .debug_macro   0x000127a1      0x1e7 src/adc_func.o
 .debug_macro   0x00012988       0x10 src/adc_func.o
 .debug_macro   0x00012998       0x16 src/adc_func.o
 .debug_macro   0x000129ae       0x5e src/adc_func.o
 .debug_macro   0x00012a0c       0x43 src/adc_func.o
 .debug_macro   0x00012a4f       0x96 src/adc_func.o
 .debug_macro   0x00012ae5       0x77 src/adc_func.o
 .debug_macro   0x00012b5c       0x5d src/adc_func.o
 .debug_macro   0x00012bb9       0x5b src/adc_func.o
 .debug_macro   0x00012c14       0x94 src/adc_func.o
 .debug_macro   0x00012ca8       0x40 src/adc_func.o
 .debug_macro   0x00012ce8       0x70 src/adc_func.o
 .debug_macro   0x00012d58       0x34 src/adc_func.o
 .debug_macro   0x00012d8c       0x10 src/adc_func.o
 .debug_macro   0x00012d9c       0x1c src/adc_func.o
 .debug_macro   0x00012db8       0x2e src/adc_func.o
 .debug_macro   0x00012de6      0x4f4 src/ASF/sam/drivers/adc/adc.o
 .debug_macro   0x000132da      0x508 src/ASF/sam/drivers/pwm/pwm.o
 .debug_macro   0x000137e2      0x71a src/io_uart.o
 .debug_macro   0x00013efc       0x2e src/io_uart.o
 .debug_macro   0x00013f2a      0x753 src/main.o
 .debug_macro   0x0001467d       0x1c src/main.o
 .debug_macro   0x00014699       0x28 src/main.o
 .debug_macro   0x000146c1       0x34 src/main.o
 .debug_macro   0x000146f5       0x16 src/main.o
 .debug_macro   0x0001470b      0x714 src/motorshield.o
 .debug_macro   0x00014e1f      0x71e src/pwm_func.o
 .debug_macro   0x0001553d      0x71f src/task_com.o
 .debug_macro   0x00015c5c      0x71e src/task_regulate.o
 .debug_macro   0x0001637a      0x16a src/ASF/thirdparty/freertos/freertos-7.3.0/source/list.o
 .debug_macro   0x000164e4      0x10e src/ASF/thirdparty/freertos/freertos-7.3.0/source/list.o
 .debug_macro   0x000165f2       0x7f src/ASF/thirdparty/freertos/freertos-7.3.0/source/list.o
 .debug_macro   0x00016671       0xfa src/ASF/thirdparty/freertos/freertos-7.3.0/source/list.o
 .debug_macro   0x0001676b      0x61a src/ASF/thirdparty/freertos/freertos-7.3.0/source/portable/gcc/sam/port.o
 .debug_macro   0x00016d85       0x26 src/ASF/thirdparty/freertos/freertos-7.3.0/source/portable/gcc/sam/port.o
 .debug_macro   0x00016dab      0x273 src/ASF/thirdparty/freertos/freertos-7.3.0/source/portable/gcc/sam/port.o
 .debug_macro   0x0001701e      0x18b src/ASF/thirdparty/freertos/freertos-7.3.0/source/portable/memmang/heap_4.o
 .debug_macro   0x000171a9      0x209 src/ASF/thirdparty/freertos/freertos-7.3.0/source/queue.o
 .debug_macro   0x000173b2       0x16 src/ASF/thirdparty/freertos/freertos-7.3.0/source/queue.o
 .debug_macro   0x000173c8      0x268 src/ASF/thirdparty/freertos/freertos-7.3.0/source/tasks.o
 .debug_macro   0x00017630       0x97 src/ASF/thirdparty/freertos/freertos-7.3.0/source/tasks.o
 .debug_macro   0x000176c7       0xef src/ASF/thirdparty/freertos/freertos-7.3.0/source/tasks.o
 .debug_macro   0x000177b6       0xf3 src/ASF/thirdparty/freertos/freertos-7.3.0/source/timers.o
 .debug_macro   0x000178a9      0x554 src/ASF/common/services/clock/sam3x/sysclk.o
 .debug_macro   0x00017dfd      0x593 src/ASF/sam/boards/arduino_due_x/init.o
 .debug_macro   0x00018390       0x58 src/ASF/sam/boards/arduino_due_x/init.o
 .debug_macro   0x000183e8       0x6a src/ASF/sam/boards/arduino_due_x/init.o
 .debug_macro   0x00018452      0x4ef src/ASF/sam/drivers/pio/pio.o
 .debug_macro   0x00018941       0x8e src/ASF/sam/drivers/pio/pio.o
 .debug_macro   0x000189cf      0x4f3 src/ASF/sam/drivers/pio/pio_handler.o
 .debug_macro   0x00018ec2      0x4e9 src/ASF/sam/drivers/pmc/pmc.o
 .debug_macro   0x000193ab       0x58 src/ASF/sam/drivers/pmc/pmc.o
 .debug_macro   0x00019403      0x4e8 src/ASF/sam/utils/cmsis/sam3x/source/templates/exceptions.o
 .debug_macro   0x000198eb      0x4f6 src/ASF/sam/utils/cmsis/sam3x/source/templates/gcc/startup_sam3x.o
 .debug_macro   0x00019de1      0x4f6 src/ASF/sam/utils/cmsis/sam3x/source/templates/system_sam3x.o

.debug_line     0x00000000    0x12014
 .debug_line    0x00000000     0x1040 src/adc_func.o
 .debug_line    0x00001040      0xe49 src/ASF/sam/drivers/adc/adc.o
 .debug_line    0x00001e89      0xe4d src/ASF/sam/drivers/pwm/pwm.o
 .debug_line    0x00002cd6     0x108f src/io_uart.o
 .debug_line    0x00003d65     0x10a4 src/main.o
 .debug_line    0x00004e09     0x1053 src/motorshield.o
 .debug_line    0x00005e5c     0x1065 src/pwm_func.o
 .debug_line    0x00006ec1     0x106d src/task_com.o
 .debug_line    0x00007f2e     0x106b src/task_regulate.o
 .debug_line    0x00008f99      0x450 src/ASF/thirdparty/freertos/freertos-7.3.0/source/list.o
 .debug_line    0x000093e9      0xdb6 src/ASF/thirdparty/freertos/freertos-7.3.0/source/portable/gcc/sam/port.o
 .debug_line    0x0000a19f      0x4ab src/ASF/thirdparty/freertos/freertos-7.3.0/source/portable/memmang/heap_4.o
 .debug_line    0x0000a64a      0x77c src/ASF/thirdparty/freertos/freertos-7.3.0/source/queue.o
 .debug_line    0x0000adc6      0x9ee src/ASF/thirdparty/freertos/freertos-7.3.0/source/tasks.o
 .debug_line    0x0000b7b4      0x4da src/ASF/thirdparty/freertos/freertos-7.3.0/source/timers.o
 .debug_line    0x0000bc8e      0xc31 src/ASF/common/services/clock/sam3x/sysclk.o
 .debug_line    0x0000c8bf      0xcc3 src/ASF/sam/boards/arduino_due_x/init.o
 .debug_line    0x0000d582      0xe2b src/ASF/sam/drivers/pio/pio.o
 .debug_line    0x0000e3ad      0xb71 src/ASF/sam/drivers/pio/pio_handler.o
 .debug_line    0x0000ef1e     0x105e src/ASF/sam/drivers/pmc/pmc.o
 .debug_line    0x0000ff7c      0xaa3 src/ASF/sam/utils/cmsis/sam3x/source/templates/exceptions.o
 .debug_line    0x00010a1f      0xaed src/ASF/sam/utils/cmsis/sam3x/source/templates/gcc/startup_sam3x.o
 .debug_line    0x0001150c      0xb08 src/ASF/sam/utils/cmsis/sam3x/source/templates/system_sam3x.o

.debug_str      0x00000000    0x68c93
 .debug_str     0x00000000    0x63a6a src/adc_func.o
                              0x63e04 (size before relaxing)
 .debug_str     0x00063a6a      0x78f src/ASF/sam/drivers/adc/adc.o
                              0x5bfe8 (size before relaxing)
 .debug_str     0x000641f9      0xc4c src/ASF/sam/drivers/pwm/pwm.o
                              0x5c20d (size before relaxing)
 .debug_str     0x00064e45      0x3cf src/io_uart.o
                              0x63ed7 (size before relaxing)
 .debug_str     0x00065214      0x175 src/main.o
                              0x63c96 (size before relaxing)
 .debug_str     0x00065389       0xdc src/motorshield.o
                              0x63e6b (size before relaxing)
 .debug_str     0x00065465       0xca src/pwm_func.o
                              0x643de (size before relaxing)
 .debug_str     0x0006552f       0x64 src/task_com.o
                              0x63b86 (size before relaxing)
 .debug_str     0x00065593       0x33 src/task_regulate.o
                              0x63d56 (size before relaxing)
 .debug_str     0x000655c6      0x165 src/ASF/thirdparty/freertos/freertos-7.3.0/source/list.o
                               0x71f4 (size before relaxing)
 .debug_str     0x0006572b      0x539 src/ASF/thirdparty/freertos/freertos-7.3.0/source/portable/gcc/sam/port.o
                              0x613c6 (size before relaxing)
 .debug_str     0x00065c64      0x240 src/ASF/thirdparty/freertos/freertos-7.3.0/source/portable/memmang/heap_4.o
                               0x7608 (size before relaxing)
 .debug_str     0x00065ea4      0x6b7 src/ASF/thirdparty/freertos/freertos-7.3.0/source/queue.o
                               0x7c78 (size before relaxing)
 .debug_str     0x0006655b      0xe37 src/ASF/thirdparty/freertos/freertos-7.3.0/source/tasks.o
                               0x9571 (size before relaxing)
 .debug_str     0x00067392      0x383 src/ASF/thirdparty/freertos/freertos-7.3.0/source/timers.o
                               0x63d0 (size before relaxing)
 .debug_str     0x00067715      0x233 src/ASF/common/services/clock/sam3x/sysclk.o
                              0x5f39b (size before relaxing)
 .debug_str     0x00067948      0x196 src/ASF/sam/boards/arduino_due_x/init.o
                              0x5fc64 (size before relaxing)
 .debug_str     0x00067ade      0x428 src/ASF/sam/drivers/pio/pio.o
                              0x5beba (size before relaxing)
 .debug_str     0x00067f06      0x445 src/ASF/sam/drivers/pio/pio_handler.o
                              0x5bf02 (size before relaxing)
 .debug_str     0x0006834b      0x67c src/ASF/sam/drivers/pmc/pmc.o
                              0x5bf30 (size before relaxing)
 .debug_str     0x000689c7       0x4d src/ASF/sam/utils/cmsis/sam3x/source/templates/exceptions.o
                              0x5b52f (size before relaxing)
 .debug_str     0x00068a14       0xb2 src/ASF/sam/utils/cmsis/sam3x/source/templates/gcc/startup_sam3x.o
                              0x5b604 (size before relaxing)
 .debug_str     0x00068ac6      0x1cd src/ASF/sam/utils/cmsis/sam3x/source/templates/system_sam3x.o
                              0x5b817 (size before relaxing)

.debug_frame    0x00000000     0x1ba0
 .debug_frame   0x00000000       0x2c src/adc_func.o
 .debug_frame   0x0000002c      0x320 src/ASF/sam/drivers/adc/adc.o
 .debug_frame   0x0000034c      0x31c src/ASF/sam/drivers/pwm/pwm.o
 .debug_frame   0x00000668       0x60 src/io_uart.o
 .debug_frame   0x000006c8       0x34 src/main.o
 .debug_frame   0x000006fc       0x20 src/motorshield.o
 .debug_frame   0x0000071c       0x48 src/pwm_func.o
 .debug_frame   0x00000764       0x34 src/task_com.o
 .debug_frame   0x00000798       0x38 src/task_regulate.o
 .debug_frame   0x000007d0       0x6c src/ASF/thirdparty/freertos/freertos-7.3.0/source/list.o
 .debug_frame   0x0000083c      0x100 src/ASF/thirdparty/freertos/freertos-7.3.0/source/portable/gcc/sam/port.o
 .debug_frame   0x0000093c       0x84 src/ASF/thirdparty/freertos/freertos-7.3.0/source/portable/memmang/heap_4.o
 .debug_frame   0x000009c0      0x26c src/ASF/thirdparty/freertos/freertos-7.3.0/source/queue.o
 .debug_frame   0x00000c2c      0x3b4 src/ASF/thirdparty/freertos/freertos-7.3.0/source/tasks.o
 .debug_frame   0x00000fe0      0x11c src/ASF/thirdparty/freertos/freertos-7.3.0/source/timers.o
 .debug_frame   0x000010fc       0x88 src/ASF/common/services/clock/sam3x/sysclk.o
 .debug_frame   0x00001184       0x28 src/ASF/sam/boards/arduino_due_x/init.o
 .debug_frame   0x000011ac      0x2b8 src/ASF/sam/drivers/pio/pio.o
 .debug_frame   0x00001464       0xf8 src/ASF/sam/drivers/pio/pio_handler.o
 .debug_frame   0x0000155c      0x450 src/ASF/sam/drivers/pmc/pmc.o
 .debug_frame   0x000019ac       0x20 src/ASF/sam/utils/cmsis/sam3x/source/templates/exceptions.o
 .debug_frame   0x000019cc       0x28 src/ASF/sam/utils/cmsis/sam3x/source/templates/gcc/startup_sam3x.o
 .debug_frame   0x000019f4       0x40 src/ASF/sam/utils/cmsis/sam3x/source/templates/system_sam3x.o
 .debug_frame   0x00001a34       0x2c c:/program files (x86)/atmel/studio/7.0/toolchain/arm/arm-gnu-toolchain/bin/../lib/gcc/arm-none-eabi/4.9.3/../../../../arm-none-eabi/lib/armv7-m\libc.a(lib_a-init.o)
 .debug_frame   0x00001a60       0x34 c:/program files (x86)/atmel/studio/7.0/toolchain/arm/arm-gnu-toolchain/bin/../lib/gcc/arm-none-eabi/4.9.3/../../../../arm-none-eabi/lib/armv7-m\libc.a(lib_a-memset.o)
 .debug_frame   0x00001a94       0x34 c:/program files (x86)/atmel/studio/7.0/toolchain/arm/arm-gnu-toolchain/bin/../lib/gcc/arm-none-eabi/4.9.3/../../../../arm-none-eabi/lib/armv7-m\libc.a(lib_a-strncpy.o)
 .debug_frame   0x00001ac8       0x50 c:/program files (x86)/atmel/studio/7.0/toolchain/arm/arm-gnu-toolchain/bin/../lib/gcc/arm-none-eabi/4.9.3/../../../../arm-none-eabi/lib/armv7-m\libc.a(lib_a-__call_atexit.o)
 .debug_frame   0x00001b18       0x20 c:/program files (x86)/atmel/studio/7.0/toolchain/arm/arm-gnu-toolchain/bin/../lib/gcc/arm-none-eabi/4.9.3/../../../../arm-none-eabi/lib/armv7-m\libc.a(lib_a-atexit.o)
 .debug_frame   0x00001b38       0x34 c:/program files (x86)/atmel/studio/7.0/toolchain/arm/arm-gnu-toolchain/bin/../lib/gcc/arm-none-eabi/4.9.3/../../../../arm-none-eabi/lib/armv7-m\libc.a(lib_a-fini.o)
 .debug_frame   0x00001b6c       0x34 c:/program files (x86)/atmel/studio/7.0/toolchain/arm/arm-gnu-toolchain/bin/../lib/gcc/arm-none-eabi/4.9.3/../../../../arm-none-eabi/lib/armv7-m\libc.a(lib_a-__atexit.o)

Cross Reference Table

Symbol                                            File
ADC_Handler                                       src/ASF/sam/utils/cmsis/sam3x/source/templates/exceptions.o
                                                  src/ASF/sam/utils/cmsis/sam3x/source/templates/gcc/startup_sam3x.o
BusFault_Handler                                  src/ASF/sam/utils/cmsis/sam3x/source/templates/exceptions.o
                                                  src/ASF/sam/utils/cmsis/sam3x/source/templates/gcc/startup_sam3x.o
CAN0_Handler                                      src/ASF/sam/utils/cmsis/sam3x/source/templates/exceptions.o
                                                  src/ASF/sam/utils/cmsis/sam3x/source/templates/gcc/startup_sam3x.o
CAN1_Handler                                      src/ASF/sam/utils/cmsis/sam3x/source/templates/exceptions.o
                                                  src/ASF/sam/utils/cmsis/sam3x/source/templates/gcc/startup_sam3x.o
DACC_Handler                                      src/ASF/sam/utils/cmsis/sam3x/source/templates/exceptions.o
                                                  src/ASF/sam/utils/cmsis/sam3x/source/templates/gcc/startup_sam3x.o
DMAC_Handler                                      src/ASF/sam/utils/cmsis/sam3x/source/templates/exceptions.o
                                                  src/ASF/sam/utils/cmsis/sam3x/source/templates/gcc/startup_sam3x.o
DebugMon_Handler                                  src/ASF/sam/utils/cmsis/sam3x/source/templates/exceptions.o
                                                  src/ASF/sam/utils/cmsis/sam3x/source/templates/gcc/startup_sam3x.o
Dummy_Handler                                     src/ASF/sam/utils/cmsis/sam3x/source/templates/exceptions.o
EFC0_Handler                                      src/ASF/sam/utils/cmsis/sam3x/source/templates/exceptions.o
                                                  src/ASF/sam/utils/cmsis/sam3x/source/templates/gcc/startup_sam3x.o
EFC1_Handler                                      src/ASF/sam/utils/cmsis/sam3x/source/templates/exceptions.o
                                                  src/ASF/sam/utils/cmsis/sam3x/source/templates/gcc/startup_sam3x.o
EMAC_Handler                                      src/ASF/sam/utils/cmsis/sam3x/source/templates/exceptions.o
                                                  src/ASF/sam/utils/cmsis/sam3x/source/templates/gcc/startup_sam3x.o
FreeRTOS_CLIGetOutputBuffer                       src/ASF/thirdparty/freertos/freertos-7.3.0/source/FreeRTOS_CLI.o
FreeRTOS_CLIGetParameter                          src/ASF/thirdparty/freertos/freertos-7.3.0/source/FreeRTOS_CLI.o
FreeRTOS_CLIProcessCommand                        src/ASF/thirdparty/freertos/freertos-7.3.0/source/FreeRTOS_CLI.o
FreeRTOS_CLIRegisterCommand                       src/ASF/thirdparty/freertos/freertos-7.3.0/source/FreeRTOS_CLI.o
HSMCI_Handler                                     src/ASF/sam/utils/cmsis/sam3x/source/templates/exceptions.o
                                                  src/ASF/sam/utils/cmsis/sam3x/source/templates/gcc/startup_sam3x.o
HardFault_Handler                                 src/ASF/sam/utils/cmsis/sam3x/source/templates/exceptions.o
                                                  src/ASF/sam/utils/cmsis/sam3x/source/templates/gcc/startup_sam3x.o
MemManage_Handler                                 src/ASF/sam/utils/cmsis/sam3x/source/templates/exceptions.o
                                                  src/ASF/sam/utils/cmsis/sam3x/source/templates/gcc/startup_sam3x.o
NMI_Handler                                       src/ASF/sam/utils/cmsis/sam3x/source/templates/exceptions.o
                                                  src/ASF/sam/utils/cmsis/sam3x/source/templates/gcc/startup_sam3x.o
PIOA_Handler                                      src/ASF/sam/drivers/pio/pio_handler.o
                                                  src/ASF/sam/utils/cmsis/sam3x/source/templates/gcc/startup_sam3x.o
PIOB_Handler                                      src/ASF/sam/drivers/pio/pio_handler.o
                                                  src/ASF/sam/utils/cmsis/sam3x/source/templates/gcc/startup_sam3x.o
PIOC_Handler                                      src/ASF/sam/drivers/pio/pio_handler.o
                                                  src/ASF/sam/utils/cmsis/sam3x/source/templates/gcc/startup_sam3x.o
PIOD_Handler                                      src/ASF/sam/drivers/pio/pio_handler.o
                                                  src/ASF/sam/utils/cmsis/sam3x/source/templates/gcc/startup_sam3x.o
PMC_Handler                                       src/ASF/sam/utils/cmsis/sam3x/source/templates/exceptions.o
                                                  src/ASF/sam/utils/cmsis/sam3x/source/templates/gcc/startup_sam3x.o
PWM_Handler                                       src/ASF/sam/utils/cmsis/sam3x/source/templates/exceptions.o
                                                  src/ASF/sam/utils/cmsis/sam3x/source/templates/gcc/startup_sam3x.o
PendSV_Handler                                    src/ASF/thirdparty/freertos/freertos-7.3.0/source/portable/gcc/sam/port.o
                                                  src/ASF/sam/utils/cmsis/sam3x/source/templates/gcc/startup_sam3x.o
RSTC_Handler                                      src/ASF/sam/utils/cmsis/sam3x/source/templates/exceptions.o
                                                  src/ASF/sam/utils/cmsis/sam3x/source/templates/gcc/startup_sam3x.o
RTC_Handler                                       src/ASF/sam/utils/cmsis/sam3x/source/templates/exceptions.o
                                                  src/ASF/sam/utils/cmsis/sam3x/source/templates/gcc/startup_sam3x.o
RTT_Handler                                       src/ASF/sam/utils/cmsis/sam3x/source/templates/exceptions.o
                                                  src/ASF/sam/utils/cmsis/sam3x/source/templates/gcc/startup_sam3x.o
Reset_Handler                                     src/ASF/sam/utils/cmsis/sam3x/source/templates/gcc/startup_sam3x.o
SMC_Handler                                       src/ASF/sam/utils/cmsis/sam3x/source/templates/exceptions.o
                                                  src/ASF/sam/utils/cmsis/sam3x/source/templates/gcc/startup_sam3x.o
SPI0_Handler                                      src/ASF/sam/utils/cmsis/sam3x/source/templates/exceptions.o
                                                  src/ASF/sam/utils/cmsis/sam3x/source/templates/gcc/startup_sam3x.o
SSC_Handler                                       src/ASF/sam/utils/cmsis/sam3x/source/templates/exceptions.o
                                                  src/ASF/sam/utils/cmsis/sam3x/source/templates/gcc/startup_sam3x.o
SUPC_Handler                                      src/ASF/sam/utils/cmsis/sam3x/source/templates/exceptions.o
                                                  src/ASF/sam/utils/cmsis/sam3x/source/templates/gcc/startup_sam3x.o
SVC_Handler                                       src/ASF/thirdparty/freertos/freertos-7.3.0/source/portable/gcc/sam/port.o
                                                  src/ASF/sam/utils/cmsis/sam3x/source/templates/gcc/startup_sam3x.o
SysTick_Handler                                   src/ASF/thirdparty/freertos/freertos-7.3.0/source/portable/gcc/sam/port.o
                                                  src/ASF/sam/utils/cmsis/sam3x/source/templates/gcc/startup_sam3x.o
SystemCoreClock                                   src/ASF/sam/utils/cmsis/sam3x/source/templates/system_sam3x.o
SystemCoreClockUpdate                             src/ASF/sam/utils/cmsis/sam3x/source/templates/system_sam3x.o
                                                  src/ASF/common/services/clock/sam3x/sysclk.o
SystemInit                                        src/ASF/sam/utils/cmsis/sam3x/source/templates/system_sam3x.o
TC0_Handler                                       src/ASF/sam/utils/cmsis/sam3x/source/templates/exceptions.o
                                                  src/ASF/sam/utils/cmsis/sam3x/source/templates/gcc/startup_sam3x.o
TC1_Handler                                       src/ASF/sam/utils/cmsis/sam3x/source/templates/exceptions.o
                                                  src/ASF/sam/utils/cmsis/sam3x/source/templates/gcc/startup_sam3x.o
TC2_Handler                                       src/ASF/sam/utils/cmsis/sam3x/source/templates/exceptions.o
                                                  src/ASF/sam/utils/cmsis/sam3x/source/templates/gcc/startup_sam3x.o
TC3_Handler                                       src/ASF/sam/utils/cmsis/sam3x/source/templates/exceptions.o
                                                  src/ASF/sam/utils/cmsis/sam3x/source/templates/gcc/startup_sam3x.o
TC4_Handler                                       src/ASF/sam/utils/cmsis/sam3x/source/templates/exceptions.o
                                                  src/ASF/sam/utils/cmsis/sam3x/source/templates/gcc/startup_sam3x.o
TC5_Handler                                       src/ASF/sam/utils/cmsis/sam3x/source/templates/exceptions.o
                                                  src/ASF/sam/utils/cmsis/sam3x/source/templates/gcc/startup_sam3x.o
TC6_Handler                                       src/ASF/sam/utils/cmsis/sam3x/source/templates/exceptions.o
                                                  src/ASF/sam/utils/cmsis/sam3x/source/templates/gcc/startup_sam3x.o
TC7_Handler                                       src/ASF/sam/utils/cmsis/sam3x/source/templates/exceptions.o
                                                  src/ASF/sam/utils/cmsis/sam3x/source/templates/gcc/startup_sam3x.o
TC8_Handler                                       src/ASF/sam/utils/cmsis/sam3x/source/templates/exceptions.o
                                                  src/ASF/sam/utils/cmsis/sam3x/source/templates/gcc/startup_sam3x.o
TRNG_Handler                                      src/ASF/sam/utils/cmsis/sam3x/source/templates/exceptions.o
                                                  src/ASF/sam/utils/cmsis/sam3x/source/templates/gcc/startup_sam3x.o
TWI0_Handler                                      src/ASF/sam/utils/cmsis/sam3x/source/templates/exceptions.o
                                                  src/ASF/sam/utils/cmsis/sam3x/source/templates/gcc/startup_sam3x.o
TWI1_Handler                                      src/ASF/sam/utils/cmsis/sam3x/source/templates/exceptions.o
                                                  src/ASF/sam/utils/cmsis/sam3x/source/templates/gcc/startup_sam3x.o
UART_Handler                                      src/ASF/sam/utils/cmsis/sam3x/source/templates/exceptions.o
                                                  src/ASF/sam/utils/cmsis/sam3x/source/templates/gcc/startup_sam3x.o
UOTGHS_Handler                                    src/ASF/sam/utils/cmsis/sam3x/source/templates/exceptions.o
                                                  src/ASF/sam/utils/cmsis/sam3x/source/templates/gcc/startup_sam3x.o
USART0_Handler                                    src/ASF/sam/utils/cmsis/sam3x/source/templates/exceptions.o
                                                  src/ASF/sam/utils/cmsis/sam3x/source/templates/gcc/startup_sam3x.o
USART1_Handler                                    src/ASF/sam/utils/cmsis/sam3x/source/templates/exceptions.o
                                                  src/ASF/sam/utils/cmsis/sam3x/source/templates/gcc/startup_sam3x.o
USART2_Handler                                    src/ASF/sam/utils/cmsis/sam3x/source/templates/exceptions.o
                                                  src/ASF/sam/utils/cmsis/sam3x/source/templates/gcc/startup_sam3x.o
USART3_Handler                                    src/ASF/sam/utils/cmsis/sam3x/source/templates/exceptions.o
                                                  src/ASF/sam/utils/cmsis/sam3x/source/templates/gcc/startup_sam3x.o
UsageFault_Handler                                src/ASF/sam/utils/cmsis/sam3x/source/templates/exceptions.o
                                                  src/ASF/sam/utils/cmsis/sam3x/source/templates/gcc/startup_sam3x.o
WDT_Handler                                       src/ASF/sam/utils/cmsis/sam3x/source/templates/exceptions.o
                                                  src/ASF/sam/utils/cmsis/sam3x/source/templates/gcc/startup_sam3x.o
_Balloc                                           c:/program files (x86)/atmel/studio/7.0/toolchain/arm/arm-gnu-toolchain/bin/../lib/gcc/arm-none-eabi/4.9.3/../../../../arm-none-eabi/lib/armv7-m\libc.a(lib_a-mprec.o)
                                                  c:/program files (x86)/atmel/studio/7.0/toolchain/arm/arm-gnu-toolchain/bin/../lib/gcc/arm-none-eabi/4.9.3/../../../../arm-none-eabi/lib/armv7-m\libc.a(lib_a-dtoa.o)
_Bfree                                            c:/program files (x86)/atmel/studio/7.0/toolchain/arm/arm-gnu-toolchain/bin/../lib/gcc/arm-none-eabi/4.9.3/../../../../arm-none-eabi/lib/armv7-m\libc.a(lib_a-mprec.o)
                                                  c:/program files (x86)/atmel/studio/7.0/toolchain/arm/arm-gnu-toolchain/bin/../lib/gcc/arm-none-eabi/4.9.3/../../../../arm-none-eabi/lib/armv7-m\libc.a(lib_a-dtoa.o)
_Jv_RegisterClasses                               c:/program files (x86)/atmel/studio/7.0/toolchain/arm/arm-gnu-toolchain/bin/../lib/gcc/arm-none-eabi/4.9.3/armv7-m/crtbegin.o
_PathLocale                                       c:/program files (x86)/atmel/studio/7.0/toolchain/arm/arm-gnu-toolchain/bin/../lib/gcc/arm-none-eabi/4.9.3/../../../../arm-none-eabi/lib/armv7-m\libc.a(lib_a-locale.o)
__adddf3                                          c:/program files (x86)/atmel/studio/7.0/toolchain/arm/arm-gnu-toolchain/bin/../lib/gcc/arm-none-eabi/4.9.3/armv7-m\libgcc.a(_arm_addsubdf3.o)
__addsf3                                          c:/program files (x86)/atmel/studio/7.0/toolchain/arm/arm-gnu-toolchain/bin/../lib/gcc/arm-none-eabi/4.9.3/armv7-m\libgcc.a(_arm_addsubsf3.o)
__aeabi_cdcmpeq                                   c:/program files (x86)/atmel/studio/7.0/toolchain/arm/arm-gnu-toolchain/bin/../lib/gcc/arm-none-eabi/4.9.3/armv7-m\libgcc.a(_arm_cmpdf2.o)
__aeabi_cdcmple                                   c:/program files (x86)/atmel/studio/7.0/toolchain/arm/arm-gnu-toolchain/bin/../lib/gcc/arm-none-eabi/4.9.3/armv7-m\libgcc.a(_arm_cmpdf2.o)
__aeabi_cdrcmple                                  c:/program files (x86)/atmel/studio/7.0/toolchain/arm/arm-gnu-toolchain/bin/../lib/gcc/arm-none-eabi/4.9.3/armv7-m\libgcc.a(_arm_cmpdf2.o)
__aeabi_d2f                                       c:/program files (x86)/atmel/studio/7.0/toolchain/arm/arm-gnu-toolchain/bin/../lib/gcc/arm-none-eabi/4.9.3/armv7-m\libgcc.a(_arm_truncdfsf2.o)
                                                  src/task_regulate.o
__aeabi_d2iz                                      c:/program files (x86)/atmel/studio/7.0/toolchain/arm/arm-gnu-toolchain/bin/../lib/gcc/arm-none-eabi/4.9.3/armv7-m\libgcc.a(_arm_fixdfsi.o)
                                                  c:/program files (x86)/atmel/studio/7.0/toolchain/arm/arm-gnu-toolchain/bin/../lib/gcc/arm-none-eabi/4.9.3/../../../../arm-none-eabi/lib/armv7-m\libc.a(lib_a-dtoa.o)
__aeabi_dadd                                      c:/program files (x86)/atmel/studio/7.0/toolchain/arm/arm-gnu-toolchain/bin/../lib/gcc/arm-none-eabi/4.9.3/armv7-m\libgcc.a(_arm_addsubdf3.o)
                                                  c:/program files (x86)/atmel/studio/7.0/toolchain/arm/arm-gnu-toolchain/bin/../lib/gcc/arm-none-eabi/4.9.3/../../../../arm-none-eabi/lib/armv7-m\libc.a(lib_a-dtoa.o)
                                                  src/task_regulate.o
__aeabi_dcmpeq                                    c:/program files (x86)/atmel/studio/7.0/toolchain/arm/arm-gnu-toolchain/bin/../lib/gcc/arm-none-eabi/4.9.3/armv7-m\libgcc.a(_arm_cmpdf2.o)
                                                  c:/program files (x86)/atmel/studio/7.0/toolchain/arm/arm-gnu-toolchain/bin/../lib/gcc/arm-none-eabi/4.9.3/../../../../arm-none-eabi/lib/armv7-m\libc.a(lib_a-dtoa.o)
                                                  c:/program files (x86)/atmel/studio/7.0/toolchain/arm/arm-gnu-toolchain/bin/../lib/gcc/arm-none-eabi/4.9.3/../../../../arm-none-eabi/lib/armv7-m\libc.a(lib_a-svfprintf.o)
__aeabi_dcmpge                                    c:/program files (x86)/atmel/studio/7.0/toolchain/arm/arm-gnu-toolchain/bin/../lib/gcc/arm-none-eabi/4.9.3/armv7-m\libgcc.a(_arm_cmpdf2.o)
                                                  c:/program files (x86)/atmel/studio/7.0/toolchain/arm/arm-gnu-toolchain/bin/../lib/gcc/arm-none-eabi/4.9.3/../../../../arm-none-eabi/lib/armv7-m\libc.a(lib_a-dtoa.o)
__aeabi_dcmpgt                                    c:/program files (x86)/atmel/studio/7.0/toolchain/arm/arm-gnu-toolchain/bin/../lib/gcc/arm-none-eabi/4.9.3/armv7-m\libgcc.a(_arm_cmpdf2.o)
                                                  c:/program files (x86)/atmel/studio/7.0/toolchain/arm/arm-gnu-toolchain/bin/../lib/gcc/arm-none-eabi/4.9.3/../../../../arm-none-eabi/lib/armv7-m\libc.a(lib_a-dtoa.o)
__aeabi_dcmple                                    c:/program files (x86)/atmel/studio/7.0/toolchain/arm/arm-gnu-toolchain/bin/../lib/gcc/arm-none-eabi/4.9.3/armv7-m\libgcc.a(_arm_cmpdf2.o)
__aeabi_dcmplt                                    c:/program files (x86)/atmel/studio/7.0/toolchain/arm/arm-gnu-toolchain/bin/../lib/gcc/arm-none-eabi/4.9.3/armv7-m\libgcc.a(_arm_cmpdf2.o)
                                                  c:/program files (x86)/atmel/studio/7.0/toolchain/arm/arm-gnu-toolchain/bin/../lib/gcc/arm-none-eabi/4.9.3/../../../../arm-none-eabi/lib/armv7-m\libc.a(lib_a-dtoa.o)
                                                  c:/program files (x86)/atmel/studio/7.0/toolchain/arm/arm-gnu-toolchain/bin/../lib/gcc/arm-none-eabi/4.9.3/../../../../arm-none-eabi/lib/armv7-m\libc.a(lib_a-svfprintf.o)
__aeabi_ddiv                                      c:/program files (x86)/atmel/studio/7.0/toolchain/arm/arm-gnu-toolchain/bin/../lib/gcc/arm-none-eabi/4.9.3/armv7-m\libgcc.a(_arm_muldivdf3.o)
                                                  c:/program files (x86)/atmel/studio/7.0/toolchain/arm/arm-gnu-toolchain/bin/../lib/gcc/arm-none-eabi/4.9.3/../../../../arm-none-eabi/lib/armv7-m\libc.a(lib_a-mprec.o)
                                                  c:/program files (x86)/atmel/studio/7.0/toolchain/arm/arm-gnu-toolchain/bin/../lib/gcc/arm-none-eabi/4.9.3/../../../../arm-none-eabi/lib/armv7-m\libc.a(lib_a-dtoa.o)
__aeabi_dmul                                      c:/program files (x86)/atmel/studio/7.0/toolchain/arm/arm-gnu-toolchain/bin/../lib/gcc/arm-none-eabi/4.9.3/armv7-m\libgcc.a(_arm_muldivdf3.o)