Archive member included because of file (symbol)

c:/program files (x86)/atmel/studio/7.0/toolchain/arm/arm-gnu-toolchain/bin/../lib/gcc/arm-none-eabi/4.9.3/armv7-m\libgcc.a(_arm_addsubdf3.o)
                              src/task_regulate.o (__aeabi_dadd)
c:/program files (x86)/atmel/studio/7.0/toolchain/arm/arm-gnu-toolchain/bin/../lib/gcc/arm-none-eabi/4.9.3/armv7-m\libgcc.a(_arm_muldivdf3.o)
                              src/task_regulate.o (__aeabi_dmul)
c:/program files (x86)/atmel/studio/7.0/toolchain/arm/arm-gnu-toolchain/bin/../lib/gcc/arm-none-eabi/4.9.3/armv7-m\libgcc.a(_arm_truncdfsf2.o)
                              src/task_regulate.o (__aeabi_d2f)
c:/program files (x86)/atmel/studio/7.0/toolchain/arm/arm-gnu-toolchain/bin/../lib/gcc/arm-none-eabi/4.9.3/armv7-m\libgcc.a(_arm_addsubsf3.o)
                              src/task_regulate.o (__aeabi_ui2f)
c:/program files (x86)/atmel/studio/7.0/toolchain/arm/arm-gnu-toolchain/bin/../lib/gcc/arm-none-eabi/4.9.3/armv7-m\libgcc.a(_arm_fixunssfsi.o)
                              src/task_regulate.o (__aeabi_f2uiz)
c:/program files (x86)/atmel/studio/7.0/toolchain/arm/arm-gnu-toolchain/bin/../lib/gcc/arm-none-eabi/4.9.3/../../../../arm-none-eabi/lib/armv7-m\libc.a(lib_a-atoi.o)
                              src/uart_recieve_values.o (atoi)
c:/program files (x86)/atmel/studio/7.0/toolchain/arm/arm-gnu-toolchain/bin/../lib/gcc/arm-none-eabi/4.9.3/../../../../arm-none-eabi/lib/armv7-m\libc.a(lib_a-exit.o)
                              c:/program files (x86)/atmel/studio/7.0/toolchain/arm/arm-gnu-toolchain/bin/../lib/gcc/arm-none-eabi/4.9.3/../../../../arm-none-eabi/lib/armv7-m/crt0.o (exit)
c:/program files (x86)/atmel/studio/7.0/toolchain/arm/arm-gnu-toolchain/bin/../lib/gcc/arm-none-eabi/4.9.3/../../../../arm-none-eabi/lib/armv7-m\libc.a(lib_a-impure.o)
                              c:/program files (x86)/atmel/studio/7.0/toolchain/arm/arm-gnu-toolchain/bin/../lib/gcc/arm-none-eabi/4.9.3/../../../../arm-none-eabi/lib/armv7-m\libc.a(lib_a-exit.o) (_global_impure_ptr)
c:/program files (x86)/atmel/studio/7.0/toolchain/arm/arm-gnu-toolchain/bin/../lib/gcc/arm-none-eabi/4.9.3/../../../../arm-none-eabi/lib/armv7-m\libc.a(lib_a-init.o)
                              c:/program files (x86)/atmel/studio/7.0/toolchain/arm/arm-gnu-toolchain/bin/../lib/gcc/arm-none-eabi/4.9.3/../../../../arm-none-eabi/lib/armv7-m/crt0.o (__libc_init_array)
c:/program files (x86)/atmel/studio/7.0/toolchain/arm/arm-gnu-toolchain/bin/../lib/gcc/arm-none-eabi/4.9.3/../../../../arm-none-eabi/lib/armv7-m\libc.a(lib_a-iprintf.o)
                              src/ASF/sam/drivers/adc/adc.o (iprintf)
c:/program files (x86)/atmel/studio/7.0/toolchain/arm/arm-gnu-toolchain/bin/../lib/gcc/arm-none-eabi/4.9.3/../../../../arm-none-eabi/lib/armv7-m\libc.a(lib_a-itoa.o)
                              src/uart_recieve_values.o (itoa)
c:/program files (x86)/atmel/studio/7.0/toolchain/arm/arm-gnu-toolchain/bin/../lib/gcc/arm-none-eabi/4.9.3/../../../../arm-none-eabi/lib/armv7-m\libc.a(lib_a-memcpy.o)
                              src/ASF/thirdparty/freertos/freertos-7.3.0/source/queue.o (memcpy)
c:/program files (x86)/atmel/studio/7.0/toolchain/arm/arm-gnu-toolchain/bin/../lib/gcc/arm-none-eabi/4.9.3/../../../../arm-none-eabi/lib/armv7-m\libc.a(lib_a-memset.o)
                              c:/program files (x86)/atmel/studio/7.0/toolchain/arm/arm-gnu-toolchain/bin/../lib/gcc/arm-none-eabi/4.9.3/../../../../arm-none-eabi/lib/armv7-m/crt0.o (memset)
c:/program files (x86)/atmel/studio/7.0/toolchain/arm/arm-gnu-toolchain/bin/../lib/gcc/arm-none-eabi/4.9.3/../../../../arm-none-eabi/lib/armv7-m\libc.a(lib_a-puts.o)
                              src/ASF/sam/drivers/adc/adc.o (puts)
c:/program files (x86)/atmel/studio/7.0/toolchain/arm/arm-gnu-toolchain/bin/../lib/gcc/arm-none-eabi/4.9.3/../../../../arm-none-eabi/lib/armv7-m\libc.a(lib_a-sprintf.o)
                              src/ASF/thirdparty/freertos/freertos-7.3.0/source/tasks.o (sprintf)
c:/program files (x86)/atmel/studio/7.0/toolchain/arm/arm-gnu-toolchain/bin/../lib/gcc/arm-none-eabi/4.9.3/../../../../arm-none-eabi/lib/armv7-m\libc.a(lib_a-strcat.o)
                              src/ASF/thirdparty/freertos/freertos-7.3.0/source/tasks.o (strcat)
c:/program files (x86)/atmel/studio/7.0/toolchain/arm/arm-gnu-toolchain/bin/../lib/gcc/arm-none-eabi/4.9.3/../../../../arm-none-eabi/lib/armv7-m\libc.a(lib_a-strcpy.o)
                              c:/program files (x86)/atmel/studio/7.0/toolchain/arm/arm-gnu-toolchain/bin/../lib/gcc/arm-none-eabi/4.9.3/../../../../arm-none-eabi/lib/armv7-m\libc.a(lib_a-strcat.o) (strcpy)
c:/program files (x86)/atmel/studio/7.0/toolchain/arm/arm-gnu-toolchain/bin/../lib/gcc/arm-none-eabi/4.9.3/../../../../arm-none-eabi/lib/armv7-m\libc.a(lib_a-strlen.o)
                              src/ASF/thirdparty/freertos/freertos-7.3.0/source/FreeRTOS_CLI.o (strlen)
[...]
Memory Configuration

Name             Origin             Length             Attributes
rom              0x00080000         0x00080000         xr
sram0            0x20000000         0x00010000         xrw
sram1            0x20080000         0x00008000         xrw
ram              0x20070000         0x00018000         xrw
*default*        0x00000000         0xffffffff

Linker script and memory map

LOAD c:/program files (x86)/atmel/studio/7.0/toolchain/arm/arm-gnu-toolchain/bin/../lib/gcc/arm-none-eabi/4.9.3/armv7-m/crti.o
LOAD c:/program files (x86)/atmel/studio/7.0/toolchain/arm/arm-gnu-toolchain/bin/../lib/gcc/arm-none-eabi/4.9.3/armv7-m/crtbegin.o
LOAD c:/program files (x86)/atmel/studio/7.0/toolchain/arm/arm-gnu-toolchain/bin/../lib/gcc/arm-none-eabi/4.9.3/../../../../arm-none-eabi/lib/armv7-m/crt0.o
LOAD src/adc_func.o
LOAD src/ASF/common/utils/stdio/read.o
LOAD src/ASF/sam/drivers/usart/usart.o
LOAD src/task_idle.o
LOAD src/uart_recieve_values.o
LOAD src/ASF/common/utils/stdio/write.o
LOAD src/ASF/common/services/serial/usart_serial.o
LOAD src/ASF/common/services/delay/sam/cycle_counter.o
LOAD src/ASF/sam/drivers/adc/adc.o
LOAD src/ASF/sam/drivers/dacc/dacc.o
LOAD src/ASF/sam/drivers/tc/tc.o
LOAD src/ASF/sam/drivers/pwm/pwm.o
LOAD src/io_uart.o
LOAD src/main.o
LOAD src/motorshield.o
LOAD src/pwm_func.o
LOAD src/task_com.o
LOAD src/task_regulate.o
LOAD src/ASF/sam/drivers/adc/adc_sam3u.o
LOAD src/ASF/sam/drivers/uart/uart.o
LOAD src/ASF/thirdparty/freertos/freertos-7.3.0/source/FreeRTOS_CLI.o
LOAD src/ASF/thirdparty/freertos/freertos-7.3.0/source/list.o
LOAD src/ASF/thirdparty/freertos/freertos-7.3.0/source/portable/gcc/sam/port.o
LOAD src/ASF/thirdparty/freertos/freertos-7.3.0/source/portable/memmang/heap_4.o
LOAD src/ASF/thirdparty/freertos/freertos-7.3.0/source/queue.o
LOAD src/ASF/thirdparty/freertos/freertos-7.3.0/source/tasks.o
LOAD src/ASF/thirdparty/freertos/freertos-7.3.0/source/timers.o
LOAD src/ASF/common/services/clock/sam3x/sysclk.o
LOAD src/ASF/common/utils/interrupt/interrupt_sam_nvic.o
LOAD src/ASF/sam/boards/arduino_due_x/init.o
LOAD src/ASF/sam/drivers/pio/pio.o
LOAD src/ASF/sam/drivers/pio/pio_handler.o
LOAD src/ASF/sam/drivers/pmc/pmc.o
LOAD src/ASF/sam/drivers/pmc/sleep.o
LOAD src/ASF/sam/utils/cmsis/sam3x/source/templates/exceptions.o
LOAD src/ASF/sam/utils/cmsis/sam3x/source/templates/gcc/startup_sam3x.o
LOAD src/ASF/sam/utils/cmsis/sam3x/source/templates/system_sam3x.o
LOAD src/ASF/sam/utils/syscalls/gcc/syscalls.o
START GROUP
LOAD ../src/ASF/thirdparty/CMSIS/Lib/GCC\libarm_cortexM3l_math.a
LOAD c:/program files (x86)/atmel/studio/7.0/toolchain/arm/arm-gnu-toolchain/bin/../lib/gcc/arm-none-eabi/4.9.3/../../../../arm-none-eabi/lib/armv7-m\libm.a
END GROUP
START GROUP
LOAD c:/program files (x86)/atmel/studio/7.0/toolchain/arm/arm-gnu-toolchain/bin/../lib/gcc/arm-none-eabi/4.9.3/armv7-m\libgcc.a
LOAD c:/program files (x86)/atmel/studio/7.0/toolchain/arm/arm-gnu-toolchain/bin/../lib/gcc/arm-none-eabi/4.9.3/../../../../arm-none-eabi/lib/armv7-m\libc.a
END GROUP
LOAD c:/program files (x86)/atmel/studio/7.0/toolchain/arm/arm-gnu-toolchain/bin/../lib/gcc/arm-none-eabi/4.9.3/armv7-m/crtend.o
LOAD c:/program files (x86)/atmel/studio/7.0/toolchain/arm/arm-gnu-toolchain/bin/../lib/gcc/arm-none-eabi/4.9.3/armv7-m/crtn.o
                0x00002000                __stack_size__ = DEFINED (__stack_size__)?__stack_size__:0x2000
                0x20087ffc                __ram_end__ = ((ORIGIN (ram) + 0x18000) - 0x4)

.text           0x00080000     0x373c
                0x00080000                . = ALIGN (0x4)
                0x00080000                _sfixed = .
 *(.vectors .vectors.*)
 .vectors       0x00080000       0xf4 src/ASF/sam/utils/cmsis/sam3x/source/templates/gcc/startup_sam3x.o
                0x00080000                exception_table
 *(.text .text.* .gnu.linkonce.t.*)
 .text          0x000800f4       0x5c c:/program files (x86)/atmel/studio/7.0/toolchain/arm/arm-gnu-toolchain/bin/../lib/gcc/arm-none-eabi/4.9.3/armv7-m/crtbegin.o
 .text.adc_config
                0x00080150       0x64 src/adc_func.o
                0x00080150                adc_config
 .text.task_idle
                0x000801b4       0x24 src/task_idle.o
                0x000801b4                task_idle
 .text.matlab_recieve_values
                0x000801d8       0x6c src/uart_recieve_values.o
                0x000801d8                matlab_recieve_values
 .text.adc_init
                0x00080244       0x34 src/ASF/sam/drivers/adc/adc.o
                0x00080244                adc_init
 .text.adc_set_resolution
                0x00080278       0x10 src/ASF/sam/drivers/adc/adc.o
                0x00080278                adc_set_resolution
 .text.adc_configure_trigger
                0x00080288       0x10 src/ASF/sam/drivers/adc/adc.o
                0x00080288                adc_configure_trigger
 .text.adc_configure_timing
                0x00080298       0x20 src/ASF/sam/drivers/adc/adc.o
                0x00080298                adc_configure_timing
 .text.adc_start
                0x000802b8        0x8 src/ASF/sam/drivers/adc/adc.o
                0x000802b8                adc_start
 .text.adc_enable_channel
                0x000802c0        0x8 src/ASF/sam/drivers/adc/adc.o
                0x000802c0                adc_enable_channel
 .text.adc_get_latest_value
                0x000802c8        0x4 src/ASF/sam/drivers/adc/adc.o
                0x000802c8                adc_get_latest_value
 .text.adc_get_status
                0x000802cc        0x4 src/ASF/sam/drivers/adc/adc.o
                0x000802cc                adc_get_status
 .text.pwm_clocks_generate
                0x000802d0       0x54 src/ASF/sam/drivers/pwm/pwm.o
 .text.pwm_init
                0x00080324       0x4c src/ASF/sam/drivers/pwm/pwm.o
                0x00080324                pwm_init
 .text.pwm_channel_init
                0x00080370      0x108 src/ASF/sam/drivers/pwm/pwm.o
                0x00080370                pwm_channel_init
 .text.pwm_channel_update_duty
                0x00080478       0x24 src/ASF/sam/drivers/pwm/pwm.o
                0x00080478                pwm_channel_update_duty
 .text.pwm_channel_enable
                0x0008049c        0x8 src/ASF/sam/drivers/pwm/pwm.o
                0x0008049c                pwm_channel_enable
 .text.uart_config
                0x000804a4       0x3c src/io_uart.o
                0x000804a4                uart_config
 .text.uart_send_string
                0x000804e0       0x2c src/io_uart.o
                0x000804e0                uart_send_string
 .text.uart_send_newline
                0x0008050c       0x1c src/io_uart.o
                0x0008050c                uart_send_newline
 .text.uart_receive_string
                0x00080528       0x4c src/io_uart.o
                0x00080528                uart_receive_string
 .text.main     0x00080574      0x104 src/main.o
                0x00080574                main
 .text.motorshield_init
                0x00080678       0x30 src/motorshield.o
                0x00080678                motorshield_init
 .text.pwm_set_duty_cycle
                0x000806a8       0x1c src/pwm_func.o
                0x000806a8                pwm_set_duty_cycle
 .text.pwm_config
                0x000806c4       0x88 src/pwm_func.o
                0x000806c4                pwm_config
 .text.task_com
                0x0008074c       0x98 src/task_com.o
                0x0008074c                task_com
 .text.task_regulate
                0x000807e4      0x12c src/task_regulate.o
                0x000807e4                task_regulate
 .text.vListInitialise
                0x00080910       0x18 src/ASF/thirdparty/freertos/freertos-7.3.0/source/list.o
                0x00080910                vListInitialise
 .text.vListInitialiseItem
                0x00080928        0x8 src/ASF/thirdparty/freertos/freertos-7.3.0/source/list.o
                0x00080928                vListInitialiseItem
 .text.vListInsertEnd
                0x00080930       0x1c src/ASF/thirdparty/freertos/freertos-7.3.0/source/list.o
                0x00080930                vListInsertEnd
 .text.vListInsert
                0x0008094c       0x44 src/ASF/thirdparty/freertos/freertos-7.3.0/source/list.o
                0x0008094c                vListInsert
 .text.uxListRemove
                0x00080990       0x28 src/ASF/thirdparty/freertos/freertos-7.3.0/source/list.o
                0x00080990                uxListRemove
 .text.prvPortStartFirstTask
                0x000809b8       0x14 src/ASF/thirdparty/freertos/freertos-7.3.0/source/portable/gcc/sam/port.o
 .text.pxPortInitialiseStack
                0x000809cc       0x1c src/ASF/thirdparty/freertos/freertos-7.3.0/source/portable/gcc/sam/port.o
                0x000809cc                pxPortInitialiseStack
 .text.SVC_Handler
                0x000809e8       0x20 src/ASF/thirdparty/freertos/freertos-7.3.0/source/portable/gcc/sam/port.o
                0x000809e8                SVC_Handler
 .text.vPortYieldFromISR
                0x00080a08       0x10 src/ASF/thirdparty/freertos/freertos-7.3.0/source/portable/gcc/sam/port.o
                0x00080a08                vPortYieldFromISR
 .text.ulPortSetInterruptMask
                0x00080a18       0x10 src/ASF/thirdparty/freertos/freertos-7.3.0/source/portable/gcc/sam/port.o
                0x00080a18                ulPortSetInterruptMask
 .text.vPortEnterCritical
                0x00080a28       0x18 src/ASF/thirdparty/freertos/freertos-7.3.0/source/portable/gcc/sam/port.o
                0x00080a28                vPortEnterCritical
 .text.vPortClearInterruptMask
                0x00080a40        0x8 src/ASF/thirdparty/freertos/freertos-7.3.0/source/portable/gcc/sam/port.o
                0x00080a40                vPortClearInterruptMask
 .text.vPortExitCritical
                0x00080a48       0x1c src/ASF/thirdparty/freertos/freertos-7.3.0/source/portable/gcc/sam/port.o
                0x00080a48                vPortExitCritical
 .text.PendSV_Handler
                0x00080a64       0x3c src/ASF/thirdparty/freertos/freertos-7.3.0/source/portable/gcc/sam/port.o
                0x00080a64                PendSV_Handler
 .text.SysTick_Handler
                0x00080aa0       0x2c src/ASF/thirdparty/freertos/freertos-7.3.0/source/portable/gcc/sam/port.o
                0x00080aa0                SysTick_Handler
 .text.vPortSetupTimerInterrupt
                0x00080acc       0x18 src/ASF/thirdparty/freertos/freertos-7.3.0/source/portable/gcc/sam/port.o
                0x00080acc                vPortSetupTimerInterrupt
 .text.xPortStartScheduler
                0x00080ae4       0x38 src/ASF/thirdparty/freertos/freertos-7.3.0/source/portable/gcc/sam/port.o
                0x00080ae4                xPortStartScheduler
 .text.prvInsertBlockIntoFreeList
                0x00080b1c       0x58 src/ASF/thirdparty/freertos/freertos-7.3.0/source/portable/memmang/heap_4.o
 .text.pvPortMalloc
                0x00080b74       0xc8 src/ASF/thirdparty/freertos/freertos-7.3.0/source/portable/memmang/heap_4.o
                0x00080b74                pvPortMalloc
 .text.vPortFree
                0x00080c3c       0x38 src/ASF/thirdparty/freertos/freertos-7.3.0/source/portable/memmang/heap_4.o
                0x00080c3c                vPortFree
 .text.prvCopyDataToQueue
                0x00080c74       0x64 src/ASF/thirdparty/freertos/freertos-7.3.0/source/queue.o
 .text.prvCopyDataFromQueue
                0x00080cd8       0x28 src/ASF/thirdparty/freertos/freertos-7.3.0/source/queue.o
 .text.prvUnlockQueue
                0x00080d00       0x90 src/ASF/thirdparty/freertos/freertos-7.3.0/source/queue.o
 .text.xQueueGenericReset
                0x00080d90       0x7c src/ASF/thirdparty/freertos/freertos-7.3.0/source/queue.o
                0x00080d90                xQueueGenericReset
 .text.xQueueGenericCreate
                0x00080e0c       0x58 src/ASF/thirdparty/freertos/freertos-7.3.0/source/queue.o
                0x00080e0c                xQueueGenericCreate
 .text.xQueueGenericSend
                0x00080e64      0x128 src/ASF/thirdparty/freertos/freertos-7.3.0/source/queue.o
                0x00080e64                xQueueGenericSend
 .text.xQueueGenericSendFromISR
                0x00080f8c       0x90 src/ASF/thirdparty/freertos/freertos-7.3.0/source/queue.o
                0x00080f8c                xQueueGenericSendFromISR
 .text.xQueueGenericReceive
                0x0008101c      0x164 src/ASF/thirdparty/freertos/freertos-7.3.0/source/queue.o
                0x0008101c                xQueueGenericReceive
 .text.vQueueWaitForMessageRestricted
                0x00081180       0x4c src/ASF/thirdparty/freertos/freertos-7.3.0/source/queue.o
                0x00081180                vQueueWaitForMessageRestricted
 .text.prvAddCurrentTaskToDelayedList
                0x000811cc       0x5c src/ASF/thirdparty/freertos/freertos-7.3.0/source/tasks.o
 .text.xTaskGenericCreate
                0x00081228      0x204 src/ASF/thirdparty/freertos/freertos-7.3.0/source/tasks.o
                0x00081228                xTaskGenericCreate
 .text.vTaskStartScheduler
                0x0008142c       0x6c src/ASF/thirdparty/freertos/freertos-7.3.0/source/tasks.o
                0x0008142c                vTaskStartScheduler
 .text.vTaskSuspendAll
                0x00081498       0x10 src/ASF/thirdparty/freertos/freertos-7.3.0/source/tasks.o
                0x00081498                vTaskSuspendAll
 .text.xTaskGetTickCount
                0x000814a8       0x20 src/ASF/thirdparty/freertos/freertos-7.3.0/source/tasks.o
                0x000814a8                xTaskGetTickCount
 .text.vTaskIncrementTick
                0x000814c8      0x12c src/ASF/thirdparty/freertos/freertos-7.3.0/source/tasks.o
                0x000814c8                vTaskIncrementTick
 .text.xTaskResumeAll
                0x000815f4      0x104 src/ASF/thirdparty/freertos/freertos-7.3.0/source/tasks.o
                0x000815f4                xTaskResumeAll
 .text.vTaskDelayUntil
                0x000816f8       0x98 src/ASF/thirdparty/freertos/freertos-7.3.0/source/tasks.o
                0x000816f8                vTaskDelayUntil
 .text.prvIdleTask
                0x00081790       0x84 src/ASF/thirdparty/freertos/freertos-7.3.0/source/tasks.o
 .text.vTaskSwitchContext
                0x00081814       0xa4 src/ASF/thirdparty/freertos/freertos-7.3.0/source/tasks.o
                0x00081814                vTaskSwitchContext
 .text.vTaskPlaceOnEventList
                0x000818b8       0x64 src/ASF/thirdparty/freertos/freertos-7.3.0/source/tasks.o
                0x000818b8                vTaskPlaceOnEventList
 .text.vTaskPlaceOnEventListRestricted
                0x0008191c       0x48 src/ASF/thirdparty/freertos/freertos-7.3.0/source/tasks.o
                0x0008191c                vTaskPlaceOnEventListRestricted
 .text.xTaskRemoveFromEventList
                0x00081964       0x84 src/ASF/thirdparty/freertos/freertos-7.3.0/source/tasks.o
                0x00081964                xTaskRemoveFromEventList
 .text.vTaskSetTimeOutState
                0x000819e8       0x28 src/ASF/thirdparty/freertos/freertos-7.3.0/source/tasks.o
                0x000819e8                vTaskSetTimeOutState
 .text.xTaskCheckForTimeOut
                0x00081a10       0x8c src/ASF/thirdparty/freertos/freertos-7.3.0/source/tasks.o
                0x00081a10                xTaskCheckForTimeOut
 .text.vTaskMissedYield
                0x00081a9c        0xc src/ASF/thirdparty/freertos/freertos-7.3.0/source/tasks.o
                0x00081a9c                vTaskMissedYield
 .text.xTaskGetCurrentTaskHandle
                0x00081aa8        0xc src/ASF/thirdparty/freertos/freertos-7.3.0/source/tasks.o
                0x00081aa8                xTaskGetCurrentTaskHandle
 .text.xTaskGetSchedulerState
                0x00081ab4       0x20 src/ASF/thirdparty/freertos/freertos-7.3.0/source/tasks.o
                0x00081ab4                xTaskGetSchedulerState
 .text.vTaskPriorityInherit
                0x00081ad4       0x80 src/ASF/thirdparty/freertos/freertos-7.3.0/source/tasks.o
                0x00081ad4                vTaskPriorityInherit
 .text.vTaskPriorityDisinherit
                0x00081b54       0x50 src/ASF/thirdparty/freertos/freertos-7.3.0/source/tasks.o
                0x00081b54                vTaskPriorityDisinherit
 .text.prvInsertTimerInActiveList
                0x00081ba4       0x50 src/ASF/thirdparty/freertos/freertos-7.3.0/source/timers.o
 .text.prvCheckForValidListAndQueue
                0x00081bf4       0x5c src/ASF/thirdparty/freertos/freertos-7.3.0/source/timers.o
 .text.xTimerCreateTimerTask
                0x00081c50       0x4c src/ASF/thirdparty/freertos/freertos-7.3.0/source/timers.o
                0x00081c50                xTimerCreateTimerTask
 .text.xTimerGenericCommand
                0x00081c9c       0x58 src/ASF/thirdparty/freertos/freertos-7.3.0/source/timers.o
                0x00081c9c                xTimerGenericCommand
 .text.prvSampleTimeNow
                0x00081cf4       0xb8 src/ASF/thirdparty/freertos/freertos-7.3.0/source/timers.o
 .text.prvTimerTask
                0x00081dac      0x180 src/ASF/thirdparty/freertos/freertos-7.3.0/source/timers.o
 .text.sysclk_init
                0x00081f2c       0x64 src/ASF/common/services/clock/sam3x/sysclk.o
                0x00081f2c                sysclk_init
 .text.board_init
                0x00081f90       0x70 src/ASF/sam/boards/arduino_due_x/init.o
                0x00081f90                board_init
 .text.pio_set_peripheral
                0x00082000       0x40 src/ASF/sam/drivers/pio/pio.o
                0x00082000                pio_set_peripheral
 .text.pio_set_input
                0x00082040       0x34 src/ASF/sam/drivers/pio/pio.o
                0x00082040                pio_set_input
 .text.pio_set_output
                0x00082074       0x28 src/ASF/sam/drivers/pio/pio.o
                0x00082074                pio_set_output
 .text.pio_get_interrupt_status
                0x0008209c        0x4 src/ASF/sam/drivers/pio/pio.o
                0x0008209c                pio_get_interrupt_status
 .text.pio_get_interrupt_mask
                0x000820a0        0x4 src/ASF/sam/drivers/pio/pio.o
                0x000820a0                pio_get_interrupt_mask
 .text.pio_configure_pin
                0x000820a4       0xd4 src/ASF/sam/drivers/pio/pio.o
                0x000820a4                pio_configure_pin
 .text.pio_configure_pin_group
                0x00082178       0xa0 src/ASF/sam/drivers/pio/pio.o
                0x00082178                pio_configure_pin_group
 .text.pio_handler_process
                0x00082218       0x50 src/ASF/sam/drivers/pio/pio_handler.o
                0x00082218                pio_handler_process
 .text.PIOA_Handler
                0x00082268       0x14 src/ASF/sam/drivers/pio/pio_handler.o
                0x00082268                PIOA_Handler
 .text.PIOB_Handler
                0x0008227c       0x14 src/ASF/sam/drivers/pio/pio_handler.o
                0x0008227c                PIOB_Handler
 .text.PIOC_Handler
                0x00082290       0x14 src/ASF/sam/drivers/pio/pio_handler.o
                0x00082290                PIOC_Handler
 .text.PIOD_Handler
                0x000822a4       0x14 src/ASF/sam/drivers/pio/pio_handler.o
                0x000822a4                PIOD_Handler
 .text.pmc_switch_mck_to_pllack
                0x000822b8       0x68 src/ASF/sam/drivers/pmc/pmc.o
                0x000822b8                pmc_switch_mck_to_pllack
 .text.pmc_switch_mainck_to_xtal
                0x00082320       0x54 src/ASF/sam/drivers/pmc/pmc.o
                0x00082320                pmc_switch_mainck_to_xtal
 .text.pmc_osc_is_ready_mainck
                0x00082374       0x10 src/ASF/sam/drivers/pmc/pmc.o
                0x00082374                pmc_osc_is_ready_mainck
 .text.pmc_disable_pllack
                0x00082384       0x10 src/ASF/sam/drivers/pmc/pmc.o
                0x00082384                pmc_disable_pllack
 .text.pmc_is_locked_pllack
                0x00082394       0x10 src/ASF/sam/drivers/pmc/pmc.o
                0x00082394                pmc_is_locked_pllack
 .text.pmc_enable_periph_clk
                0x000823a4       0x54 src/ASF/sam/drivers/pmc/pmc.o
                0x000823a4                pmc_enable_periph_clk
 .text.Dummy_Handler
                0x000823f8        0x4 src/ASF/sam/utils/cmsis/sam3x/source/templates/exceptions.o
                0x000823f8                DACC_Handler
                0x000823f8                DebugMon_Handler
                0x000823f8                DMAC_Handler
                0x000823f8                TRNG_Handler
                0x000823f8                HardFault_Handler
                0x000823f8                TC2_Handler
                0x000823f8                USART3_Handler
                0x000823f8                TWI1_Handler
                0x000823f8                NMI_Handler
                0x000823f8                TC7_Handler
                0x000823f8                ADC_Handler
                0x000823f8                SMC_Handler
                0x000823f8                USART0_Handler
                0x000823f8                RTT_Handler
                0x000823f8                EFC1_Handler
                0x000823f8                RTC_Handler
                0x000823f8                UsageFault_Handler
                0x000823f8                TC6_Handler
                0x000823f8                WDT_Handler
                0x000823f8                CAN0_Handler
                0x000823f8                TC4_Handler
                0x000823f8                TC1_Handler
                0x000823f8                HSMCI_Handler
                0x000823f8                TC3_Handler
                0x000823f8                Dummy_Handler
                0x000823f8                TWI0_Handler
                0x000823f8                USART1_Handler
                0x000823f8                SSC_Handler
                0x000823f8                EFC0_Handler
                0x000823f8                PMC_Handler
                0x000823f8                PWM_Handler
                0x000823f8                CAN1_Handler
                0x000823f8                MemManage_Handler
                0x000823f8                SUPC_Handler
                0x000823f8                TC8_Handler
                0x000823f8                USART2_Handler
                0x000823f8                EMAC_Handler
                0x000823f8                UART_Handler
                0x000823f8                BusFault_Handler
                0x000823f8                RSTC_Handler
                0x000823f8                TC0_Handler
                0x000823f8                TC5_Handler
                0x000823f8                UOTGHS_Handler
                0x000823f8                SPI0_Handler
 .text.Reset_Handler
                0x000823fc       0xb0 src/ASF/sam/utils/cmsis/sam3x/source/templates/gcc/startup_sam3x.o
                0x000823fc                Reset_Handler
 .text.SystemCoreClockUpdate
                0x000824ac      0x11c src/ASF/sam/utils/cmsis/sam3x/source/templates/system_sam3x.o
                0x000824ac                SystemCoreClockUpdate
 .text          0x000825c8      0x370 c:/program files (x86)/atmel/studio/7.0/toolchain/arm/arm-gnu-toolchain/bin/../lib/gcc/arm-none-eabi/4.9.3/armv7-m\libgcc.a(_arm_addsubdf3.o)
                0x000825c8                __aeabi_drsub
                0x000825d0                __aeabi_dsub
                0x000825d0                __subdf3
                0x000825d4                __aeabi_dadd
                0x000825d4                __adddf3
                0x0008284c                __floatunsidf
                0x0008284c                __aeabi_ui2d
                0x0008286c                __floatsidf
                0x0008286c                __aeabi_i2d
                0x00082890                __aeabi_f2d
                0x00082890                __extendsfdf2
                0x000828cc                __floatundidf
                0x000828cc                __aeabi_ul2d
                0x000828dc                __floatdidf
                0x000828dc                __aeabi_l2d
 .text          0x00082938      0x424 c:/program files (x86)/atmel/studio/7.0/toolchain/arm/arm-gnu-toolchain/bin/../lib/gcc/arm-none-eabi/4.9.3/armv7-m\libgcc.a(_arm_muldivdf3.o)
                0x00082938                __aeabi_dmul
                0x00082938                __muldf3
                0x00082b8c                __divdf3
                0x00082b8c                __aeabi_ddiv
 .text          0x00082d5c       0xa0 c:/program files (x86)/atmel/studio/7.0/toolchain/arm/arm-gnu-toolchain/bin/../lib/gcc/arm-none-eabi/4.9.3/armv7-m\libgcc.a(_arm_truncdfsf2.o)
                0x00082d5c                __truncdfsf2
                0x00082d5c                __aeabi_d2f
 .text          0x00082dfc      0x21c c:/program files (x86)/atmel/studio/7.0/toolchain/arm/arm-gnu-toolchain/bin/../lib/gcc/arm-none-eabi/4.9.3/armv7-m\libgcc.a(_arm_addsubsf3.o)
                0x00082dfc                __aeabi_frsub
                0x00082e04                __subsf3
                0x00082e04                __aeabi_fsub
                0x00082e08                __aeabi_fadd
                0x00082e08                __addsf3
                0x00082f68                __aeabi_ui2f
                0x00082f68                __floatunsisf
                0x00082f70                __aeabi_i2f
                0x00082f70                __floatsisf
                0x00082f8c                __aeabi_ul2f
                0x00082f8c                __floatundisf
                0x00082f9c                __aeabi_l2f
                0x00082f9c                __floatdisf
 .text          0x00083018       0x40 c:/program files (x86)/atmel/studio/7.0/toolchain/arm/arm-gnu-toolchain/bin/../lib/gcc/arm-none-eabi/4.9.3/armv7-m\libgcc.a(_arm_fixunssfsi.o)
                0x00083018                __fixunssfsi
                0x00083018                __aeabi_f2uiz
 .text.atoi     0x00083058        0x8 c:/program files (x86)/atmel/studio/7.0/toolchain/arm/arm-gnu-toolchain/bin/../lib/gcc/arm-none-eabi/4.9.3/../../../../arm-none-eabi/lib/armv7-m\libc.a(lib_a-atoi.o)
                0x00083058                atoi
 .text.__libc_init_array
                0x00083060       0x50 c:/program files (x86)/atmel/studio/7.0/toolchain/arm/arm-gnu-toolchain/bin/../lib/gcc/arm-none-eabi/4.9.3/../../../../arm-none-eabi/lib/armv7-m\libc.a(lib_a-init.o)
                0x00083060                __libc_init_array
 .text.__itoa   0x000830b0       0x30 c:/program files (x86)/atmel/studio/7.0/toolchain/arm/arm-gnu-toolchain/bin/../lib/gcc/arm-none-eabi/4.9.3/../../../../arm-none-eabi/lib/armv7-m\libc.a(lib_a-itoa.o)
                0x000830b0                __itoa
 .text.itoa     0x000830e0        0x4 c:/program files (x86)/atmel/studio/7.0/toolchain/arm/arm-gnu-toolchain/bin/../lib/gcc/arm-none-eabi/4.9.3/../../../../arm-none-eabi/lib/armv7-m\libc.a(lib_a-itoa.o)
                0x000830e0                itoa
 .text          0x000830e4       0xec c:/program files (x86)/atmel/studio/7.0/toolchain/arm/arm-gnu-toolchain/bin/../lib/gcc/arm-none-eabi/4.9.3/../../../../arm-none-eabi/lib/armv7-m\libc.a(lib_a-memcpy.o)
                0x000830e4                memcpy
 .text.memset   0x000831d0       0x9c c:/program files (x86)/atmel/studio/7.0/toolchain/arm/arm-gnu-toolchain/bin/../lib/gcc/arm-none-eabi/4.9.3/../../../../arm-none-eabi/lib/armv7-m\libc.a(lib_a-memset.o)
                0x000831d0                memset
 .text.strncpy  0x0008326c       0x68 c:/program files (x86)/atmel/studio/7.0/toolchain/arm/arm-gnu-toolchain/bin/../lib/gcc/arm-none-eabi/4.9.3/../../../../arm-none-eabi/lib/armv7-m\libc.a(lib_a-strncpy.o)
                0x0008326c                strncpy
 .text._strtol_r
                0x000832d4      0x11c c:/program files (x86)/atmel/studio/7.0/toolchain/arm/arm-gnu-toolchain/bin/../lib/gcc/arm-none-eabi/4.9.3/../../../../arm-none-eabi/lib/armv7-m\libc.a(lib_a-strtol.o)
                0x000832d4                _strtol_r
 .text.strtol   0x000833f0       0x18 c:/program files (x86)/atmel/studio/7.0/toolchain/arm/arm-gnu-toolchain/bin/../lib/gcc/arm-none-eabi/4.9.3/../../../../arm-none-eabi/lib/armv7-m\libc.a(lib_a-strtol.o)
                0x000833f0                strtol
 .text.__utoa   0x00083408       0x80 c:/program files (x86)/atmel/studio/7.0/toolchain/arm/arm-gnu-toolchain/bin/../lib/gcc/arm-none-eabi/4.9.3/../../../../arm-none-eabi/lib/armv7-m\libc.a(lib_a-utoa.o)
                0x00083408                __utoa
 .text.startup.register_fini
                0x00083488       0x14 c:/program files (x86)/atmel/studio/7.0/toolchain/arm/arm-gnu-toolchain/bin/../lib/gcc/arm-none-eabi/4.9.3/../../../../arm-none-eabi/lib/armv7-m\libc.a(lib_a-__call_atexit.o)
 .text.atexit   0x0008349c        0xc c:/program files (x86)/atmel/studio/7.0/toolchain/arm/arm-gnu-toolchain/bin/../lib/gcc/arm-none-eabi/4.9.3/../../../../arm-none-eabi/lib/armv7-m\libc.a(lib_a-atexit.o)
                0x0008349c                atexit
 .text.__libc_fini_array
                0x000834a8       0x2c c:/program files (x86)/atmel/studio/7.0/toolchain/arm/arm-gnu-toolchain/bin/../lib/gcc/arm-none-eabi/4.9.3/../../../../arm-none-eabi/lib/armv7-m\libc.a(lib_a-fini.o)
                0x000834a8                __libc_fini_array
 .text.__register_exitproc
                0x000834d4       0xa4 c:/program files (x86)/atmel/studio/7.0/toolchain/arm/arm-gnu-toolchain/bin/../lib/gcc/arm-none-eabi/4.9.3/../../../../arm-none-eabi/lib/armv7-m\libc.a(lib_a-__atexit.o)
                0x000834d4                __register_exitproc
 *(.glue_7t)
 .glue_7t       0x00000000        0x0 linker stubs
 *(.glue_7)
 .glue_7        0x00000000        0x0 linker stubs
 *(.rodata .rodata* .gnu.linkonce.r.*)
 .rodata        0x00083578       0x2c src/ASF/sam/drivers/pwm/pwm.o
 .rodata.str1.4
                0x000835a4       0x15 src/main.o
 *fill*         0x000835b9        0x3 
 .rodata.str1.4
                0x000835bc       0x1f src/ASF/thirdparty/freertos/freertos-7.3.0/source/tasks.o
 *fill*         0x000835db        0x1 
 .rodata.str1.4
                0x000835dc        0x8 src/ASF/thirdparty/freertos/freertos-7.3.0/source/timers.o
 .rodata.str1.4
                0x000835e4        0x2 c:/program files (x86)/atmel/studio/7.0/toolchain/arm/arm-gnu-toolchain/bin/../lib/gcc/arm-none-eabi/4.9.3/../../../../arm-none-eabi/lib/armv7-m\libc.a(lib_a-impure.o)
 *fill*         0x000835e6        0x2 
 .rodata._global_impure_ptr
                0x000835e8        0x4 c:/program files (x86)/atmel/studio/7.0/toolchain/arm/arm-gnu-toolchain/bin/../lib/gcc/arm-none-eabi/4.9.3/../../../../arm-none-eabi/lib/armv7-m\libc.a(lib_a-impure.o)
                0x000835e8                _global_impure_ptr
 .rodata.str1.4
                0x000835ec       0x28 c:/program files (x86)/atmel/studio/7.0/toolchain/arm/arm-gnu-toolchain/bin/../lib/gcc/arm-none-eabi/4.9.3/../../../../arm-none-eabi/lib/armv7-m\libc.a(lib_a-utoa.o)
                                 0x25 (size before relaxing)
 .rodata._ctype_
                0x00083614      0x101 c:/program files (x86)/atmel/studio/7.0/toolchain/arm/arm-gnu-toolchain/bin/../lib/gcc/arm-none-eabi/4.9.3/../../../../arm-none-eabi/lib/armv7-m\libc.a(lib_a-ctype_.o)
                0x00083614                _ctype_
 *(.ARM.extab* .gnu.linkonce.armextab.*)
                0x00083718                . = ALIGN (0x4)
 *fill*         0x00083715        0x3 
 *(.init)
 .init          0x00083718        0x4 c:/program files (x86)/atmel/studio/7.0/toolchain/arm/arm-gnu-toolchain/bin/../lib/gcc/arm-none-eabi/4.9.3/armv7-m/crti.o
                0x00083718                _init
 .init          0x0008371c        0x8 c:/program files (x86)/atmel/studio/7.0/toolchain/arm/arm-gnu-toolchain/bin/../lib/gcc/arm-none-eabi/4.9.3/armv7-m/crtn.o
                0x00083724                . = ALIGN (0x4)
                0x00083724                __preinit_array_start = .
 *(.preinit_array)
                0x00083724                __preinit_array_end = .
                0x00083724                . = ALIGN (0x4)
                0x00083724                __init_array_start = .
 *(SORT(.init_array.*))
 .init_array.00000
                0x00083724        0x4 c:/program files (x86)/atmel/studio/7.0/toolchain/arm/arm-gnu-toolchain/bin/../lib/gcc/arm-none-eabi/4.9.3/../../../../arm-none-eabi/lib/armv7-m\libc.a(lib_a-__call_atexit.o)
 *(.init_array)
 .init_array    0x00083728        0x4 c:/program files (x86)/atmel/studio/7.0/toolchain/arm/arm-gnu-toolchain/bin/../lib/gcc/arm-none-eabi/4.9.3/armv7-m/crtbegin.o
                0x0008372c                __init_array_end = .
                0x0008372c                . = ALIGN (0x4)
 *crtbegin.o(.ctors)
 *(EXCLUDE_FILE(*crtend.o) .ctors)
 *(SORT(.ctors.*))
 *crtend.o(.ctors)
                0x0008372c                . = ALIGN (0x4)
 *(.fini)
 .fini          0x0008372c        0x4 c:/program files (x86)/atmel/studio/7.0/toolchain/arm/arm-gnu-toolchain/bin/../lib/gcc/arm-none-eabi/4.9.3/armv7-m/crti.o
                0x0008372c                _fini
 .fini          0x00083730        0x8 c:/program files (x86)/atmel/studio/7.0/toolchain/arm/arm-gnu-toolchain/bin/../lib/gcc/arm-none-eabi/4.9.3/armv7-m/crtn.o
                0x00083738                . = ALIGN (0x4)
                0x00083738                __fini_array_start = .
 *(.fini_array)
 .fini_array    0x00083738        0x4 c:/program files (x86)/atmel/studio/7.0/toolchain/arm/arm-gnu-toolchain/bin/../lib/gcc/arm-none-eabi/4.9.3/armv7-m/crtbegin.o
 *(SORT(.fini_array.*))
                0x0008373c                __fini_array_end = .
 *crtbegin.o(.dtors)
 *(EXCLUDE_FILE(*crtend.o) .dtors)
 *(SORT(.dtors.*))
 *crtend.o(.dtors)
                0x0008373c                . = ALIGN (0x4)
                0x0008373c                _efixed = .
                0x0008373c                PROVIDE (__exidx_start, .)

.vfp11_veneer   0x0008373c        0x0
 .vfp11_veneer  0x00000000        0x0 linker stubs

.v4_bx          0x0008373c        0x0
 .v4_bx         0x00000000        0x0 linker stubs

.iplt           0x0008373c        0x0
 .iplt          0x00000000        0x0 c:/program files (x86)/atmel/studio/7.0/toolchain/arm/arm-gnu-toolchain/bin/../lib/gcc/arm-none-eabi/4.9.3/armv7-m/crtbegin.o

.eh_frame       0x0008373c        0x0
 .eh_frame      0x0008373c        0x0 c:/program files (x86)/atmel/studio/7.0/toolchain/arm/arm-gnu-toolchain/bin/../lib/gcc/arm-none-eabi/4.9.3/armv7-m/crtbegin.o

.rel.dyn        0x0008373c        0x0
 .rel.iplt      0x00000000        0x0 c:/program files (x86)/atmel/studio/7.0/toolchain/arm/arm-gnu-toolchain/bin/../lib/gcc/arm-none-eabi/4.9.3/armv7-m/crtbegin.o

.jcr            0x0008373c        0x0
 .jcr           0x0008373c        0x0 c:/program files (x86)/atmel/studio/7.0/toolchain/arm/arm-gnu-toolchain/bin/../lib/gcc/arm-none-eabi/4.9.3/armv7-m/crtbegin.o

.igot.plt       0x0008373c        0x0
 .igot.plt      0x00000000        0x0 c:/program files (x86)/atmel/studio/7.0/toolchain/arm/arm-gnu-toolchain/bin/../lib/gcc/arm-none-eabi/4.9.3/armv7-m/crtbegin.o

.ARM.exidx
 *(.ARM.exidx* .gnu.linkonce.armexidx.*)
                0x0008373c                PROVIDE (__exidx_end, .)
                0x0008373c                . = ALIGN (0x4)
                0x0008373c                _etext = .

.relocate       0x20070000      0x578 load address 0x0008373c
                0x20070000                . = ALIGN (0x4)
                0x20070000                _srelocate = .
 *(.ramfunc .ramfunc.*)
 .ramfunc       0x20070000      0x12c src/ASF/sam/utils/cmsis/sam3x/source/templates/system_sam3x.o
                0x20070000                SystemInit
                0x200700a4                system_init_flash
 *(.data .data.*)
 .data.p_adc_distance
                0x2007012c        0x4 src/main.o
                0x2007012c                p_adc_distance
 .data.sync     0x20070130        0x4 src/main.o
                0x20070130                sync
 .data.timer    0x20070134        0x2 src/main.o
                0x20070134                timer
 *fill*         0x20070136        0x2 
 .data.uxCriticalNesting
                0x20070138        0x4 src/ASF/thirdparty/freertos/freertos-7.3.0/source/portable/gcc/sam/port.o
 .data.xFreeBytesRemaining
                0x2007013c        0x4 src/ASF/thirdparty/freertos/freertos-7.3.0/source/portable/memmang/heap_4.o
 .data.xNextTaskUnblockTime
                0x20070140        0x2 src/ASF/thirdparty/freertos/freertos-7.3.0/source/tasks.o
 *fill*         0x20070142        0x2 
 .data.SystemCoreClock
                0x20070144        0x4 src/ASF/sam/utils/cmsis/sam3x/source/templates/system_sam3x.o
                0x20070144                SystemCoreClock
 .data.impure_data
                0x20070148      0x428 c:/program files (x86)/atmel/studio/7.0/toolchain/arm/arm-gnu-toolchain/bin/../lib/gcc/arm-none-eabi/4.9.3/../../../../arm-none-eabi/lib/armv7-m\libc.a(lib_a-impure.o)
 .data._impure_ptr
                0x20070570        0x4 c:/program files (x86)/atmel/studio/7.0/toolchain/arm/arm-gnu-toolchain/bin/../lib/gcc/arm-none-eabi/4.9.3/../../../../arm-none-eabi/lib/armv7-m\libc.a(lib_a-impure.o)
                0x20070570                _impure_ptr
 .data.__ctype_ptr__
                0x20070574        0x4 c:/program files (x86)/atmel/studio/7.0/toolchain/arm/arm-gnu-toolchain/bin/../lib/gcc/arm-none-eabi/4.9.3/../../../../arm-none-eabi/lib/armv7-m\libc.a(lib_a-ctype_.o)
                0x20070574                __ctype_ptr__
                0x20070578                . = ALIGN (0x4)
                0x20070578                _erelocate = .

.bss            0x20070578     0x8340 load address 0x00083cb8
                0x20070578                . = ALIGN (0x4)
                0x20070578                _sbss = .
                0x20070578                _szero = .
 *(.bss .bss.*)
 .bss           0x20070578       0x1c c:/program files (x86)/atmel/studio/7.0/toolchain/arm/arm-gnu-toolchain/bin/../lib/gcc/arm-none-eabi/4.9.3/armv7-m/crtbegin.o
 .bss.adc_distance
                0x20070594       0xc8 src/main.o
                0x20070594                adc_distance
 .bss.dac_value
                0x2007065c        0x2 src/main.o
                0x2007065c                dac_value
 *fill*         0x2007065e        0x2 
 .bss.pwm_instance
                0x20070660       0x28 src/pwm_func.o
 .bss.str.8980  0x20070688        0x5 src/task_com.o
 *fill*         0x2007068d        0x3 
 .bss.xbuff.8985
                0x20070690       0x10 src/task_regulate.o
 .bss.xHeap     0x200706a0     0x8000 src/ASF/thirdparty/freertos/freertos-7.3.0/source/portable/memmang/heap_4.o
 .bss.pxEnd     0x200786a0        0x4 src/ASF/thirdparty/freertos/freertos-7.3.0/source/portable/memmang/heap_4.o
 .bss.xStart    0x200786a4        0x8 src/ASF/thirdparty/freertos/freertos-7.3.0/source/portable/memmang/heap_4.o
 .bss.uxMissedTicks
                0x200786ac        0x4 src/ASF/thirdparty/freertos/freertos-7.3.0/source/tasks.o
 .bss.xSuspendedTaskList
                0x200786b0       0x14 src/ASF/thirdparty/freertos/freertos-7.3.0/source/tasks.o
 .bss.pxDelayedTaskList
                0x200786c4        0x4 src/ASF/thirdparty/freertos/freertos-7.3.0/source/tasks.o
 .bss.xSchedulerRunning
                0x200786c8        0x4 src/ASF/thirdparty/freertos/freertos-7.3.0/source/tasks.o
 .bss.uxTasksDeleted
                0x200786cc        0x4 src/ASF/thirdparty/freertos/freertos-7.3.0/source/tasks.o
 .bss.xDelayedTaskList1
                0x200786d0       0x14 src/ASF/thirdparty/freertos/freertos-7.3.0/source/tasks.o
 .bss.xDelayedTaskList2
                0x200786e4       0x14 src/ASF/thirdparty/freertos/freertos-7.3.0/source/tasks.o
 .bss.uxTopReadyPriority
                0x200786f8        0x4 src/ASF/thirdparty/freertos/freertos-7.3.0/source/tasks.o
 .bss.pxReadyTasksLists
                0x200786fc       0xc8 src/ASF/thirdparty/freertos/freertos-7.3.0/source/tasks.o
 .bss.xTasksWaitingTermination
                0x200787c4       0x14 src/ASF/thirdparty/freertos/freertos-7.3.0/source/tasks.o
 .bss.xNumOfOverflows
                0x200787d8        0x4 src/ASF/thirdparty/freertos/freertos-7.3.0/source/tasks.o
 .bss.pxCurrentTCB
                0x200787dc        0x4 src/ASF/thirdparty/freertos/freertos-7.3.0/source/tasks.o
                0x200787dc                pxCurrentTCB
 .bss.xPendingReadyList
                0x200787e0       0x14 src/ASF/thirdparty/freertos/freertos-7.3.0/source/tasks.o
 .bss.uxSchedulerSuspended
                0x200787f4        0x4 src/ASF/thirdparty/freertos/freertos-7.3.0/source/tasks.o
 .bss.xTickCount
                0x200787f8        0x2 src/ASF/thirdparty/freertos/freertos-7.3.0/source/tasks.o
 *fill*         0x200787fa        0x2 
 .bss.pxOverflowDelayedTaskList
                0x200787fc        0x4 src/ASF/thirdparty/freertos/freertos-7.3.0/source/tasks.o
 .bss.uxTaskNumber
                0x20078800        0x4 src/ASF/thirdparty/freertos/freertos-7.3.0/source/tasks.o
 .bss.uxCurrentNumberOfTasks
                0x20078804        0x4 src/ASF/thirdparty/freertos/freertos-7.3.0/source/tasks.o
 .bss.xMissedYield
                0x20078808        0x4 src/ASF/thirdparty/freertos/freertos-7.3.0/source/tasks.o
 .bss.uxTopUsedPriority
                0x2007880c        0x4 src/ASF/thirdparty/freertos/freertos-7.3.0/source/tasks.o
 .bss.pxCurrentTimerList
                0x20078810        0x4 src/ASF/thirdparty/freertos/freertos-7.3.0/source/timers.o
 .bss.xActiveTimerList1
                0x20078814       0x14 src/ASF/thirdparty/freertos/freertos-7.3.0/source/timers.o
 .bss.xActiveTimerList2
                0x20078828       0x14 src/ASF/thirdparty/freertos/freertos-7.3.0/source/timers.o
 .bss.xLastTime.4499
                0x2007883c        0x2 src/ASF/thirdparty/freertos/freertos-7.3.0/source/timers.o
 *fill*         0x2007883e        0x2 
 .bss.xTimerQueue
                0x20078840        0x4 src/ASF/thirdparty/freertos/freertos-7.3.0/source/timers.o
 .bss.pxOverflowTimerList
                0x20078844        0x4 src/ASF/thirdparty/freertos/freertos-7.3.0/source/timers.o
 .bss.gs_interrupt_sources
                0x20078848       0x70 src/ASF/sam/drivers/pio/pio_handler.o
 *(COMMON)
                0x200788b8                . = ALIGN (0x4)
                0x200788b8                _ebss = .
                0x200788b8                _ezero = .

.stack          0x200788b8     0x2000 load address 0x0008bff8
                0x200788b8                . = ALIGN (0x8)
                0x200788b8                _sstack = .
                0x2007a8b8                . = (. + __stack_size__)
 *fill*         0x200788b8     0x2000 
                0x2007a8b8                . = ALIGN (0x8)
                0x2007a8b8                _estack = .
                0x2007a8b8                . = ALIGN (0x4)
                0x2007a8b8                _end = .
OUTPUT(examinationsprojekt.elf elf32-littlearm)

.ARM.attributes
                0x00000000       0x29
 .ARM.attributes
                0x00000000       0x1d c:/program files (x86)/atmel/studio/7.0/toolchain/arm/arm-gnu-toolchain/bin/../lib/gcc/arm-none-eabi/4.9.3/armv7-m/crti.o
 .ARM.attributes
                0x0000001d       0x2d c:/program files (x86)/atmel/studio/7.0/toolchain/arm/arm-gnu-toolchain/bin/../lib/gcc/arm-none-eabi/4.9.3/armv7-m/crtbegin.o
 .ARM.attributes
                0x0000004a       0x33 src/adc_func.o
 .ARM.attributes
                0x0000007d       0x33 src/task_idle.o
 .ARM.attributes
                0x000000b0       0x33 src/uart_recieve_values.o
 .ARM.attributes
                0x000000e3       0x33 src/ASF/sam/drivers/adc/adc.o
 .ARM.attributes
                0x00000116       0x33 src/ASF/sam/drivers/pwm/pwm.o
 .ARM.attributes
                0x00000149       0x33 src/io_uart.o
 .ARM.attributes
                0x0000017c       0x33 src/main.o
 .ARM.attributes
                0x000001af       0x33 src/motorshield.o
 .ARM.attributes
                0x000001e2       0x33 src/pwm_func.o
 .ARM.attributes
                0x00000215       0x33 src/task_com.o
 .ARM.attributes
                0x00000248       0x33 src/task_regulate.o
 .ARM.attributes
                0x0000027b       0x33 src/ASF/thirdparty/freertos/freertos-7.3.0/source/list.o
 .ARM.attributes
                0x000002ae       0x33 src/ASF/thirdparty/freertos/freertos-7.3.0/source/portable/gcc/sam/port.o
 .ARM.attributes
                0x000002e1       0x33 src/ASF/thirdparty/freertos/freertos-7.3.0/source/portable/memmang/heap_4.o
 .ARM.attributes
                0x00000314       0x33 src/ASF/thirdparty/freertos/freertos-7.3.0/source/queue.o
 .ARM.attributes
                0x00000347       0x33 src/ASF/thirdparty/freertos/freertos-7.3.0/source/tasks.o
 .ARM.attributes
                0x0000037a       0x33 src/ASF/thirdparty/freertos/freertos-7.3.0/source/timers.o
 .ARM.attributes
                0x000003ad       0x33 src/ASF/common/services/clock/sam3x/sysclk.o
 .ARM.attributes
                0x000003e0       0x33 src/ASF/sam/boards/arduino_due_x/init.o
 .ARM.attributes
                0x00000413       0x33 src/ASF/sam/drivers/pio/pio.o
 .ARM.attributes
                0x00000446       0x33 src/ASF/sam/drivers/pio/pio_handler.o
 .ARM.attributes
                0x00000479       0x33 src/ASF/sam/drivers/pmc/pmc.o
 .ARM.attributes
                0x000004ac       0x33 src/ASF/sam/utils/cmsis/sam3x/source/templates/exceptions.o
 .ARM.attributes
                0x000004df       0x33 src/ASF/sam/utils/cmsis/sam3x/source/templates/gcc/startup_sam3x.o
 .ARM.attributes
                0x00000512       0x33 src/ASF/sam/utils/cmsis/sam3x/source/templates/system_sam3x.o
 .ARM.attributes
                0x00000545       0x1d c:/program files (x86)/atmel/studio/7.0/toolchain/arm/arm-gnu-toolchain/bin/../lib/gcc/arm-none-eabi/4.9.3/armv7-m\libgcc.a(_arm_addsubdf3.o)
 .ARM.attributes
                0x00000562       0x1d c:/program files (x86)/atmel/studio/7.0/toolchain/arm/arm-gnu-toolchain/bin/../lib/gcc/arm-none-eabi/4.9.3/armv7-m\libgcc.a(_arm_muldivdf3.o)
 .ARM.attributes
                0x0000057f       0x1d c:/program files (x86)/atmel/studio/7.0/toolchain/arm/arm-gnu-toolchain/bin/../lib/gcc/arm-none-eabi/4.9.3/armv7-m\libgcc.a(_arm_truncdfsf2.o)
 .ARM.attributes
                0x0000059c       0x1d c:/program files (x86)/atmel/studio/7.0/toolchain/arm/arm-gnu-toolchain/bin/../lib/gcc/arm-none-eabi/4.9.3/armv7-m\libgcc.a(_arm_addsubsf3.o)
 .ARM.attributes
                0x000005b9       0x1d c:/program files (x86)/atmel/studio/7.0/toolchain/arm/arm-gnu-toolchain/bin/../lib/gcc/arm-none-eabi/4.9.3/armv7-m\libgcc.a(_arm_fixunssfsi.o)
 .ARM.attributes
                0x000005d6       0x2d c:/program files (x86)/atmel/studio/7.0/toolchain/arm/arm-gnu-toolchain/bin/../lib/gcc/arm-none-eabi/4.9.3/../../../../arm-none-eabi/lib/armv7-m\libc.a(lib_a-atoi.o)
 .ARM.attributes
                0x00000603       0x2d c:/program files (x86)/atmel/studio/7.0/toolchain/arm/arm-gnu-toolchain/bin/../lib/gcc/arm-none-eabi/4.9.3/../../../../arm-none-eabi/lib/armv7-m\libc.a(lib_a-impure.o)
 .ARM.attributes
                0x00000630       0x2d c:/program files (x86)/atmel/studio/7.0/toolchain/arm/arm-gnu-toolchain/bin/../lib/gcc/arm-none-eabi/4.9.3/../../../../arm-none-eabi/lib/armv7-m\libc.a(lib_a-init.o)
 .ARM.attributes
                0x0000065d       0x2d c:/program files (x86)/atmel/studio/7.0/toolchain/arm/arm-gnu-toolchain/bin/../lib/gcc/arm-none-eabi/4.9.3/../../../../arm-none-eabi/lib/armv7-m\libc.a(lib_a-itoa.o)
 .ARM.attributes
                0x0000068a       0x1b c:/program files (x86)/atmel/studio/7.0/toolchain/arm/arm-gnu-toolchain/bin/../lib/gcc/arm-none-eabi/4.9.3/../../../../arm-none-eabi/lib/armv7-m\libc.a(lib_a-memcpy.o)
 .ARM.attributes
                0x000006a5       0x2d c:/program files (x86)/atmel/studio/7.0/toolchain/arm/arm-gnu-toolchain/bin/../lib/gcc/arm-none-eabi/4.9.3/../../../../arm-none-eabi/lib/armv7-m\libc.a(lib_a-memset.o)
 .ARM.attributes
                0x000006d2       0x2d c:/program files (x86)/atmel/studio/7.0/toolchain/arm/arm-gnu-toolchain/bin/../lib/gcc/arm-none-eabi/4.9.3/../../../../arm-none-eabi/lib/armv7-m\libc.a(lib_a-strncpy.o)
 .ARM.attributes
                0x000006ff       0x2d c:/program files (x86)/atmel/studio/7.0/toolchain/arm/arm-gnu-toolchain/bin/../lib/gcc/arm-none-eabi/4.9.3/../../../../arm-none-eabi/lib/armv7-m\libc.a(lib_a-strtol.o)
 .ARM.attributes
                0x0000072c       0x2d c:/program files (x86)/atmel/studio/7.0/toolchain/arm/arm-gnu-toolchain/bin/../lib/gcc/arm-none-eabi/4.9.3/../../../../arm-none-eabi/lib/armv7-m\libc.a(lib_a-utoa.o)
 .ARM.attributes
                0x00000759       0x2d c:/program files (x86)/atmel/studio/7.0/toolchain/arm/arm-gnu-toolchain/bin/../lib/gcc/arm-none-eabi/4.9.3/../../../../arm-none-eabi/lib/armv7-m\libc.a(lib_a-__call_atexit.o)
 .ARM.attributes
                0x00000786       0x2d c:/program files (x86)/atmel/studio/7.0/toolchain/arm/arm-gnu-toolchain/bin/../lib/gcc/arm-none-eabi/4.9.3/../../../../arm-none-eabi/lib/armv7-m\libc.a(lib_a-atexit.o)
 .ARM.attributes
                0x000007b3       0x2d c:/program files (x86)/atmel/studio/7.0/toolchain/arm/arm-gnu-toolchain/bin/../lib/gcc/arm-none-eabi/4.9.3/../../../../arm-none-eabi/lib/armv7-m\libc.a(lib_a-ctype_.o)
 .ARM.attributes
                0x000007e0       0x2d c:/program files (x86)/atmel/studio/7.0/toolchain/arm/arm-gnu-toolchain/bin/../lib/gcc/arm-none-eabi/4.9.3/../../../../arm-none-eabi/lib/armv7-m\libc.a(lib_a-fini.o)
 .ARM.attributes
                0x0000080d       0x2d c:/program files (x86)/atmel/studio/7.0/toolchain/arm/arm-gnu-toolchain/bin/../lib/gcc/arm-none-eabi/4.9.3/../../../../arm-none-eabi/lib/armv7-m\libc.a(lib_a-__atexit.o)
 .ARM.attributes
                0x0000083a       0x1d c:/program files (x86)/atmel/studio/7.0/toolchain/arm/arm-gnu-toolchain/bin/../lib/gcc/arm-none-eabi/4.9.3/armv7-m/crtn.o

.comment        0x00000000       0x5b
 .comment       0x00000000       0x5b src/adc_func.o
                                 0x5c (size before relaxing)
 .comment       0x00000000       0x5c src/task_idle.o
 .comment       0x00000000       0x5c src/uart_recieve_values.o
 .comment       0x00000000       0x5c src/ASF/sam/drivers/adc/adc.o
 .comment       0x00000000       0x5c src/ASF/sam/drivers/pwm/pwm.o
 .comment       0x00000000       0x5c src/io_uart.o
 .comment       0x00000000       0x5c src/main.o
 .comment       0x00000000       0x5c src/motorshield.o
 .comment       0x00000000       0x5c src/pwm_func.o
 .comment       0x00000000       0x5c src/task_com.o
 .comment       0x00000000       0x5c src/task_regulate.o
 .comment       0x00000000       0x5c src/ASF/thirdparty/freertos/freertos-7.3.0/source/list.o
 .comment       0x00000000       0x5c src/ASF/thirdparty/freertos/freertos-7.3.0/source/portable/gcc/sam/port.o
 .comment       0x00000000       0x5c src/ASF/thirdparty/freertos/freertos-7.3.0/source/portable/memmang/heap_4.o
 .comment       0x00000000       0x5c src/ASF/thirdparty/freertos/freertos-7.3.0/source/queue.o
 .comment       0x00000000       0x5c src/ASF/thirdparty/freertos/freertos-7.3.0/source/tasks.o
 .comment       0x00000000       0x5c src/ASF/thirdparty/freertos/freertos-7.3.0/source/timers.o
 .comment       0x00000000       0x5c src/ASF/common/services/clock/sam3x/sysclk.o
 .comment       0x00000000       0x5c src/ASF/sam/boards/arduino_due_x/init.o
 .comment       0x00000000       0x5c src/ASF/sam/drivers/pio/pio.o
 .comment       0x00000000       0x5c src/ASF/sam/drivers/pio/pio_handler.o
 .comment       0x00000000       0x5c src/ASF/sam/drivers/pmc/pmc.o
 .comment       0x00000000       0x5c src/ASF/sam/utils/cmsis/sam3x/source/templates/exceptions.o
 .comment       0x00000000       0x5c src/ASF/sam/utils/cmsis/sam3x/source/templates/gcc/startup_sam3x.o
 .comment       0x00000000       0x5c src/ASF/sam/utils/cmsis/sam3x/source/templates/system_sam3x.o

.debug_info     0x00000000    0x14454
 .debug_info    0x00000000      0xec4 src/adc_func.o
 .debug_info    0x00000ec4      0xaaf src/task_idle.o
 .debug_info    0x00001973      0xb1f src/uart_recieve_values.o
 .debug_info    0x00002492     0x118c src/ASF/sam/drivers/adc/adc.o
 .debug_info    0x0000361e     0x1564 src/ASF/sam/drivers/pwm/pwm.o
 .debug_info    0x00004b82     0x1233 src/io_uart.o
 .debug_info    0x00005db5     0x12c2 src/main.o
 .debug_info    0x00007077     0x1156 src/motorshield.o
 .debug_info    0x000081cd     0x16e7 src/pwm_func.o
 .debug_info    0x000098b4     0x111f src/task_com.o
 .debug_info    0x0000a9d3     0x13fb src/task_regulate.o
 .debug_info    0x0000bdce      0x2b7 src/ASF/thirdparty/freertos/freertos-7.3.0/source/list.o
 .debug_info    0x0000c085      0x3a0 src/ASF/thirdparty/freertos/freertos-7.3.0/source/portable/gcc/sam/port.o
 .debug_info    0x0000c425      0x38d src/ASF/thirdparty/freertos/freertos-7.3.0/source/portable/memmang/heap_4.o
 .debug_info    0x0000c7b2      0xea8 src/ASF/thirdparty/freertos/freertos-7.3.0/source/queue.o
 .debug_info    0x0000d65a     0x17f7 src/ASF/thirdparty/freertos/freertos-7.3.0/source/tasks.o
 .debug_info    0x0000ee51      0xb44 src/ASF/thirdparty/freertos/freertos-7.3.0/source/timers.o
 .debug_info    0x0000f995      0x796 src/ASF/common/services/clock/sam3x/sysclk.o
 .debug_info    0x0001012b      0x728 src/ASF/sam/boards/arduino_due_x/init.o
 .debug_info    0x00010853     0x1391 src/ASF/sam/drivers/pio/pio.o
 .debug_info    0x00011be4      0xe51 src/ASF/sam/drivers/pio/pio_handler.o
 .debug_info    0x00012a35     0x1078 src/ASF/sam/drivers/pmc/pmc.o
 .debug_info    0x00013aad      0x124 src/ASF/sam/utils/cmsis/sam3x/source/templates/exceptions.o
 .debug_info    0x00013bd1      0x3bd src/ASF/sam/utils/cmsis/sam3x/source/templates/gcc/startup_sam3x.o
 .debug_info    0x00013f8e      0x4c6 src/ASF/sam/utils/cmsis/sam3x/source/templates/system_sam3x.o

.debug_abbrev   0x00000000     0x35d2
 .debug_abbrev  0x00000000      0x233 src/adc_func.o
 .debug_abbrev  0x00000233      0x1de src/task_idle.o
 .debug_abbrev  0x00000411      0x1fb src/uart_recieve_values.o
 .debug_abbrev  0x0000060c      0x235 src/ASF/sam/drivers/adc/adc.o
 .debug_abbrev  0x00000841      0x240 src/ASF/sam/drivers/pwm/pwm.o
 .debug_abbrev  0x00000a81      0x358 src/io_uart.o
 .debug_abbrev  0x00000dd9      0x2d0 src/main.o
 .debug_abbrev  0x000010a9      0x274 src/motorshield.o
 .debug_abbrev  0x0000131d      0x269 src/pwm_func.o
 .debug_abbrev  0x00001586      0x2bb src/task_com.o
 .debug_abbrev  0x00001841      0x2e5 src/task_regulate.o
 .debug_abbrev  0x00001b26       0xfb src/ASF/thirdparty/freertos/freertos-7.3.0/source/list.o
 .debug_abbrev  0x00001c21      0x246 src/ASF/thirdparty/freertos/freertos-7.3.0/source/portable/gcc/sam/port.o
 .debug_abbrev  0x00001e67      0x220 src/ASF/thirdparty/freertos/freertos-7.3.0/source/portable/memmang/heap_4.o
 .debug_abbrev  0x00002087      0x231 src/ASF/thirdparty/freertos/freertos-7.3.0/source/queue.o
 .debug_abbrev  0x000022b8      0x2d8 src/ASF/thirdparty/freertos/freertos-7.3.0/source/tasks.o
 .debug_abbrev  0x00002590      0x261 src/ASF/thirdparty/freertos/freertos-7.3.0/source/timers.o
 .debug_abbrev  0x000027f1      0x227 src/ASF/common/services/clock/sam3x/sysclk.o
 .debug_abbrev  0x00002a18      0x16d src/ASF/sam/boards/arduino_due_x/init.o
 .debug_abbrev  0x00002b85      0x2d5 src/ASF/sam/drivers/pio/pio.o
 .debug_abbrev  0x00002e5a      0x257 src/ASF/sam/drivers/pio/pio_handler.o
 .debug_abbrev  0x000030b1      0x268 src/ASF/sam/drivers/pmc/pmc.o
 .debug_abbrev  0x00003319       0x8c src/ASF/sam/utils/cmsis/sam3x/source/templates/exceptions.o
 .debug_abbrev  0x000033a5      0x118 src/ASF/sam/utils/cmsis/sam3x/source/templates/gcc/startup_sam3x.o
 .debug_abbrev  0x000034bd      0x115 src/ASF/sam/utils/cmsis/sam3x/source/templates/system_sam3x.o

.debug_loc      0x00000000     0x6e11
 .debug_loc     0x00000000       0x20 src/adc_func.o
 .debug_loc     0x00000020       0x4d src/task_idle.o
 .debug_loc     0x0000006d       0x4c src/uart_recieve_values.o
 .debug_loc     0x000000b9      0x966 src/ASF/sam/drivers/adc/adc.o
 .debug_loc     0x00000a1f      0xc09 src/ASF/sam/drivers/pwm/pwm.o
 .debug_loc     0x00001628      0x13d src/io_uart.o
 .debug_loc     0x00001765       0x38 src/main.o
 .debug_loc     0x0000179d       0x84 src/pwm_func.o
 .debug_loc     0x00001821       0x4d src/task_com.o
 .debug_loc     0x0000186e      0x149 src/task_regulate.o
 .debug_loc     0x000019b7       0x91 src/ASF/thirdparty/freertos/freertos-7.3.0/source/list.o
 .debug_loc     0x00001a48      0x100 src/ASF/thirdparty/freertos/freertos-7.3.0/source/portable/gcc/sam/port.o
 .debug_loc     0x00001b48      0x370 src/ASF/thirdparty/freertos/freertos-7.3.0/source/portable/memmang/heap_4.o
 .debug_loc     0x00001eb8     0x1203 src/ASF/thirdparty/freertos/freertos-7.3.0/source/queue.o
 .debug_loc     0x000030bb     0x14f7 src/ASF/thirdparty/freertos/freertos-7.3.0/source/tasks.o
 .debug_loc     0x000045b2      0x955 src/ASF/thirdparty/freertos/freertos-7.3.0/source/timers.o
 .debug_loc     0x00004f07      0x12d src/ASF/common/services/clock/sam3x/sysclk.o
 .debug_loc     0x00005034       0x20 src/ASF/sam/boards/arduino_due_x/init.o
 .debug_loc     0x00005054      0xb20 src/ASF/sam/drivers/pio/pio.o
 .debug_loc     0x00005b74      0x573 src/ASF/sam/drivers/pio/pio_handler.o
 .debug_loc     0x000060e7      0xccc src/ASF/sam/drivers/pmc/pmc.o
 .debug_loc     0x00006db3       0x5e src/ASF/sam/utils/cmsis/sam3x/source/templates/gcc/startup_sam3x.o

.debug_aranges  0x00000000      0xbf8
 .debug_aranges
                0x00000000       0x20 src/adc_func.o
 .debug_aranges
                0x00000020       0x20 src/task_idle.o
 .debug_aranges
                0x00000040       0x20 src/uart_recieve_values.o
 .debug_aranges
                0x00000060      0x178 src/ASF/sam/drivers/adc/adc.o
 .debug_aranges
                0x000001d8      0x158 src/ASF/sam/drivers/pwm/pwm.o
 .debug_aranges
                0x00000330       0x58 src/io_uart.o
 .debug_aranges
                0x00000388       0x20 src/main.o
 .debug_aranges
                0x000003a8       0x20 src/motorshield.o
 .debug_aranges
                0x000003c8       0x28 src/pwm_func.o
 .debug_aranges
                0x000003f0       0x20 src/task_com.o
 .debug_aranges
                0x00000410       0x20 src/task_regulate.o
 .debug_aranges
                0x00000430       0x40 src/ASF/thirdparty/freertos/freertos-7.3.0/source/list.o
 .debug_aranges
                0x00000470       0x80 src/ASF/thirdparty/freertos/freertos-7.3.0/source/portable/gcc/sam/port.o
 .debug_aranges
                0x000004f0       0x40 src/ASF/thirdparty/freertos/freertos-7.3.0/source/portable/memmang/heap_4.o
 .debug_aranges
                0x00000530       0xc8 src/ASF/thirdparty/freertos/freertos-7.3.0/source/queue.o
 .debug_aranges
                0x000005f8      0x130 src/ASF/thirdparty/freertos/freertos-7.3.0/source/tasks.o
 .debug_aranges
                0x00000728       0x60 src/ASF/thirdparty/freertos/freertos-7.3.0/source/timers.o
 .debug_aranges
                0x00000788       0x40 src/ASF/common/services/clock/sam3x/sysclk.o
 .debug_aranges
                0x000007c8       0x20 src/ASF/sam/boards/arduino_due_x/init.o
 .debug_aranges
                0x000007e8      0x148 src/ASF/sam/drivers/pio/pio.o
 .debug_aranges
                0x00000930       0x58 src/ASF/sam/drivers/pio/pio_handler.o
 .debug_aranges
                0x00000988      0x200 src/ASF/sam/drivers/pmc/pmc.o
 .debug_aranges
                0x00000b88       0x20 src/ASF/sam/utils/cmsis/sam3x/source/templates/exceptions.o
 .debug_aranges
                0x00000ba8       0x20 src/ASF/sam/utils/cmsis/sam3x/source/templates/gcc/startup_sam3x.o
 .debug_aranges
                0x00000bc8       0x30 src/ASF/sam/utils/cmsis/sam3x/source/templates/system_sam3x.o

.debug_ranges   0x00000000      0xb80
 .debug_ranges  0x00000000       0x10 src/adc_func.o
 .debug_ranges  0x00000010       0x10 src/task_idle.o
 .debug_ranges  0x00000020       0x10 src/uart_recieve_values.o
 .debug_ranges  0x00000030      0x168 src/ASF/sam/drivers/adc/adc.o
 .debug_ranges  0x00000198      0x148 src/ASF/sam/drivers/pwm/pwm.o
 .debug_ranges  0x000002e0       0xa8 src/io_uart.o
 .debug_ranges  0x00000388       0x10 src/main.o
 .debug_ranges  0x00000398       0x10 src/motorshield.o
 .debug_ranges  0x000003a8       0x18 src/pwm_func.o
 .debug_ranges  0x000003c0       0x28 src/task_com.o
 .debug_ranges  0x000003e8       0x28 src/task_regulate.o
 .debug_ranges  0x00000410       0x30 src/ASF/thirdparty/freertos/freertos-7.3.0/source/list.o
 .debug_ranges  0x00000440       0x70 src/ASF/thirdparty/freertos/freertos-7.3.0/source/portable/gcc/sam/port.o
 .debug_ranges  0x000004b0       0x30 src/ASF/thirdparty/freertos/freertos-7.3.0/source/portable/memmang/heap_4.o
 .debug_ranges  0x000004e0       0xb8 src/ASF/thirdparty/freertos/freertos-7.3.0/source/queue.o
 .debug_ranges  0x00000598      0x150 src/ASF/thirdparty/freertos/freertos-7.3.0/source/tasks.o
 .debug_ranges  0x000006e8       0xa8 src/ASF/thirdparty/freertos/freertos-7.3.0/source/timers.o
 .debug_ranges  0x00000790       0x30 src/ASF/common/services/clock/sam3x/sysclk.o
 .debug_ranges  0x000007c0       0x10 src/ASF/sam/boards/arduino_due_x/init.o
 .debug_ranges  0x000007d0      0x138 src/ASF/sam/drivers/pio/pio.o
 .debug_ranges  0x00000908       0x48 src/ASF/sam/drivers/pio/pio_handler.o
 .debug_ranges  0x00000950      0x1f0 src/ASF/sam/drivers/pmc/pmc.o
 .debug_ranges  0x00000b40       0x10 src/ASF/sam/utils/cmsis/sam3x/source/templates/exceptions.o
 .debug_ranges  0x00000b50       0x10 src/ASF/sam/utils/cmsis/sam3x/source/templates/gcc/startup_sam3x.o
 .debug_ranges  0x00000b60       0x20 src/ASF/sam/utils/cmsis/sam3x/source/templates/system_sam3x.o

.debug_macro    0x00000000    0x1b14c
 .debug_macro   0x00000000      0x715 src/adc_func.o
 .debug_macro   0x00000715      0x898 src/adc_func.o
 .debug_macro   0x00000fad      0x166 src/adc_func.o
 .debug_macro   0x00001113      0x621 src/adc_func.o
 .debug_macro   0x00001734       0x76 src/adc_func.o
 .debug_macro   0x000017aa       0x16 src/adc_func.o
 .debug_macro   0x000017c0      0x6e4 src/adc_func.o
 .debug_macro   0x00001ea4       0x22 src/adc_func.o
 .debug_macro   0x00001ec6       0x44 src/adc_func.o
 .debug_macro   0x00001f0a       0x58 src/adc_func.o
 .debug_macro   0x00001f62       0x22 src/adc_func.o
 .debug_macro   0x00001f84      0x1df src/adc_func.o
 .debug_macro   0x00002163       0x20 src/adc_func.o
 .debug_macro   0x00002183       0x3a src/adc_func.o
 .debug_macro   0x000021bd       0x2d src/adc_func.o
 .debug_macro   0x000021ea      0xbb1 src/adc_func.o
 .debug_macro   0x00002d9b      0xab6 src/adc_func.o
 .debug_macro   0x00003851      0x569 src/adc_func.o
 .debug_macro   0x00003dba      0x2b5 src/adc_func.o
 .debug_macro   0x0000406f      0x31a src/adc_func.o
 .debug_macro   0x00004389      0x74f src/adc_func.o
 .debug_macro   0x00004ad8       0x82 src/adc_func.o
 .debug_macro   0x00004b5a      0x57b src/adc_func.o
 .debug_macro   0x000050d5       0x1c src/adc_func.o
 .debug_macro   0x000050f1      0x6b7 src/adc_func.o
 .debug_macro   0x000057a8      0x52d src/adc_func.o
 .debug_macro   0x00005cd5       0xbe src/adc_func.o
 .debug_macro   0x00005d93     0x2342 src/adc_func.o
 .debug_macro   0x000080d5      0x85d src/adc_func.o
 .debug_macro   0x00008932      0xdc9 src/adc_func.o
 .debug_macro   0x000096fb       0x7c src/adc_func.o
 .debug_macro   0x00009777      0x263 src/adc_func.o
 .debug_macro   0x000099da       0x58 src/adc_func.o
 .debug_macro   0x00009a32      0x9a7 src/adc_func.o
 .debug_macro   0x0000a3d9      0x248 src/adc_func.o
 .debug_macro   0x0000a621      0x4df src/adc_func.o
 .debug_macro   0x0000ab00      0x6b3 src/adc_func.o
 .debug_macro   0x0000b1b3      0x59f src/adc_func.o
 .debug_macro   0x0000b752       0x46 src/adc_func.o
 .debug_macro   0x0000b798      0x34d src/adc_func.o
 .debug_macro   0x0000bae5      0x28c src/adc_func.o
 .debug_macro   0x0000bd71     0x14d7 src/adc_func.o
 .debug_macro   0x0000d248      0x7ba src/adc_func.o
 .debug_macro   0x0000da02       0x76 src/adc_func.o
 .debug_macro   0x0000da78       0x82 src/adc_func.o
 .debug_macro   0x0000dafa       0x76 src/adc_func.o
 .debug_macro   0x0000db70       0x4c src/adc_func.o
 .debug_macro   0x0000dbbc      0x105 src/adc_func.o
 .debug_macro   0x0000dcc1      0x105 src/adc_func.o
 .debug_macro   0x0000ddc6      0x105 src/adc_func.o
 .debug_macro   0x0000decb       0x88 src/adc_func.o
 .debug_macro   0x0000df53       0x88 src/adc_func.o
 .debug_macro   0x0000dfdb      0x3b4 src/adc_func.o
 .debug_macro   0x0000e38f       0xb8 src/adc_func.o
 .debug_macro   0x0000e447       0xb8 src/adc_func.o
 .debug_macro   0x0000e4ff       0xb8 src/adc_func.o
 .debug_macro   0x0000e5b7       0xb8 src/adc_func.o
 .debug_macro   0x0000e66f      0x2b8 src/adc_func.o
 .debug_macro   0x0000e927      0x125 src/adc_func.o
 .debug_macro   0x0000ea4c      0x225 src/adc_func.o
 .debug_macro   0x0000ec71      0x225 src/adc_func.o
 .debug_macro   0x0000ee96       0x2e src/adc_func.o
 .debug_macro   0x0000eec4       0xac src/adc_func.o
 .debug_macro   0x0000ef70      0x14d src/adc_func.o
 .debug_macro   0x0000f0bd       0x7c src/adc_func.o
 .debug_macro   0x0000f139      0x205 src/adc_func.o
 .debug_macro   0x0000f33e       0x64 src/adc_func.o
 .debug_macro   0x0000f3a2       0xa6 src/adc_func.o
 .debug_macro   0x0000f448       0x7c src/adc_func.o
 .debug_macro   0x0000f4c4       0x16 src/adc_func.o
 .debug_macro   0x0000f4da       0x22 src/adc_func.o
 .debug_macro   0x0000f4fc       0x22 src/adc_func.o
 .debug_macro   0x0000f51e      0x115 src/adc_func.o
 .debug_macro   0x0000f633      0x115 src/adc_func.o
 .debug_macro   0x0000f748      0x115 src/adc_func.o
 .debug_macro   0x0000f85d      0x115 src/adc_func.o
 .debug_macro   0x0000f972       0x1c src/adc_func.o
 .debug_macro   0x0000f98e       0x2e src/adc_func.o
 .debug_macro   0x0000f9bc       0x22 src/adc_func.o
 .debug_macro   0x0000f9de       0x1c src/adc_func.o
 .debug_macro   0x0000f9fa       0x58 src/adc_func.o
 .debug_macro   0x0000fa52       0x10 src/adc_func.o
 .debug_macro   0x0000fa62      0x273 src/adc_func.o
 .debug_macro   0x0000fcd5      0xd43 src/adc_func.o
 .debug_macro   0x00010a18      0x131 src/adc_func.o
 .debug_macro   0x00010b49       0x58 src/adc_func.o
 .debug_macro   0x00010ba1       0x35 src/adc_func.o
 .debug_macro   0x00010bd6       0x9c src/adc_func.o
 .debug_macro   0x00010c72       0x16 src/adc_func.o
 .debug_macro   0x00010c88       0x35 src/adc_func.o
 .debug_macro   0x00010cbd      0x29d src/adc_func.o
 .debug_macro   0x00010f5a       0x10 src/adc_func.o
 .debug_macro   0x00010f6a       0x52 src/adc_func.o
 .debug_macro   0x00010fbc       0x16 src/adc_func.o
 .debug_macro   0x00010fd2       0x43 src/adc_func.o
 .debug_macro   0x00011015      0x180 src/adc_func.o
 .debug_macro   0x00011195       0x10 src/adc_func.o
 .debug_macro   0x000111a5       0x22 src/adc_func.o
 .debug_macro   0x000111c7       0xbe src/adc_func.o
 .debug_macro   0x00011285       0x16 src/adc_func.o
 .debug_macro   0x0001129b      0x197 src/adc_func.o
 .debug_macro   0x00011432       0x22 src/adc_func.o
 .debug_macro   0x00011454       0x16 src/adc_func.o
 .debug_macro   0x0001146a       0x16 src/adc_func.o
 .debug_macro   0x00011480       0x29 src/adc_func.o
 .debug_macro   0x000114a9       0x6e src/adc_func.o
 .debug_macro   0x00011517       0x45 src/adc_func.o
 .debug_macro   0x0001155c      0x3ca src/adc_func.o
 .debug_macro   0x00011926       0x1c src/adc_func.o
 .debug_macro   0x00011942       0x16 src/adc_func.o
 .debug_macro   0x00011958       0x34 src/adc_func.o
 .debug_macro   0x0001198c      0x279 src/adc_func.o
 .debug_macro   0x00011c05      0x790 src/adc_func.o
 .debug_macro   0x00012395       0x5e src/adc_func.o
 .debug_macro   0x000123f3       0x64 src/adc_func.o
 .debug_macro   0x00012457       0x5f src/adc_func.o
 .debug_macro   0x000124b6       0x90 src/adc_func.o
 .debug_macro   0x00012546       0x28 src/adc_func.o
 .debug_macro   0x0001256e       0x23 src/adc_func.o
 .debug_macro   0x00012591       0x46 src/adc_func.o
 .debug_macro   0x000125d7      0x100 src/adc_func.o
 .debug_macro   0x000126d7       0x99 src/adc_func.o
 .debug_macro   0x00012770       0x12 src/adc_func.o
 .debug_macro   0x00012782       0x1f src/adc_func.o
 .debug_macro   0x000127a1      0x1e7 src/adc_func.o
 .debug_macro   0x00012988       0x10 src/adc_func.o
 .debug_macro   0x00012998       0x16 src/adc_func.o
 .debug_macro   0x000129ae       0x5e src/adc_func.o
 .debug_macro   0x00012a0c       0x43 src/adc_func.o
 .debug_macro   0x00012a4f       0x96 src/adc_func.o
 .debug_macro   0x00012ae5       0x77 src/adc_func.o
 .debug_macro   0x00012b5c       0x5d src/adc_func.o
 .debug_macro   0x00012bb9       0x5b src/adc_func.o
 .debug_macro   0x00012c14       0x94 src/adc_func.o
 .debug_macro   0x00012ca8       0x40 src/adc_func.o
 .debug_macro   0x00012ce8       0x70 src/adc_func.o
 .debug_macro   0x00012d58       0x34 src/adc_func.o
 .debug_macro   0x00012d8c       0x10 src/adc_func.o
 .debug_macro   0x00012d9c       0x1c src/adc_func.o
 .debug_macro   0x00012db8       0x2e src/adc_func.o
 .debug_macro   0x00012de6      0x715 src/task_idle.o
 .debug_macro   0x000134fb      0x72f src/uart_recieve_values.o
 .debug_macro   0x00013c2a       0x16 src/uart_recieve_values.o
 .debug_macro   0x00013c40       0x34 src/uart_recieve_values.o
 .debug_macro   0x00013c74      0x4f4 src/ASF/sam/drivers/adc/adc.o
 .debug_macro   0x00014168      0x508 src/ASF/sam/drivers/pwm/pwm.o
 .debug_macro   0x00014670      0x71a src/io_uart.o
 .debug_macro   0x00014d8a       0x2e src/io_uart.o
 .debug_macro   0x00014db8      0x767 src/main.o
 .debug_macro   0x0001551f       0x1c src/main.o
 .debug_macro   0x0001553b       0x28 src/main.o
 .debug_macro   0x00015563       0x16 src/main.o
 .debug_macro   0x00015579      0x714 src/motorshield.o
 .debug_macro   0x00015c8d      0x71e src/pwm_func.o
 .debug_macro   0x000163ab      0x71d src/task_com.o
 .debug_macro   0x00016ac8      0x727 src/task_regulate.o
 .debug_macro   0x000171ef      0x16a src/ASF/thirdparty/freertos/freertos-7.3.0/source/list.o
 .debug_macro   0x00017359      0x10e src/ASF/thirdparty/freertos/freertos-7.3.0/source/list.o
 .debug_macro   0x00017467       0x7f src/ASF/thirdparty/freertos/freertos-7.3.0/source/list.o
 .debug_macro   0x000174e6       0xfa src/ASF/thirdparty/freertos/freertos-7.3.0/source/list.o
 .debug_macro   0x000175e0      0x61a src/ASF/thirdparty/freertos/freertos-7.3.0/source/portable/gcc/sam/port.o
 .debug_macro   0x00017bfa       0x26 src/ASF/thirdparty/freertos/freertos-7.3.0/source/portable/gcc/sam/port.o
 .debug_macro   0x00017c20      0x273 src/ASF/thirdparty/freertos/freertos-7.3.0/source/portable/gcc/sam/port.o
 .debug_macro   0x00017e93      0x18b src/ASF/thirdparty/freertos/freertos-7.3.0/source/portable/memmang/heap_4.o
 .debug_macro   0x0001801e      0x209 src/ASF/thirdparty/freertos/freertos-7.3.0/source/queue.o
 .debug_macro   0x00018227       0x16 src/ASF/thirdparty/freertos/freertos-7.3.0/source/queue.o
 .debug_macro   0x0001823d      0x268 src/ASF/thirdparty/freertos/freertos-7.3.0/source/tasks.o
 .debug_macro   0x000184a5       0x97 src/ASF/thirdparty/freertos/freertos-7.3.0/source/tasks.o
 .debug_macro   0x0001853c       0xef src/ASF/thirdparty/freertos/freertos-7.3.0/source/tasks.o
 .debug_macro   0x0001862b       0xf3 src/ASF/thirdparty/freertos/freertos-7.3.0/source/timers.o
 .debug_macro   0x0001871e      0x554 src/ASF/common/services/clock/sam3x/sysclk.o
 .debug_macro   0x00018c72      0x593 src/ASF/sam/boards/arduino_due_x/init.o
 .debug_macro   0x00019205       0x58 src/ASF/sam/boards/arduino_due_x/init.o
 .debug_macro   0x0001925d       0x6a src/ASF/sam/boards/arduino_due_x/init.o
 .debug_macro   0x000192c7      0x4ef src/ASF/sam/drivers/pio/pio.o
 .debug_macro   0x000197b6       0x8e src/ASF/sam/drivers/pio/pio.o
 .debug_macro   0x00019844      0x4f3 src/ASF/sam/drivers/pio/pio_handler.o
 .debug_macro   0x00019d37      0x4e9 src/ASF/sam/drivers/pmc/pmc.o
 .debug_macro   0x0001a220       0x58 src/ASF/sam/drivers/pmc/pmc.o
 .debug_macro   0x0001a278      0x4e8 src/ASF/sam/utils/cmsis/sam3x/source/templates/exceptions.o
 .debug_macro   0x0001a760      0x4f6 src/ASF/sam/utils/cmsis/sam3x/source/templates/gcc/startup_sam3x.o
 .debug_macro   0x0001ac56      0x4f6 src/ASF/sam/utils/cmsis/sam3x/source/templates/system_sam3x.o

.debug_line     0x00000000    0x141e9
 .debug_line    0x00000000     0x1040 src/adc_func.o
 .debug_line    0x00001040     0x104a src/task_idle.o
 .debug_line    0x0000208a     0x1092 src/uart_recieve_values.o
 .debug_line    0x0000311c      0xe49 src/ASF/sam/drivers/adc/adc.o
 .debug_line    0x00003f65      0xe4d src/ASF/sam/drivers/pwm/pwm.o
 .debug_line    0x00004db2     0x111e src/io_uart.o
 .debug_line    0x00005ed0     0x10e2 src/main.o
 .debug_line    0x00006fb2     0x1053 src/motorshield.o
 .debug_line    0x00008005     0x1065 src/pwm_func.o
 .debug_line    0x0000906a     0x106a src/task_com.o
 .debug_line    0x0000a0d4     0x109a src/task_regulate.o
 .debug_line    0x0000b16e      0x450 src/ASF/thirdparty/freertos/freertos-7.3.0/source/list.o
 .debug_line    0x0000b5be      0xdb6 src/ASF/thirdparty/freertos/freertos-7.3.0/source/portable/gcc/sam/port.o
 .debug_line    0x0000c374      0x4ab src/ASF/thirdparty/freertos/freertos-7.3.0/source/portable/memmang/heap_4.o
 .debug_line    0x0000c81f      0x77c src/ASF/thirdparty/freertos/freertos-7.3.0/source/queue.o
 .debug_line    0x0000cf9b      0x9ee src/ASF/thirdparty/freertos/freertos-7.3.0/source/tasks.o
 .debug_line    0x0000d989      0x4da src/ASF/thirdparty/freertos/freertos-7.3.0/source/timers.o
 .debug_line    0x0000de63      0xc31 src/ASF/common/services/clock/sam3x/sysclk.o
 .debug_line    0x0000ea94      0xcc3 src/ASF/sam/boards/arduino_due_x/init.o
 .debug_line    0x0000f757      0xe2b src/ASF/sam/drivers/pio/pio.o
 .debug_line    0x00010582      0xb71 src/ASF/sam/drivers/pio/pio_handler.o
 .debug_line    0x000110f3     0x105e src/ASF/sam/drivers/pmc/pmc.o
 .debug_line    0x00012151      0xaa3 src/ASF/sam/utils/cmsis/sam3x/source/templates/exceptions.o
 .debug_line    0x00012bf4      0xaed src/ASF/sam/utils/cmsis/sam3x/source/templates/gcc/startup_sam3x.o
 .debug_line    0x000136e1      0xb08 src/ASF/sam/utils/cmsis/sam3x/source/templates/system_sam3x.o

.debug_str      0x00000000    0x68d82
 .debug_str     0x00000000    0x63a68 src/adc_func.o
                              0x63e02 (size before relaxing)
 .debug_str     0x00063a68       0x62 src/task_idle.o
                              0x63ac7 (size before relaxing)
 .debug_str     0x00063aca      0x13f src/uart_recieve_values.o
                              0x63bad (size before relaxing)
 .debug_str     0x00063c09      0x784 src/ASF/sam/drivers/adc/adc.o
                              0x5bfe6 (size before relaxing)
 .debug_str     0x0006438d      0xc4c src/ASF/sam/drivers/pwm/pwm.o
                              0x5c20b (size before relaxing)
 .debug_str     0x00064fd9      0x366 src/io_uart.o
                              0x63f1b (size before relaxing)
 .debug_str     0x0006533f      0x1f3 src/main.o
                              0x64058 (size before relaxing)
 .debug_str     0x00065532       0x78 src/motorshield.o
                              0x63e69 (size before relaxing)
 .debug_str     0x000655aa       0xca src/pwm_func.o
                              0x643dc (size before relaxing)
 .debug_str     0x00065674       0x1b src/task_com.o
                              0x63ec8 (size before relaxing)
 .debug_str     0x0006568f       0x33 src/task_regulate.o
                              0x6402f (size before relaxing)
 .debug_str     0x000656c2      0x165 src/ASF/thirdparty/freertos/freertos-7.3.0/source/list.o
                               0x71f2 (size before relaxing)
 .debug_str     0x00065827      0x539 src/ASF/thirdparty/freertos/freertos-7.3.0/source/portable/gcc/sam/port.o
                              0x613c4 (size before relaxing)
 .debug_str     0x00065d60      0x240 src/ASF/thirdparty/freertos/freertos-7.3.0/source/portable/memmang/heap_4.o
                               0x7606 (size before relaxing)
 .debug_str     0x00065fa0      0x6aa src/ASF/thirdparty/freertos/freertos-7.3.0/source/queue.o
                               0x7c76 (size before relaxing)
 .debug_str     0x0006664a      0xe37 src/ASF/thirdparty/freertos/freertos-7.3.0/source/tasks.o
                               0x956f (size before relaxing)
 .debug_str     0x00067481      0x383 src/ASF/thirdparty/freertos/freertos-7.3.0/source/timers.o
                               0x63ce (size before relaxing)
 .debug_str     0x00067804      0x233 src/ASF/common/services/clock/sam3x/sysclk.o
                              0x5f399 (size before relaxing)
 .debug_str     0x00067a37      0x196 src/ASF/sam/boards/arduino_due_x/init.o
                              0x5fc62 (size before relaxing)
 .debug_str     0x00067bcd      0x428 src/ASF/sam/drivers/pio/pio.o
                              0x5beb8 (size before relaxing)
 .debug_str     0x00067ff5      0x445 src/ASF/sam/drivers/pio/pio_handler.o
                              0x5bf00 (size before relaxing)
 .debug_str     0x0006843a      0x67c src/ASF/sam/drivers/pmc/pmc.o
                              0x5bf2e (size before relaxing)
 .debug_str     0x00068ab6       0x4d src/ASF/sam/utils/cmsis/sam3x/source/templates/exceptions.o
                              0x5b52d (size before relaxing)
 .debug_str     0x00068b03       0xb2 src/ASF/sam/utils/cmsis/sam3x/source/templates/gcc/startup_sam3x.o
                              0x5b602 (size before relaxing)
 .debug_str     0x00068bb5      0x1cd src/ASF/sam/utils/cmsis/sam3x/source/templates/system_sam3x.o
                              0x5b815 (size before relaxing)

.debug_frame    0x00000000     0x1d60
 .debug_frame   0x00000000       0x2c src/adc_func.o
 .debug_frame   0x0000002c       0x30 src/task_idle.o
 .debug_frame   0x0000005c       0x38 src/uart_recieve_values.o
 .debug_frame   0x00000094      0x320 src/ASF/sam/drivers/adc/adc.o
 .debug_frame   0x000003b4      0x31c src/ASF/sam/drivers/pwm/pwm.o
 .debug_frame   0x000006d0       0xa8 src/io_uart.o
 .debug_frame   0x00000778       0x34 src/main.o
 .debug_frame   0x000007ac       0x20 src/motorshield.o
 .debug_frame   0x000007cc       0x48 src/pwm_func.o
 .debug_frame   0x00000814       0x38 src/task_com.o
 .debug_frame   0x0000084c       0x38 src/task_regulate.o
 .debug_frame   0x00000884       0x6c src/ASF/thirdparty/freertos/freertos-7.3.0/source/list.o
 .debug_frame   0x000008f0      0x100 src/ASF/thirdparty/freertos/freertos-7.3.0/source/portable/gcc/sam/port.o
 .debug_frame   0x000009f0       0x84 src/ASF/thirdparty/freertos/freertos-7.3.0/source/portable/memmang/heap_4.o
 .debug_frame   0x00000a74      0x26c src/ASF/thirdparty/freertos/freertos-7.3.0/source/queue.o
 .debug_frame   0x00000ce0      0x3b4 src/ASF/thirdparty/freertos/freertos-7.3.0/source/tasks.o
 .debug_frame   0x00001094      0x11c src/ASF/thirdparty/freertos/freertos-7.3.0/source/timers.o
 .debug_frame   0x000011b0       0x88 src/ASF/common/services/clock/sam3x/sysclk.o
 .debug_frame   0x00001238       0x28 src/ASF/sam/boards/arduino_due_x/init.o
 .debug_frame   0x00001260      0x2b8 src/ASF/sam/drivers/pio/pio.o
 .debug_frame   0x00001518       0xf8 src/ASF/sam/drivers/pio/pio_handler.o
 .debug_frame   0x00001610      0x450 src/ASF/sam/drivers/pmc/pmc.o
 .debug_frame   0x00001a60       0x20 src/ASF/sam/utils/cmsis/sam3x/source/templates/exceptions.o
 .debug_frame   0x00001a80       0x28 src/ASF/sam/utils/cmsis/sam3x/source/templates/gcc/startup_sam3x.o
 .debug_frame   0x00001aa8       0x40 src/ASF/sam/utils/cmsis/sam3x/source/templates/system_sam3x.o
 .debug_frame   0x00001ae8       0x30 c:/program files (x86)/atmel/studio/7.0/toolchain/arm/arm-gnu-toolchain/bin/../lib/gcc/arm-none-eabi/4.9.3/../../../../arm-none-eabi/lib/armv7-m\libc.a(lib_a-atoi.o)
 .debug_frame   0x00001b18       0x2c c:/program files (x86)/atmel/studio/7.0/toolchain/arm/arm-gnu-toolchain/bin/../lib/gcc/arm-none-eabi/4.9.3/../../../../arm-none-eabi/lib/armv7-m\libc.a(lib_a-init.o)
 .debug_frame   0x00001b44       0x3c c:/program files (x86)/atmel/studio/7.0/toolchain/arm/arm-gnu-toolchain/bin/../lib/gcc/arm-none-eabi/4.9.3/../../../../arm-none-eabi/lib/armv7-m\libc.a(lib_a-itoa.o)
 .debug_frame   0x00001b80       0x34 c:/program files (x86)/atmel/studio/7.0/toolchain/arm/arm-gnu-toolchain/bin/../lib/gcc/arm-none-eabi/4.9.3/../../../../arm-none-eabi/lib/armv7-m\libc.a(lib_a-memset.o)
 .debug_frame   0x00001bb4       0x34 c:/program files (x86)/atmel/studio/7.0/toolchain/arm/arm-gnu-toolchain/bin/../lib/gcc/arm-none-eabi/4.9.3/../../../../arm-none-eabi/lib/armv7-m\libc.a(lib_a-strncpy.o)
 .debug_frame   0x00001be8       0x54 c:/program files (x86)/atmel/studio/7.0/toolchain/arm/arm-gnu-toolchain/bin/../lib/gcc/arm-none-eabi/4.9.3/../../../../arm-none-eabi/lib/armv7-m\libc.a(lib_a-strtol.o)
 .debug_frame   0x00001c3c       0x4c c:/program files (x86)/atmel/studio/7.0/toolchain/arm/arm-gnu-toolchain/bin/../lib/gcc/arm-none-eabi/4.9.3/../../../../arm-none-eabi/lib/armv7-m\libc.a(lib_a-utoa.o)
 .debug_frame   0x00001c88       0x50 c:/program files (x86)/atmel/studio/7.0/toolchain/arm/arm-gnu-toolchain/bin/../lib/gcc/arm-none-eabi/4.9.3/../../../../arm-none-eabi/lib/armv7-m\libc.a(lib_a-__call_atexit.o)
 .debug_frame   0x00001cd8       0x20 c:/program files (x86)/atmel/studio/7.0/toolchain/arm/arm-gnu-toolchain/bin/../lib/gcc/arm-none-eabi/4.9.3/../../../../arm-none-eabi/lib/armv7-m\libc.a(lib_a-atexit.o)
 .debug_frame   0x00001cf8       0x34 c:/program files (x86)/atmel/studio/7.0/toolchain/arm/arm-gnu-toolchain/bin/../lib/gcc/arm-none-eabi/4.9.3/../../../../arm-none-eabi/lib/armv7-m\libc.a(lib_a-fini.o)
 .debug_frame   0x00001d2c       0x34 c:/program files (x86)/atmel/studio/7.0/toolchain/arm/arm-gnu-toolchain/bin/../lib/gcc/arm-none-eabi/4.9.3/../../../../arm-none-eabi/lib/armv7-m\libc.a(lib_a-__atexit.o)

Cross Reference Table

Symbol                                            File
ADC_Handler                                       src/ASF/sam/utils/cmsis/sam3x/source/templates/exceptions.o
                                                  src/ASF/sam/utils/cmsis/sam3x/source/templates/gcc/startup_sam3x.o
BusFault_Handler                                  src/ASF/sam/utils/cmsis/sam3x/source/templates/exceptions.o
                                                  src/ASF/sam/utils/cmsis/sam3x/source/templates/gcc/startup_sam3x.o
CAN0_Handler                                      src/ASF/sam/utils/cmsis/sam3x/source/templates/exceptions.o
                                                  src/ASF/sam/utils/cmsis/sam3x/source/templates/gcc/startup_sam3x.o
CAN1_Handler                                      src/ASF/sam/utils/cmsis/sam3x/source/templates/exceptions.o
                                                  src/ASF/sam/utils/cmsis/sam3x/source/templates/gcc/startup_sam3x.o
DACC_Handler                                      src/ASF/sam/utils/cmsis/sam3x/source/templates/exceptions.o
                                                  src/ASF/sam/utils/cmsis/sam3x/source/templates/gcc/startup_sam3x.o
DMAC_Handler                                      src/ASF/sam/utils/cmsis/sam3x/source/templates/exceptions.o
                                                  src/ASF/sam/utils/cmsis/sam3x/source/templates/gcc/startup_sam3x.o
DebugMon_Handler                                  src/ASF/sam/utils/cmsis/sam3x/source/templates/exceptions.o
                                                  src/ASF/sam/utils/cmsis/sam3x/source/templates/gcc/startup_sam3x.o
Dummy_Handler                                     src/ASF/sam/utils/cmsis/sam3x/source/templates/exceptions.o
EFC0_Handler                                      src/ASF/sam/utils/cmsis/sam3x/source/templates/exceptions.o
                                                  src/ASF/sam/utils/cmsis/sam3x/source/templates/gcc/startup_sam3x.o
EFC1_Handler                                      src/ASF/sam/utils/cmsis/sam3x/source/templates/exceptions.o
                                                  src/ASF/sam/utils/cmsis/sam3x/source/templates/gcc/startup_sam3x.o
EMAC_Handler                                      src/ASF/sam/utils/cmsis/sam3x/source/templates/exceptions.o
                                                  src/ASF/sam/utils/cmsis/sam3x/source/templates/gcc/startup_sam3x.o
FreeRTOS_CLIGetOutputBuffer                       src/ASF/thirdparty/freertos/freertos-7.3.0/source/FreeRTOS_CLI.o
FreeRTOS_CLIGetParameter                          src/ASF/thirdparty/freertos/freertos-7.3.0/source/FreeRTOS_CLI.o
FreeRTOS_CLIProcessCommand                        src/ASF/thirdparty/freertos/freertos-7.3.0/source/FreeRTOS_CLI.o
FreeRTOS_CLIRegisterCommand                       src/ASF/thirdparty/freertos/freertos-7.3.0/source/FreeRTOS_CLI.o
HSMCI_Handler                                     src/ASF/sam/utils/cmsis/sam3x/source/templates/exceptions.o
                                                  src/ASF/sam/utils/cmsis/sam3x/source/templates/gcc/startup_sam3x.o
HardFault_Handler                                 src/ASF/sam/utils/cmsis/sam3x/source/templates/exceptions.o
                                                  src/ASF/sam/utils/cmsis/sam3x/source/templates/gcc/startup_sam3x.o
MemManage_Handler                                 src/ASF/sam/utils/cmsis/sam3x/source/templates/exceptions.o
                                                  src/ASF/sam/utils/cmsis/sam3x/source/templates/gcc/startup_sam3x.o
NMI_Handler                                       src/ASF/sam/utils/cmsis/sam3x/source/templates/exceptions.o
                                                  src/ASF/sam/utils/cmsis/sam3x/source/templates/gcc/startup_sam3x.o
PIOA_Handler                                      src/ASF/sam/drivers/pio/pio_handler.o
                                                  src/ASF/sam/utils/cmsis/sam3x/source/templates/gcc/startup_sam3x.o
PIOB_Handler                                      src/ASF/sam/drivers/pio/pio_handler.o
                                                  src/ASF/sam/utils/cmsis/sam3x/source/templates/gcc/startup_sam3x.o
PIOC_Handler                                      src/ASF/sam/drivers/pio/pio_handler.o
                                                  src/ASF/sam/utils/cmsis/sam3x/source/templates/gcc/startup_sam3x.o
PIOD_Handler                                      src/ASF/sam/drivers/pio/pio_handler.o
                                                  src/ASF/sam/utils/cmsis/sam3x/source/templates/gcc/startup_sam3x.o
PMC_Handler                                       src/ASF/sam/utils/cmsis/sam3x/source/templates/exceptions.o
                                                  src/ASF/sam/utils/cmsis/sam3x/source/templates/gcc/startup_sam3x.o
PWM_Handler                                       src/ASF/sam/utils/cmsis/sam3x/source/templates/exceptions.o
                                                  src/ASF/sam/utils/cmsis/sam3x/source/templates/gcc/startup_sam3x.o
PendSV_Handler                                    src/ASF/thirdparty/freertos/freertos-7.3.0/source/portable/gcc/sam/port.o
                                                  src/ASF/sam/utils/cmsis/sam3x/source/templates/gcc/startup_sam3x.o
RSTC_Handler                                      src/ASF/sam/utils/cmsis/sam3x/source/templates/exceptions.o
                                                  src/ASF/sam/utils/cmsis/sam3x/source/templates/gcc/startup_sam3x.o
RTC_Handler                                       src/ASF/sam/utils/cmsis/sam3x/source/templates/exceptions.o
                                                  src/ASF/sam/utils/cmsis/sam3x/source/templates/gcc/startup_sam3x.o
RTT_Handler                                       src/ASF/sam/utils/cmsis/sam3x/source/templates/exceptions.o
                                                  src/ASF/sam/utils/cmsis/sam3x/source/templates/gcc/startup_sam3x.o
Reset_Handler                                     src/ASF/sam/utils/cmsis/sam3x/source/templates/gcc/startup_sam3x.o
SMC_Handler                                       src/ASF/sam/utils/cmsis/sam3x/source/templates/exceptions.o
                                                  src/ASF/sam/utils/cmsis/sam3x/source/templates/gcc/startup_sam3x.o
SPI0_Handler                                      src/ASF/sam/utils/cmsis/sam3x/source/templates/exceptions.o
                                                  src/ASF/sam/utils/cmsis/sam3x/source/templates/gcc/startup_sam3x.o
SSC_Handler                                       src/ASF/sam/utils/cmsis/sam3x/source/templates/exceptions.o
                                                  src/ASF/sam/utils/cmsis/sam3x/source/templates/gcc/startup_sam3x.o
SUPC_Handler                                      src/ASF/sam/utils/cmsis/sam3x/source/templates/exceptions.o
                                                  src/ASF/sam/utils/cmsis/sam3x/source/templates/gcc/startup_sam3x.o
SVC_Handler                                       src/ASF/thirdparty/freertos/freertos-7.3.0/source/portable/gcc/sam/port.o
                                                  src/ASF/sam/utils/cmsis/sam3x/source/templates/gcc/startup_sam3x.o
SysTick_Handler                                   src/ASF/thirdparty/freertos/freertos-7.3.0/source/portable/gcc/sam/port.o
                                                  src/ASF/sam/utils/cmsis/sam3x/source/templates/gcc/startup_sam3x.o
SystemCoreClock                                   src/ASF/sam/utils/cmsis/sam3x/source/templates/system_sam3x.o
SystemCoreClockUpdate                             src/ASF/sam/utils/cmsis/sam3x/source/templates/system_sam3x.o
                                                  src/ASF/common/services/clock/sam3x/sysclk.o
SystemInit                                        src/ASF/sam/utils/cmsis/sam3x/source/templates/system_sam3x.o
TC0_Handler                                       src/ASF/sam/utils/cmsis/sam3x/source/templates/exceptions.o
                                                  src/ASF/sam/utils/cmsis/sam3x/source/templates/gcc/startup_sam3x.o
TC1_Handler                                       src/ASF/sam/utils/cmsis/sam3x/source/templates/exceptions.o
                                                  src/ASF/sam/utils/cmsis/sam3x/source/templates/gcc/startup_sam3x.o
TC2_Handler                                       src/ASF/sam/utils/cmsis/sam3x/source/templates/exceptions.o
                                                  src/ASF/sam/utils/cmsis/sam3x/source/templates/gcc/startup_sam3x.o
TC3_Handler                                       src/ASF/sam/utils/cmsis/sam3x/source/templates/exceptions.o
                                                  src/ASF/sam/utils/cmsis/sam3x/source/templates/gcc/startup_sam3x.o
TC4_Handler                                       src/ASF/sam/utils/cmsis/sam3x/source/templates/exceptions.o
                                                  src/ASF/sam/utils/cmsis/sam3x/source/templates/gcc/startup_sam3x.o
TC5_Handler                                       src/ASF/sam/utils/cmsis/sam3x/source/templates/exceptions.o
                                                  src/ASF/sam/utils/cmsis/sam3x/source/templates/gcc/startup_sam3x.o
TC6_Handler                                       src/ASF/sam/utils/cmsis/sam3x/source/templates/exceptions.o
                                                  src/ASF/sam/utils/cmsis/sam3x/source/templates/gcc/startup_sam3x.o
TC7_Handler                                       src/ASF/sam/utils/cmsis/sam3x/source/templates/exceptions.o
                                                  src/ASF/sam/utils/cmsis/sam3x/source/templates/gcc/startup_sam3x.o
TC8_Handler                                       src/ASF/sam/utils/cmsis/sam3x/source/templates/exceptions.o
                                                  src/ASF/sam/utils/cmsis/sam3x/source/templates/gcc/startup_sam3x.o
TRNG_Handler                                      src/ASF/sam/utils/cmsis/sam3x/source/templates/exceptions.o
                                                  src/ASF/sam/utils/cmsis/sam3x/source/templates/gcc/startup_sam3x.o
TWI0_Handler                                      src/ASF/sam/utils/cmsis/sam3x/source/templates/exceptions.o
                                                  src/ASF/sam/utils/cmsis/sam3x/source/templates/gcc/startup_sam3x.o
TWI1_Handler                                      src/ASF/sam/utils/cmsis/sam3x/source/templates/exceptions.o
                                                  src/ASF/sam/utils/cmsis/sam3x/source/templates/gcc/startup_sam3x.o
UART_Handler                                      src/ASF/sam/utils/cmsis/sam3x/source/templates/exceptions.o
                                                  src/ASF/sam/utils/cmsis/sam3x/source/templates/gcc/startup_sam3x.o
UOTGHS_Handler                                    src/ASF/sam/utils/cmsis/sam3x/source/templates/exceptions.o
                                                  src/ASF/sam/utils/cmsis/sam3x/source/templates/gcc/startup_sam3x.o
USART0_Handler                                    src/ASF/sam/utils/cmsis/sam3x/source/templates/exceptions.o
                                                  src/ASF/sam/utils/cmsis/sam3x/source/templates/gcc/startup_sam3x.o
USART1_Handler                                    src/ASF/sam/utils/cmsis/sam3x/source/templates/exceptions.o
                                                  src/ASF/sam/utils/cmsis/sam3x/source/templates/gcc/startup_sam3x.o
USART2_Handler                                    src/ASF/sam/utils/cmsis/sam3x/source/templates/exceptions.o
                                                  src/ASF/sam/utils/cmsis/sam3x/source/templates/gcc/startup_sam3x.o
USART3_Handler                                    src/ASF/sam/utils/cmsis/sam3x/source/templates/exceptions.o
                                                  src/ASF/sam/utils/cmsis/sam3x/source/templates/gcc/startup_sam3x.o
UsageFault_Handler                                src/ASF/sam/utils/cmsis/sam3x/source/templates/exceptions.o
                                                  src/ASF/sam/utils/cmsis/sam3x/source/templates/gcc/startup_sam3x.o